Archive member included to satisfy reference by file (symbol)

c:/users/prateek karkare/.p2/pool/plugins/fr.ac6.mcu.externaltools.arm-none.win32_1.13.1.201701200843/tools/compiler/bin/../lib/gcc/arm-none-eabi/5.4.1/armv7e-m/fpu\libgcc.a(_arm_addsubdf3.o)
                              DataLog/User/datalog_application.o (__aeabi_i2d)
c:/users/prateek karkare/.p2/pool/plugins/fr.ac6.mcu.externaltools.arm-none.win32_1.13.1.201701200843/tools/compiler/bin/../lib/gcc/arm-none-eabi/5.4.1/armv7e-m/fpu\libgcc.a(_arm_muldivdf3.o)
                              DataLog/User/datalog_application.o (__aeabi_dmul)
c:/users/prateek karkare/.p2/pool/plugins/fr.ac6.mcu.externaltools.arm-none.win32_1.13.1.201701200843/tools/compiler/bin/../lib/gcc/arm-none-eabi/5.4.1/armv7e-m/fpu\libgcc.a(_arm_fixdfsi.o)
                              DataLog/User/datalog_application.o (__aeabi_d2iz)
c:/users/prateek karkare/.p2/pool/plugins/fr.ac6.mcu.externaltools.arm-none.win32_1.13.1.201701200843/tools/compiler/bin/../lib/gcc/arm-none-eabi/5.4.1/armv7e-m/fpu\libgcc.a(_aeabi_ldivmod.o)
                              Drivers/BSP/Components/LSM303AGR_ACC_driver.o (__aeabi_ldivmod)
c:/users/prateek karkare/.p2/pool/plugins/fr.ac6.mcu.externaltools.arm-none.win32_1.13.1.201701200843/tools/compiler/bin/../lib/gcc/arm-none-eabi/5.4.1/armv7e-m/fpu\libgcc.a(_udivmoddi4.o)
                              c:/users/prateek karkare/.p2/pool/plugins/fr.ac6.mcu.externaltools.arm-none.win32_1.13.1.201701200843/tools/compiler/bin/../lib/gcc/arm-none-eabi/5.4.1/armv7e-m/fpu\libgcc.a(_aeabi_ldivmod.o) (__udivmoddi4)
c:/users/prateek karkare/.p2/pool/plugins/fr.ac6.mcu.externaltools.arm-none.win32_1.13.1.201701200843/tools/compiler/bin/../lib/gcc/arm-none-eabi/5.4.1/armv7e-m/fpu\libgcc.a(_dvmd_tls.o)
                              c:/users/prateek karkare/.p2/pool/plugins/fr.ac6.mcu.externaltools.arm-none.win32_1.13.1.201701200843/tools/compiler/bin/../lib/gcc/arm-none-eabi/5.4.1/armv7e-m/fpu\libgcc.a(_aeabi_ldivmod.o) (__aeabi_ldiv0)
c:/users/prateek karkare/.p2/pool/plugins/fr.ac6.mcu.externaltools.arm-none.win32_1.13.1.201701200843/tools/compiler/bin/../lib/gcc/arm-none-eabi/5.4.1/../../../../arm-none-eabi/lib/armv7e-m/fpu\libc_nano.a(lib_a-errno.o)
                              DataLog/User/syscalls.o (__errno)
c:/users/prateek karkare/.p2/pool/plugins/fr.ac6.mcu.externaltools.arm-none.win32_1.13.1.201701200843/tools/compiler/bin/../lib/gcc/arm-none-eabi/5.4.1/../../../../arm-none-eabi/lib/armv7e-m/fpu\libc_nano.a(lib_a-exit.o)
                              c:/users/prateek karkare/.p2/pool/plugins/fr.ac6.mcu.externaltools.arm-none.win32_1.13.1.201701200843/tools/compiler/bin/../lib/gcc/arm-none-eabi/5.4.1/../../../../arm-none-eabi/lib/armv7e-m/fpu/crt0.o (exit)
c:/users/prateek karkare/.p2/pool/plugins/fr.ac6.mcu.externaltools.arm-none.win32_1.13.1.201701200843/tools/compiler/bin/../lib/gcc/arm-none-eabi/5.4.1/../../../../arm-none-eabi/lib/armv7e-m/fpu\libc_nano.a(lib_a-impure.o)
                              c:/users/prateek karkare/.p2/pool/plugins/fr.ac6.mcu.externaltools.arm-none.win32_1.13.1.201701200843/tools/compiler/bin/../lib/gcc/arm-none-eabi/5.4.1/../../../../arm-none-eabi/lib/armv7e-m/fpu\libc_nano.a(lib_a-exit.o) (_global_impure_ptr)
c:/users/prateek karkare/.p2/pool/plugins/fr.ac6.mcu.externaltools.arm-none.win32_1.13.1.201701200843/tools/compiler/bin/../lib/gcc/arm-none-eabi/5.4.1/../../../../arm-none-eabi/lib/armv7e-m/fpu\libc_nano.a(lib_a-init.o)
                              c:/users/prateek karkare/.p2/pool/plugins/fr.ac6.mcu.externaltools.arm-none.win32_1.13.1.201701200843/tools/compiler/bin/../lib/gcc/arm-none-eabi/5.4.1/../../../../arm-none-eabi/lib/armv7e-m/fpu/crt0.o (__libc_init_array)
c:/users/prateek karkare/.p2/pool/plugins/fr.ac6.mcu.externaltools.arm-none.win32_1.13.1.201701200843/tools/compiler/bin/../lib/gcc/arm-none-eabi/5.4.1/../../../../arm-none-eabi/lib/armv7e-m/fpu\libc_nano.a(lib_a-malloc.o)
                              Middlewares/FatFs/syscall.o (malloc)
c:/users/prateek karkare/.p2/pool/plugins/fr.ac6.mcu.externaltools.arm-none.win32_1.13.1.201701200843/tools/compiler/bin/../lib/gcc/arm-none-eabi/5.4.1/../../../../arm-none-eabi/lib/armv7e-m/fpu\libc_nano.a(lib_a-memcpy-stub.o)
                              DataLog/User/datalog_application.o (memcpy)
c:/users/prateek karkare/.p2/pool/plugins/fr.ac6.mcu.externaltools.arm-none.win32_1.13.1.201701200843/tools/compiler/bin/../lib/gcc/arm-none-eabi/5.4.1/../../../../arm-none-eabi/lib/armv7e-m/fpu\libc_nano.a(lib_a-memset.o)
                              c:/users/prateek karkare/.p2/pool/plugins/fr.ac6.mcu.externaltools.arm-none.win32_1.13.1.201701200843/tools/compiler/bin/../lib/gcc/arm-none-eabi/5.4.1/../../../../arm-none-eabi/lib/armv7e-m/fpu/crt0.o (memset)
[...]
Memory Configuration

Name             Origin             Length             Attributes
FLASH            0x08004000         0x00040000         xr
RAM              0x20000000         0x00018000         xrw
SRAM2            0x10000000         0x00008000         xrw
*default*        0x00000000         0xffffffff

Linker script and memory map

LOAD c:/users/prateek karkare/.p2/pool/plugins/fr.ac6.mcu.externaltools.arm-none.win32_1.13.1.201701200843/tools/compiler/bin/../lib/gcc/arm-none-eabi/5.4.1/armv7e-m/fpu/crti.o
LOAD c:/users/prateek karkare/.p2/pool/plugins/fr.ac6.mcu.externaltools.arm-none.win32_1.13.1.201701200843/tools/compiler/bin/../lib/gcc/arm-none-eabi/5.4.1/armv7e-m/fpu/crtbegin.o
LOAD c:/users/prateek karkare/.p2/pool/plugins/fr.ac6.mcu.externaltools.arm-none.win32_1.13.1.201701200843/tools/compiler/bin/../lib/gcc/arm-none-eabi/5.4.1/../../../../arm-none-eabi/lib/armv7e-m/fpu/crt0.o
LOAD c:/users/prateek karkare/.p2/pool/plugins/fr.ac6.mcu.externaltools.arm-none.win32_1.13.1.201701200843/tools/compiler/bin/../lib/gcc/arm-none-eabi/5.4.1/../../../../arm-none-eabi/lib/armv7e-m/fpu\libm.a
LOAD DataLog/SW4STM32/startup_stm32l476xx.o
LOAD DataLog/User/cube_hal_l4.o
LOAD DataLog/User/datalog_application.o
LOAD DataLog/User/main.o
LOAD DataLog/User/stm32l4xx_hal_msp.o
LOAD DataLog/User/stm32l4xx_it.o
LOAD DataLog/User/syscalls.o
LOAD DataLog/User/usbd_cdc_interface.o
LOAD DataLog/User/usbd_conf.o
LOAD DataLog/User/usbd_desc.o
LOAD Drivers/BSP/Components/HTS221_Driver.o
LOAD Drivers/BSP/Components/HTS221_Driver_HL.o
LOAD Drivers/BSP/Components/LPS22HB_Driver.o
LOAD Drivers/BSP/Components/LPS22HB_Driver_HL.o
LOAD Drivers/BSP/Components/LSM303AGR_ACC_driver.o
LOAD Drivers/BSP/Components/LSM303AGR_ACC_driver_HL.o
LOAD Drivers/BSP/Components/LSM303AGR_MAG_driver.o
LOAD Drivers/BSP/Components/LSM303AGR_MAG_driver_HL.o
LOAD Drivers/BSP/Components/LSM6DSM_ACC_GYRO_driver.o
LOAD Drivers/BSP/Components/LSM6DSM_ACC_GYRO_driver_HL.o
LOAD Drivers/BSP/Components/STC3115_Driver.o
LOAD Drivers/BSP/SensorTile/SensorTile.o
LOAD Drivers/BSP/SensorTile/SensorTile_accelero.o
LOAD Drivers/BSP/SensorTile/SensorTile_gg.o
LOAD Drivers/BSP/SensorTile/SensorTile_gyro.o
LOAD Drivers/BSP/SensorTile/SensorTile_humidity.o
LOAD Drivers/BSP/SensorTile/SensorTile_magneto.o
LOAD Drivers/BSP/SensorTile/SensorTile_pressure.o
LOAD Drivers/BSP/SensorTile/SensorTile_sd.o
LOAD Drivers/BSP/SensorTile/SensorTile_temperature.o
LOAD Drivers/CMSIS/system_stm32l4xx.o
LOAD Drivers/STM32L4xx_HAL_Driver/stm32l4xx_hal.o
LOAD Drivers/STM32L4xx_HAL_Driver/stm32l4xx_hal_cortex.o
LOAD Drivers/STM32L4xx_HAL_Driver/stm32l4xx_hal_dma.o
LOAD Drivers/STM32L4xx_HAL_Driver/stm32l4xx_hal_gpio.o
LOAD Drivers/STM32L4xx_HAL_Driver/stm32l4xx_hal_i2c.o
LOAD Drivers/STM32L4xx_HAL_Driver/stm32l4xx_hal_i2c_ex.o
LOAD Drivers/STM32L4xx_HAL_Driver/stm32l4xx_hal_pcd.o
LOAD Drivers/STM32L4xx_HAL_Driver/stm32l4xx_hal_pcd_ex.o
LOAD Drivers/STM32L4xx_HAL_Driver/stm32l4xx_hal_pwr.o
LOAD Drivers/STM32L4xx_HAL_Driver/stm32l4xx_hal_pwr_ex.o
LOAD Drivers/STM32L4xx_HAL_Driver/stm32l4xx_hal_rcc.o
LOAD Drivers/STM32L4xx_HAL_Driver/stm32l4xx_hal_rcc_ex.o
LOAD Drivers/STM32L4xx_HAL_Driver/stm32l4xx_hal_rtc.o
LOAD Drivers/STM32L4xx_HAL_Driver/stm32l4xx_hal_rtc_ex.o
LOAD Drivers/STM32L4xx_HAL_Driver/stm32l4xx_hal_spi.o
LOAD Drivers/STM32L4xx_HAL_Driver/stm32l4xx_hal_spi_ex.o
LOAD Drivers/STM32L4xx_HAL_Driver/stm32l4xx_hal_tim.o
LOAD Drivers/STM32L4xx_HAL_Driver/stm32l4xx_hal_tim_ex.o
LOAD Drivers/STM32L4xx_HAL_Driver/stm32l4xx_ll_usb.o
LOAD Middlewares/FatFs/diskio.o
LOAD Middlewares/FatFs/ff.o
LOAD Middlewares/FatFs/ff_gen_drv.o
LOAD Middlewares/FatFs/sd_diskio.o
LOAD Middlewares/FatFs/syscall.o
LOAD Middlewares/FatFs/unicode.o
LOAD Middlewares/STM32_USBD_Library/Class/usbd_cdc.o
LOAD Middlewares/STM32_USBD_Library/Core/usbd_core.o
LOAD Middlewares/STM32_USBD_Library/Core/usbd_ctlreq.o
LOAD Middlewares/STM32_USBD_Library/Core/usbd_ioreq.o
START GROUP
LOAD c:/users/prateek karkare/.p2/pool/plugins/fr.ac6.mcu.externaltools.arm-none.win32_1.13.1.201701200843/tools/compiler/bin/../lib/gcc/arm-none-eabi/5.4.1/armv7e-m/fpu\libgcc.a
LOAD c:/users/prateek karkare/.p2/pool/plugins/fr.ac6.mcu.externaltools.arm-none.win32_1.13.1.201701200843/tools/compiler/bin/../lib/gcc/arm-none-eabi/5.4.1/../../../../arm-none-eabi/lib/armv7e-m/fpu\libc_nano.a
END GROUP
START GROUP
LOAD c:/users/prateek karkare/.p2/pool/plugins/fr.ac6.mcu.externaltools.arm-none.win32_1.13.1.201701200843/tools/compiler/bin/../lib/gcc/arm-none-eabi/5.4.1/armv7e-m/fpu\libgcc.a
LOAD c:/users/prateek karkare/.p2/pool/plugins/fr.ac6.mcu.externaltools.arm-none.win32_1.13.1.201701200843/tools/compiler/bin/../lib/gcc/arm-none-eabi/5.4.1/../../../../arm-none-eabi/lib/armv7e-m/fpu\libc_nano.a
END GROUP
LOAD c:/users/prateek karkare/.p2/pool/plugins/fr.ac6.mcu.externaltools.arm-none.win32_1.13.1.201701200843/tools/compiler/bin/../lib/gcc/arm-none-eabi/5.4.1/armv7e-m/fpu/crtend.o
LOAD c:/users/prateek karkare/.p2/pool/plugins/fr.ac6.mcu.externaltools.arm-none.win32_1.13.1.201701200843/tools/compiler/bin/../lib/gcc/arm-none-eabi/5.4.1/armv7e-m/fpu/crtn.o
                0x20017fff                _estack = 0x20017fff
                0x00002000                _Min_Heap_Size = 0x2000
                0x00002000                _Min_Stack_Size = 0x2000

.isr_vector     0x08004000      0x188
                0x08004000                . = ALIGN (0x8)
 *(.isr_vector)
 .isr_vector    0x08004000      0x188 DataLog/SW4STM32/startup_stm32l476xx.o
                0x08004000                g_pfnVectors
                0x08004188                . = ALIGN (0x8)

.text           0x08004190    0x15530
                0x08004190                . = ALIGN (0x8)
 *(.text)
 .text          0x08004190       0x5c c:/users/prateek karkare/.p2/pool/plugins/fr.ac6.mcu.externaltools.arm-none.win32_1.13.1.201701200843/tools/compiler/bin/../lib/gcc/arm-none-eabi/5.4.1/armv7e-m/fpu/crtbegin.o
 .text          0x080041ec       0xa0 c:/users/prateek karkare/.p2/pool/plugins/fr.ac6.mcu.externaltools.arm-none.win32_1.13.1.201701200843/tools/compiler/bin/../lib/gcc/arm-none-eabi/5.4.1/armv7e-m/fpu\libgcc.a(_aeabi_ldivmod.o)
                0x080041ec                __aeabi_ldivmod
 .text          0x0800428c      0x2e4 c:/users/prateek karkare/.p2/pool/plugins/fr.ac6.mcu.externaltools.arm-none.win32_1.13.1.201701200843/tools/compiler/bin/../lib/gcc/arm-none-eabi/5.4.1/armv7e-m/fpu\libgcc.a(_udivmoddi4.o)
                0x0800428c                __udivmoddi4
 .text          0x08004570        0x4 c:/users/prateek karkare/.p2/pool/plugins/fr.ac6.mcu.externaltools.arm-none.win32_1.13.1.201701200843/tools/compiler/bin/../lib/gcc/arm-none-eabi/5.4.1/armv7e-m/fpu\libgcc.a(_dvmd_tls.o)
                0x08004570                __aeabi_idiv0
                0x08004570                __aeabi_ldiv0
 *fill*         0x08004574        0xc 
 .text          0x08004580       0xa0 c:/users/prateek karkare/.p2/pool/plugins/fr.ac6.mcu.externaltools.arm-none.win32_1.13.1.201701200843/tools/compiler/bin/../lib/gcc/arm-none-eabi/5.4.1/../../../../arm-none-eabi/lib/armv7e-m/fpu\libc_nano.a(lib_a-memchr.o)
                0x08004580                memchr
 *(.text*)
 .text.Reset_Handler
                0x08004620       0x50 DataLog/SW4STM32/startup_stm32l476xx.o
                0x08004620                Reset_Handler
 .text.Default_Handler
                0x08004670        0x2 DataLog/SW4STM32/startup_stm32l476xx.o
                0x08004670                RTC_Alarm_IRQHandler
                0x08004670                TIM8_TRG_COM_IRQHandler
                0x08004670                TIM8_CC_IRQHandler
                0x08004670                TIM1_CC_IRQHandler
                0x08004670                TSC_IRQHandler
                0x08004670                TAMP_STAMP_IRQHandler
                0x08004670                PendSV_Handler
                0x08004670                EXTI3_IRQHandler
                0x08004670                LPTIM2_IRQHandler
                0x08004670                DFSDM1_FLT1_IRQHandler
                0x08004670                I2C3_ER_IRQHandler
                0x08004670                DFSDM1_FLT2_IRQHandler
                0x08004670                EXTI0_IRQHandler
                0x08004670                I2C2_EV_IRQHandler
                0x08004670                CAN1_RX0_IRQHandler
                0x08004670                FPU_IRQHandler
                0x08004670                TIM1_UP_TIM16_IRQHandler
                0x08004670                UsageFault_Handler
                0x08004670                ADC1_2_IRQHandler
                0x08004670                SPI1_IRQHandler
                0x08004670                TIM6_DAC_IRQHandler
                0x08004670                TIM8_UP_IRQHandler
                0x08004670                DMA2_Channel2_IRQHandler
                0x08004670                DMA1_Channel4_IRQHandler
                0x08004670                SAI2_IRQHandler
                0x08004670                DFSDM1_FLT3_IRQHandler
                0x08004670                USART3_IRQHandler
                0x08004670                DMA1_Channel7_IRQHandler
                0x08004670                CAN1_RX1_IRQHandler
                0x08004670                LCD_IRQHandler
                0x08004670                UART5_IRQHandler
                0x08004670                ADC3_IRQHandler
                0x08004670                TIM4_IRQHandler
                0x08004670                DMA2_Channel1_IRQHandler
                0x08004670                QUADSPI_IRQHandler
                0x08004670                I2C1_EV_IRQHandler
                0x08004670                DMA1_Channel6_IRQHandler
                0x08004670                UART4_IRQHandler
                0x08004670                DMA2_Channel4_IRQHandler
                0x08004670                RCC_IRQHandler
                0x08004670                DMA1_Channel1_IRQHandler
                0x08004670                Default_Handler
                0x08004670                DMA2_Channel7_IRQHandler
                0x08004670                EXTI15_10_IRQHandler
                0x08004670                TIM7_IRQHandler
                0x08004670                SDMMC1_IRQHandler
                0x08004670                TIM5_IRQHandler
                0x08004670                I2C3_EV_IRQHandler
                0x08004670                EXTI9_5_IRQHandler
                0x08004670                RTC_WKUP_IRQHandler
                0x08004670                PVD_PVM_IRQHandler
                0x08004670                SPI2_IRQHandler
                0x08004670                MemManage_Handler
                0x08004670                CAN1_TX_IRQHandler
                0x08004670                SVC_Handler
                0x08004670                DMA2_Channel5_IRQHandler
                0x08004670                DMA1_Channel5_IRQHandler
                0x08004670                EXTI4_IRQHandler
                0x08004670                RNG_IRQHandler
                0x08004670                TIM1_TRG_COM_TIM17_IRQHandler
                0x08004670                DMA1_Channel3_IRQHandler
                0x08004670                COMP_IRQHandler
                0x08004670                WWDG_IRQHandler
                0x08004670                LPUART1_IRQHandler
                0x08004670                DMA2_Channel6_IRQHandler
                0x08004670                TIM2_IRQHandler
                0x08004670                EXTI1_IRQHandler
                0x08004670                USART2_IRQHandler
                0x08004670                DFSDM1_FLT0_IRQHandler
                0x08004670                I2C2_ER_IRQHandler
                0x08004670                DMA1_Channel2_IRQHandler
                0x08004670                TIM8_BRK_IRQHandler
                0x08004670                CAN1_SCE_IRQHandler
                0x08004670                FLASH_IRQHandler
                0x08004670                BusFault_Handler
                0x08004670                USART1_IRQHandler
                0x08004670                SPI3_IRQHandler
                0x08004670                I2C1_ER_IRQHandler
                0x08004670                FMC_IRQHandler
                0x08004670                SWPMI1_IRQHandler
                0x08004670                LPTIM1_IRQHandler
                0x08004670                SAI1_IRQHandler
                0x08004670                DMA2_Channel3_IRQHandler
                0x08004670                TIM1_BRK_TIM15_IRQHandler
 *fill*         0x08004672        0x2 
 .text.SystemClock_Config
                0x08004674      0x144 DataLog/User/cube_hal_l4.o
                0x08004674                SystemClock_Config
 .text.Error_Handler
                0x080047b8        0x8 DataLog/User/cube_hal_l4.o
 .text.DATALOG_SD_Init
                0x080047c0       0x54 DataLog/User/datalog_application.o
                0x080047c0                DATALOG_SD_Init
 .text.main     0x08004814       0x9c DataLog/User/main.o
                0x08004814                main
 .text.initializeAllSensors
                0x080048b0       0xf4 DataLog/User/main.o
 .text.disableAllSensors
                0x080049a4       0x78 DataLog/User/main.o
                0x080049a4                disableAllSensors
 .text.RTC_Config
                0x08004a1c       0x4c DataLog/User/main.o
 .text.RTC_TimeStampConfig
                0x08004a68       0x68 DataLog/User/main.o
 .text.HAL_GPIO_EXTI_Callback
                0x08004ad0       0x20 DataLog/User/main.o
                0x08004ad0                HAL_GPIO_EXTI_Callback
 .text.Error_Handler
                0x08004af0        0x8 DataLog/User/main.o
 .text.HAL_RTC_MspInit
                0x08004af8       0x34 DataLog/User/stm32l4xx_hal_msp.o
                0x08004af8                HAL_RTC_MspInit
 .text.NMI_Handler
                0x08004b2c       0x10 DataLog/User/stm32l4xx_it.o
                0x08004b2c                NMI_Handler
 .text.HardFault_Handler
                0x08004b3c        0x8 DataLog/User/stm32l4xx_it.o
                0x08004b3c                HardFault_Handler
 .text.DebugMon_Handler
                0x08004b44       0x10 DataLog/User/stm32l4xx_it.o
                0x08004b44                DebugMon_Handler
 .text.SysTick_Handler
                0x08004b54        0xc DataLog/User/stm32l4xx_it.o
                0x08004b54                SysTick_Handler
 .text.OTG_FS_IRQHandler
                0x08004b60       0x14 DataLog/User/stm32l4xx_it.o
                0x08004b60                OTG_FS_IRQHandler
 .text.TIM3_IRQHandler
                0x08004b74       0x14 DataLog/User/stm32l4xx_it.o
                0x08004b74                TIM3_IRQHandler
 .text.EXTI2_IRQHandler
                0x08004b88       0x10 DataLog/User/stm32l4xx_it.o
                0x08004b88                EXTI2_IRQHandler
 .text._sbrk    0x08004b98       0x58 DataLog/User/syscalls.o
                0x08004b98                _sbrk
 .text._write   0x08004bf0       0x38 DataLog/User/syscalls.o
                0x08004bf0                _write
 .text._close   0x08004c28       0x18 DataLog/User/syscalls.o
                0x08004c28                _close
 .text._fstat   0x08004c40       0x20 DataLog/User/syscalls.o
                0x08004c40                _fstat
 .text._isatty  0x08004c60       0x18 DataLog/User/syscalls.o
                0x08004c60                _isatty
 .text._lseek   0x08004c78       0x1c DataLog/User/syscalls.o
                0x08004c78                _lseek
 .text._read    0x08004c94       0x24 DataLog/User/syscalls.o
                0x08004c94                _read
 .text.CDC_Itf_Init
                0x08004cb8       0x74 DataLog/User/usbd_cdc_interface.o
 .text.CDC_Itf_DeInit
                0x08004d2c       0x10 DataLog/User/usbd_cdc_interface.o
 .text.CDC_Itf_Control
                0x08004d3c      0x15c DataLog/User/usbd_cdc_interface.o
 .text.CDC_Fill_Buffer
                0x08004e98       0x54 DataLog/User/usbd_cdc_interface.o
                0x08004e98                CDC_Fill_Buffer
 .text.HAL_TIM_PeriodElapsedCallback
                0x08004eec       0x90 DataLog/User/usbd_cdc_interface.o
                0x08004eec                HAL_TIM_PeriodElapsedCallback
 .text.CDC_Itf_Receive
                0x08004f7c       0xec DataLog/User/usbd_cdc_interface.o
 .text.receive_complete
                0x08005068       0xdc DataLog/User/usbd_cdc_interface.o
                0x08005068                receive_complete
 .text.TIM_Config
                0x08005144       0x40 DataLog/User/usbd_cdc_interface.o
 .text.Error_Handler
                0x08005184       0x10 DataLog/User/usbd_cdc_interface.o
 .text.HAL_PCD_MspInit
                0x08005194       0x78 DataLog/User/usbd_conf.o
                0x08005194                HAL_PCD_MspInit
 .text.HAL_PCD_SetupStageCallback
                0x0800520c       0x24 DataLog/User/usbd_conf.o
                0x0800520c                HAL_PCD_SetupStageCallback
 .text.HAL_PCD_DataOutStageCallback
                0x08005230       0x38 DataLog/User/usbd_conf.o
                0x08005230                HAL_PCD_DataOutStageCallback
 .text.HAL_PCD_DataInStageCallback
                0x08005268       0x34 DataLog/User/usbd_conf.o
                0x08005268                HAL_PCD_DataInStageCallback
 .text.HAL_PCD_SOFCallback
                0x0800529c       0x1c DataLog/User/usbd_conf.o
                0x0800529c                HAL_PCD_SOFCallback
 .text.HAL_PCD_ResetCallback
                0x080052b8       0x2c DataLog/User/usbd_conf.o
                0x080052b8                HAL_PCD_ResetCallback
 .text.HAL_PCD_SuspendCallback
                0x080052e4       0x1c DataLog/User/usbd_conf.o
                0x080052e4                HAL_PCD_SuspendCallback
 .text.HAL_PCD_ResumeCallback
                0x08005300       0x1c DataLog/User/usbd_conf.o
                0x08005300                HAL_PCD_ResumeCallback
 .text.HAL_PCD_ISOOUTIncompleteCallback
                0x0800531c       0x24 DataLog/User/usbd_conf.o
                0x0800531c                HAL_PCD_ISOOUTIncompleteCallback
 .text.HAL_PCD_ISOINIncompleteCallback
                0x08005340       0x24 DataLog/User/usbd_conf.o
                0x08005340                HAL_PCD_ISOINIncompleteCallback
 .text.HAL_PCD_ConnectCallback
                0x08005364       0x1c DataLog/User/usbd_conf.o
                0x08005364                HAL_PCD_ConnectCallback
 .text.HAL_PCD_DisconnectCallback
                0x08005380       0x1c DataLog/User/usbd_conf.o
                0x08005380                HAL_PCD_DisconnectCallback
 .text.USBD_LL_Init
                0x0800539c       0x94 DataLog/User/usbd_conf.o
                0x0800539c                USBD_LL_Init
 .text.USBD_LL_Start
                0x08005430       0x20 DataLog/User/usbd_conf.o
                0x08005430                USBD_LL_Start
 .text.USBD_LL_OpenEP
                0x08005450       0x34 DataLog/User/usbd_conf.o
                0x08005450                USBD_LL_OpenEP
 .text.USBD_LL_CloseEP
                0x08005484       0x28 DataLog/User/usbd_conf.o
                0x08005484                USBD_LL_CloseEP
 .text.USBD_LL_StallEP
                0x080054ac       0x28 DataLog/User/usbd_conf.o
                0x080054ac                USBD_LL_StallEP
 .text.USBD_LL_ClearStallEP
                0x080054d4       0x28 DataLog/User/usbd_conf.o
                0x080054d4                USBD_LL_ClearStallEP
 .text.USBD_LL_IsStallEP
                0x080054fc       0x58 DataLog/User/usbd_conf.o
                0x080054fc                USBD_LL_IsStallEP
 .text.USBD_LL_SetUSBAddress
                0x08005554       0x28 DataLog/User/usbd_conf.o
                0x08005554                USBD_LL_SetUSBAddress
 .text.USBD_LL_Transmit
                0x0800557c       0x30 DataLog/User/usbd_conf.o
                0x0800557c                USBD_LL_Transmit
 .text.USBD_LL_PrepareReceive
                0x080055ac       0x30 DataLog/User/usbd_conf.o
                0x080055ac                USBD_LL_PrepareReceive
 .text.USBD_LL_GetRxDataSize
                0x080055dc       0x28 DataLog/User/usbd_conf.o
                0x080055dc                USBD_LL_GetRxDataSize
 .text.USBD_VCP_DeviceDescriptor
                0x08005604       0x24 DataLog/User/usbd_desc.o
                0x08005604                USBD_VCP_DeviceDescriptor
 .text.USBD_VCP_LangIDStrDescriptor
                0x08005628       0x24 DataLog/User/usbd_desc.o
                0x08005628                USBD_VCP_LangIDStrDescriptor
 .text.USBD_VCP_ProductStrDescriptor
                0x0800564c       0x28 DataLog/User/usbd_desc.o
                0x0800564c                USBD_VCP_ProductStrDescriptor
 .text.USBD_VCP_ManufacturerStrDescriptor
                0x08005674       0x28 DataLog/User/usbd_desc.o
                0x08005674                USBD_VCP_ManufacturerStrDescriptor
 .text.USBD_VCP_SerialStrDescriptor
                0x0800569c       0x24 DataLog/User/usbd_desc.o
                0x0800569c                USBD_VCP_SerialStrDescriptor
 .text.USBD_VCP_ConfigStrDescriptor
                0x080056c0       0x28 DataLog/User/usbd_desc.o
                0x080056c0                USBD_VCP_ConfigStrDescriptor
 .text.USBD_VCP_InterfaceStrDescriptor
                0x080056e8       0x28 DataLog/User/usbd_desc.o
                0x080056e8                USBD_VCP_InterfaceStrDescriptor
 .text.Get_SerialNum
                0x08005710       0x58 DataLog/User/usbd_desc.o
 .text.IntToUnicode
                0x08005768       0x7c DataLog/User/usbd_desc.o
 .text.HTS221_ReadReg
                0x080057e4       0x34 Drivers/BSP/Components/HTS221_Driver.o
                0x080057e4                HTS221_ReadReg
 .text.HTS221_WriteReg
                0x08005818       0x34 Drivers/BSP/Components/HTS221_Driver.o
                0x08005818                HTS221_WriteReg
 .text.HTS221_Get_DeviceID
                0x0800584c       0x2c Drivers/BSP/Components/HTS221_Driver.o
                0x0800584c                HTS221_Get_DeviceID
 .text.HTS221_Get_Humidity
                0x08005878      0x154 Drivers/BSP/Components/HTS221_Driver.o
                0x08005878                HTS221_Get_Humidity
 .text.HTS221_Get_Temperature
                0x080059cc      0x14c Drivers/BSP/Components/HTS221_Driver.o
                0x080059cc                HTS221_Get_Temperature
 .text.HTS221_Get_DataStatus
                0x08005b18       0x48 Drivers/BSP/Components/HTS221_Driver.o
                0x08005b18                HTS221_Get_DataStatus
 .text.HTS221_Activate
                0x08005b60       0x4c Drivers/BSP/Components/HTS221_Driver.o
                0x08005b60                HTS221_Activate
 .text.HTS221_DeActivate
                0x08005bac       0x4c Drivers/BSP/Components/HTS221_Driver.o
                0x08005bac                HTS221_DeActivate
 .text.HTS221_Set_BduMode
                0x08005bf8       0x7c Drivers/BSP/Components/HTS221_Driver.o
                0x08005bf8                HTS221_Set_BduMode
 .text.HTS221_Set_Odr
                0x08005c74       0x80 Drivers/BSP/Components/HTS221_Driver.o
                0x08005c74                HTS221_Set_Odr
 .text.HTS221_Get_Odr
                0x08005cf4       0x3c Drivers/BSP/Components/HTS221_Driver.o
                0x08005cf4                HTS221_Get_Odr
 .text.HTS221_assert_failed
                0x08005d30       0x1c Drivers/BSP/Components/HTS221_Driver.o
                0x08005d30                HTS221_assert_failed
 .text.HTS221_H_Init
                0x08005d4c       0x44 Drivers/BSP/Components/HTS221_Driver_HL.o
 .text.HTS221_H_DeInit
                0x08005d90       0x44 Drivers/BSP/Components/HTS221_Driver_HL.o
 .text.HTS221_H_Sensor_Enable
                0x08005dd4       0x50 Drivers/BSP/Components/HTS221_Driver_HL.o
 .text.HTS221_H_Sensor_Disable
                0x08005e24       0x50 Drivers/BSP/Components/HTS221_Driver_HL.o
 .text.HTS221_H_Get_WhoAmI
                0x08005e74       0x1c Drivers/BSP/Components/HTS221_Driver_HL.o
 .text.HTS221_H_Check_WhoAmI
                0x08005e90       0x18 Drivers/BSP/Components/HTS221_Driver_HL.o
 .text.HTS221_H_Get_Hum
                0x08005ea8       0x1c Drivers/BSP/Components/HTS221_Driver_HL.o
 .text.HTS221_H_Get_ODR
                0x08005ec4       0x1c Drivers/BSP/Components/HTS221_Driver_HL.o
 .text.HTS221_H_Set_ODR
                0x08005ee0       0x20 Drivers/BSP/Components/HTS221_Driver_HL.o
 .text.HTS221_H_Set_ODR_Value
                0x08005f00       0x20 Drivers/BSP/Components/HTS221_Driver_HL.o
 .text.HTS221_H_Read_Reg
                0x08005f20       0x30 Drivers/BSP/Components/HTS221_Driver_HL.o
 .text.HTS221_H_Write_Reg
                0x08005f50       0x30 Drivers/BSP/Components/HTS221_Driver_HL.o
 .text.HTS221_H_Get_DRDY_Status
                0x08005f80       0x4c Drivers/BSP/Components/HTS221_Driver_HL.o
 .text.HTS221_T_Init
                0x08005fcc       0x44 Drivers/BSP/Components/HTS221_Driver_HL.o
 .text.HTS221_T_DeInit
                0x08006010       0x44 Drivers/BSP/Components/HTS221_Driver_HL.o
 .text.HTS221_T_Sensor_Enable
                0x08006054       0x50 Drivers/BSP/Components/HTS221_Driver_HL.o
 .text.HTS221_T_Sensor_Disable
                0x080060a4       0x50 Drivers/BSP/Components/HTS221_Driver_HL.o
 .text.HTS221_T_Get_WhoAmI
                0x080060f4       0x1c Drivers/BSP/Components/HTS221_Driver_HL.o
 .text.HTS221_T_Check_WhoAmI
                0x08006110       0x18 Drivers/BSP/Components/HTS221_Driver_HL.o
 .text.HTS221_T_Get_Temp
                0x08006128       0x1c Drivers/BSP/Components/HTS221_Driver_HL.o
 .text.HTS221_T_Get_ODR
                0x08006144       0x1c Drivers/BSP/Components/HTS221_Driver_HL.o
 .text.HTS221_T_Set_ODR
                0x08006160       0x20 Drivers/BSP/Components/HTS221_Driver_HL.o
 .text.HTS221_T_Set_ODR_Value
                0x08006180       0x20 Drivers/BSP/Components/HTS221_Driver_HL.o
 .text.HTS221_T_Read_Reg
                0x080061a0       0x30 Drivers/BSP/Components/HTS221_Driver_HL.o
 .text.HTS221_T_Write_Reg
                0x080061d0       0x30 Drivers/BSP/Components/HTS221_Driver_HL.o
 .text.HTS221_T_Get_DRDY_Status
                0x08006200       0x4c Drivers/BSP/Components/HTS221_Driver_HL.o
 .text.HTS221_Init
                0x0800624c       0x58 Drivers/BSP/Components/HTS221_Driver_HL.o
 .text.HTS221_Sensor_Enable
                0x080062a4       0x24 Drivers/BSP/Components/HTS221_Driver_HL.o
 .text.HTS221_Sensor_Disable
                0x080062c8       0x24 Drivers/BSP/Components/HTS221_Driver_HL.o
 .text.HTS221_Get_WhoAmI
                0x080062ec       0x28 Drivers/BSP/Components/HTS221_Driver_HL.o
 .text.HTS221_Check_WhoAmI
                0x08006314       0x3c Drivers/BSP/Components/HTS221_Driver_HL.o
 .text.HTS221_Get_Hum
                0x08006350       0x48 Drivers/BSP/Components/HTS221_Driver_HL.o
 .text.HTS221_Get_Temp
                0x08006398       0x48 Drivers/BSP/Components/HTS221_Driver_HL.o
 .text.HTS221_Get_ODR
                0x080063e0       0x80 Drivers/BSP/Components/HTS221_Driver_HL.o
 .text.HTS221_Set_ODR
                0x08006460       0x6c Drivers/BSP/Components/HTS221_Driver_HL.o
 .text.HTS221_Set_ODR_Value
                0x080064cc       0x5c Drivers/BSP/Components/HTS221_Driver_HL.o
 .text.HTS221_Read_Reg
                0x08006528       0x30 Drivers/BSP/Components/HTS221_Driver_HL.o
 .text.HTS221_Write_Reg
                0x08006558       0x30 Drivers/BSP/Components/HTS221_Driver_HL.o
 .text.LPS22HB_ReadReg
                0x08006588       0x34 Drivers/BSP/Components/LPS22HB_Driver.o
                0x08006588                LPS22HB_ReadReg
 .text.LPS22HB_WriteReg
                0x080065bc       0x34 Drivers/BSP/Components/LPS22HB_Driver.o
                0x080065bc                LPS22HB_WriteReg
 .text.LPS22HB_Get_DeviceID
                0x080065f0       0x2c Drivers/BSP/Components/LPS22HB_Driver.o
                0x080065f0                LPS22HB_Get_DeviceID
 .text.LPS22HB_Set_PowerMode
                0x0800661c       0x5c Drivers/BSP/Components/LPS22HB_Driver.o
                0x0800661c                LPS22HB_Set_PowerMode
 .text.LPS22HB_Set_Odr
                0x08006678       0x5c Drivers/BSP/Components/LPS22HB_Driver.o
                0x08006678                LPS22HB_Set_Odr
 .text.LPS22HB_Get_Odr
                0x080066d4       0x38 Drivers/BSP/Components/LPS22HB_Driver.o
                0x080066d4                LPS22HB_Get_Odr
 .text.LPS22HB_Set_LowPassFilter
                0x0800670c       0x64 Drivers/BSP/Components/LPS22HB_Driver.o
                0x0800670c                LPS22HB_Set_LowPassFilter
 .text.LPS22HB_Set_LowPassFilterCutoff
                0x08006770       0x5c Drivers/BSP/Components/LPS22HB_Driver.o
                0x08006770                LPS22HB_Set_LowPassFilterCutoff
 .text.LPS22HB_Set_Bdu
                0x080067cc       0x5c Drivers/BSP/Components/LPS22HB_Driver.o
                0x080067cc                LPS22HB_Set_Bdu
 .text.LPS22HB_SwResetAndMemoryBoot
                0x08006828       0x4c Drivers/BSP/Components/LPS22HB_Driver.o
                0x08006828                LPS22HB_SwResetAndMemoryBoot
 .text.LPS22HB_Set_FifoModeUse
                0x08006874       0x64 Drivers/BSP/Components/LPS22HB_Driver.o
                0x08006874                LPS22HB_Set_FifoModeUse
 .text.LPS22HB_Set_FifoWatermarkLevelUse
                0x080068d8       0x64 Drivers/BSP/Components/LPS22HB_Driver.o
                0x080068d8                LPS22HB_Set_FifoWatermarkLevelUse
 .text.LPS22HB_Set_AutomaticIncrementRegAddress
                0x0800693c       0x64 Drivers/BSP/Components/LPS22HB_Driver.o
                0x0800693c                LPS22HB_Set_AutomaticIncrementRegAddress
 .text.LPS22HB_Set_I2C
                0x080069a0       0x68 Drivers/BSP/Components/LPS22HB_Driver.o
                0x080069a0                LPS22HB_Set_I2C
 .text.LPS22HB_Set_FIFO_OVR_Interrupt
                0x08006a08       0x64 Drivers/BSP/Components/LPS22HB_Driver.o
                0x08006a08                LPS22HB_Set_FIFO_OVR_Interrupt
 .text.LPS22HB_Set_FIFO_FTH_Interrupt
                0x08006a6c       0x64 Drivers/BSP/Components/LPS22HB_Driver.o
                0x08006a6c                LPS22HB_Set_FIFO_FTH_Interrupt
 .text.LPS22HB_Set_FIFO_FULL_Interrupt
                0x08006ad0       0x64 Drivers/BSP/Components/LPS22HB_Driver.o
                0x08006ad0                LPS22HB_Set_FIFO_FULL_Interrupt
 .text.LPS22HB_Get_DataStatus
                0x08006b34       0x64 Drivers/BSP/Components/LPS22HB_Driver.o
                0x08006b34                LPS22HB_Get_DataStatus
 .text.LPS22HB_Get_RawPressure
                0x08006b98       0x78 Drivers/BSP/Components/LPS22HB_Driver.o
                0x08006b98                LPS22HB_Get_RawPressure
 .text.LPS22HB_Get_Pressure
                0x08006c10       0x44 Drivers/BSP/Components/LPS22HB_Driver.o
                0x08006c10                LPS22HB_Get_Pressure
 .text.LPS22HB_Get_RawTemperature
                0x08006c54       0x44 Drivers/BSP/Components/LPS22HB_Driver.o
                0x08006c54                LPS22HB_Get_RawTemperature
 .text.LPS22HB_Get_Temperature
                0x08006c98       0x50 Drivers/BSP/Components/LPS22HB_Driver.o
                0x08006c98                LPS22HB_Get_Temperature
 .text.LPS22HB_Set_FifoMode
                0x08006ce8       0x5c Drivers/BSP/Components/LPS22HB_Driver.o
                0x08006ce8                LPS22HB_Set_FifoMode
 .text.LPS22HB_Get_FifoMode
                0x08006d44       0x3c Drivers/BSP/Components/LPS22HB_Driver.o
                0x08006d44                LPS22HB_Get_FifoMode
 .text.LPS22HB_Set_FifoWatermarkLevel
                0x08006d80       0x5c Drivers/BSP/Components/LPS22HB_Driver.o
                0x08006d80                LPS22HB_Set_FifoWatermarkLevel
 .text.LPS22HB_Get_FifoWatermarkLevel
                0x08006ddc       0x38 Drivers/BSP/Components/LPS22HB_Driver.o
                0x08006ddc                LPS22HB_Get_FifoWatermarkLevel
 .text.LPS22HB_Get_FifoStatus
                0x08006e14       0x80 Drivers/BSP/Components/LPS22HB_Driver.o
                0x08006e14                LPS22HB_Get_FifoStatus
 .text.LPS22HB_P_Init
                0x08006e94       0x44 Drivers/BSP/Components/LPS22HB_Driver_HL.o
 .text.LPS22HB_P_DeInit
                0x08006ed8       0x40 Drivers/BSP/Components/LPS22HB_Driver_HL.o
 .text.LPS22HB_P_Sensor_Enable
                0x08006f18       0x50 Drivers/BSP/Components/LPS22HB_Driver_HL.o
 .text.LPS22HB_P_Sensor_Disable
                0x08006f68       0x50 Drivers/BSP/Components/LPS22HB_Driver_HL.o
 .text.LPS22HB_P_Get_WhoAmI
                0x08006fb8       0x1c Drivers/BSP/Components/LPS22HB_Driver_HL.o
 .text.LPS22HB_P_Check_WhoAmI
                0x08006fd4       0x18 Drivers/BSP/Components/LPS22HB_Driver_HL.o
 .text.LPS22HB_P_Get_Press
                0x08006fec       0x1c Drivers/BSP/Components/LPS22HB_Driver_HL.o
 .text.LPS22HB_P_Get_ODR
                0x08007008       0x1c Drivers/BSP/Components/LPS22HB_Driver_HL.o
 .text.LPS22HB_P_Set_ODR
                0x08007024       0x54 Drivers/BSP/Components/LPS22HB_Driver_HL.o
 .text.LPS22HB_P_Set_ODR_Value
                0x08007078       0x54 Drivers/BSP/Components/LPS22HB_Driver_HL.o
 .text.LPS22HB_P_Read_Reg
                0x080070cc       0x30 Drivers/BSP/Components/LPS22HB_Driver_HL.o
 .text.LPS22HB_P_Write_Reg
                0x080070fc       0x30 Drivers/BSP/Components/LPS22HB_Driver_HL.o
 .text.LPS22HB_P_Get_DRDY_Status
                0x0800712c       0x30 Drivers/BSP/Components/LPS22HB_Driver_HL.o
 .text.LPS22HB_T_Init
                0x0800715c       0x44 Drivers/BSP/Components/LPS22HB_Driver_HL.o
 .text.LPS22HB_T_DeInit
                0x080071a0       0x40 Drivers/BSP/Components/LPS22HB_Driver_HL.o
 .text.LPS22HB_T_Sensor_Enable
                0x080071e0       0x50 Drivers/BSP/Components/LPS22HB_Driver_HL.o
 .text.LPS22HB_T_Sensor_Disable
                0x08007230       0x50 Drivers/BSP/Components/LPS22HB_Driver_HL.o
 .text.LPS22HB_T_Get_WhoAmI
                0x08007280       0x1c Drivers/BSP/Components/LPS22HB_Driver_HL.o
 .text.LPS22HB_T_Check_WhoAmI
                0x0800729c       0x18 Drivers/BSP/Components/LPS22HB_Driver_HL.o
 .text.LPS22HB_T_Get_Temp
                0x080072b4       0x1c Drivers/BSP/Components/LPS22HB_Driver_HL.o
 .text.LPS22HB_T_Get_ODR
                0x080072d0       0x1c Drivers/BSP/Components/LPS22HB_Driver_HL.o
 .text.LPS22HB_T_Set_ODR
                0x080072ec       0x54 Drivers/BSP/Components/LPS22HB_Driver_HL.o
 .text.LPS22HB_T_Set_ODR_Value
                0x08007340       0x54 Drivers/BSP/Components/LPS22HB_Driver_HL.o
 .text.LPS22HB_T_Read_Reg
                0x08007394       0x30 Drivers/BSP/Components/LPS22HB_Driver_HL.o
 .text.LPS22HB_T_Write_Reg
                0x080073c4       0x30 Drivers/BSP/Components/LPS22HB_Driver_HL.o
 .text.LPS22HB_T_Get_DRDY_Status
                0x080073f4       0x30 Drivers/BSP/Components/LPS22HB_Driver_HL.o
 .text.LPS22HB_Initialize
                0x08007424       0xbc Drivers/BSP/Components/LPS22HB_Driver_HL.o
 .text.LPS22HB_Get_WhoAmI
                0x080074e0       0x28 Drivers/BSP/Components/LPS22HB_Driver_HL.o
 .text.LPS22HB_Check_WhoAmI
                0x08007508       0x3c Drivers/BSP/Components/LPS22HB_Driver_HL.o
 .text.LPS22HB_Get_Press
                0x08007544       0x4c Drivers/BSP/Components/LPS22HB_Driver_HL.o
 .text.LPS22HB_Get_Temp
                0x08007590       0x48 Drivers/BSP/Components/LPS22HB_Driver_HL.o
 .text.LPS22HB_Get_ODR
                0x080075d8       0xa0 Drivers/BSP/Components/LPS22HB_Driver_HL.o
 .text.LPS22HB_Set_ODR_When_Enabled
                0x08007678       0x88 Drivers/BSP/Components/LPS22HB_Driver_HL.o
 .text.LPS22HB_Set_ODR_When_Disabled
                0x08007700       0x7c Drivers/BSP/Components/LPS22HB_Driver_HL.o
 .text.LPS22HB_Set_ODR_Value_When_Enabled
                0x0800777c       0xa4 Drivers/BSP/Components/LPS22HB_Driver_HL.o
 .text.LPS22HB_Set_ODR_Value_When_Disabled
                0x08007820       0x90 Drivers/BSP/Components/LPS22HB_Driver_HL.o
 .text.LPS22HB_Read_Reg
                0x080078b0       0x30 Drivers/BSP/Components/LPS22HB_Driver_HL.o
 .text.LPS22HB_Write_Reg
                0x080078e0       0x30 Drivers/BSP/Components/LPS22HB_Driver_HL.o
 .text.LPS22HB_FIFO_Get_Empty_Status
                0x08007910       0x30 Drivers/BSP/Components/LPS22HB_Driver_HL.o
 .text.LPS22HB_FIFO_Get_Full_Status
                0x08007940       0x30 Drivers/BSP/Components/LPS22HB_Driver_HL.o
 .text.LPS22HB_FIFO_Get_Ovr_Status
                0x08007970       0x30 Drivers/BSP/Components/LPS22HB_Driver_HL.o
 .text.LPS22HB_FIFO_Get_Fth_Status
                0x080079a0       0x30 Drivers/BSP/Components/LPS22HB_Driver_HL.o
 .text.LPS22HB_FIFO_Stop_On_Fth
                0x080079d0       0x38 Drivers/BSP/Components/LPS22HB_Driver_HL.o
 .text.LPS22HB_FIFO_Usage
                0x08007a08       0x38 Drivers/BSP/Components/LPS22HB_Driver_HL.o
 .text.LPS22HB_FIFO_Get_Num_Of_Samples
                0x08007a40       0x30 Drivers/BSP/Components/LPS22HB_Driver_HL.o
 .text.LPS22HB_FIFO_Get_Data
                0x08007a70       0x3c Drivers/BSP/Components/LPS22HB_Driver_HL.o
 .text.LPS22HB_FIFO_Get_Mode
                0x08007aac       0x30 Drivers/BSP/Components/LPS22HB_Driver_HL.o
 .text.LPS22HB_FIFO_Set_Mode
                0x08007adc       0x50 Drivers/BSP/Components/LPS22HB_Driver_HL.o
 .text.LPS22HB_FIFO_Get_Watermark_Level
                0x08007b2c       0x28 Drivers/BSP/Components/LPS22HB_Driver_HL.o
 .text.LPS22HB_FIFO_Set_Watermark_Level
                0x08007b54       0x2c Drivers/BSP/Components/LPS22HB_Driver_HL.o
 .text.LPS22HB_FIFO_Watermark_Usage
                0x08007b80       0x38 Drivers/BSP/Components/LPS22HB_Driver_HL.o
 .text.LPS22HB_FIFO_Set_Interrupt
                0x08007bb8       0x68 Drivers/BSP/Components/LPS22HB_Driver_HL.o
 .text.LPS22HB_FIFO_Reset_Interrupt
                0x08007c20       0x68 Drivers/BSP/Components/LPS22HB_Driver_HL.o
 .text.LSM303AGR_ACC_WriteReg
                0x08007c88       0x34 Drivers/BSP/Components/LSM303AGR_ACC_driver.o
                0x08007c88                LSM303AGR_ACC_WriteReg
 .text.LSM303AGR_ACC_ReadReg
                0x08007cbc       0x34 Drivers/BSP/Components/LSM303AGR_ACC_driver.o
                0x08007cbc                LSM303AGR_ACC_ReadReg
 .text.LSM303AGR_ACC_R_WHO_AM_I
                0x08007cf0       0x3c Drivers/BSP/Components/LSM303AGR_ACC_driver.o
                0x08007cf0                LSM303AGR_ACC_R_WHO_AM_I
 .text.LSM303AGR_ACC_W_BlockDataUpdate
                0x08007d2c       0x5c Drivers/BSP/Components/LSM303AGR_ACC_driver.o
                0x08007d2c                LSM303AGR_ACC_W_BlockDataUpdate
 .text.LSM303AGR_ACC_W_FullScale
                0x08007d88       0x5c Drivers/BSP/Components/LSM303AGR_ACC_driver.o
                0x08007d88                LSM303AGR_ACC_W_FullScale
 .text.LSM303AGR_ACC_R_FullScale
                0x08007de4       0x38 Drivers/BSP/Components/LSM303AGR_ACC_driver.o
                0x08007de4                LSM303AGR_ACC_R_FullScale
 .text.LSM303AGR_ACC_Get_Raw_Acceleration
                0x08007e1c       0x2c Drivers/BSP/Components/LSM303AGR_ACC_driver.o
                0x08007e1c                LSM303AGR_ACC_Get_Raw_Acceleration
 .text.LSM303AGR_ACC_Get_Acceleration
                0x08007e48      0x1cc Drivers/BSP/Components/LSM303AGR_ACC_driver.o
                0x08007e48                LSM303AGR_ACC_Get_Acceleration
 .text.LSM303AGR_ACC_W_ODR
                0x08008014       0x5c Drivers/BSP/Components/LSM303AGR_ACC_driver.o
                0x08008014                LSM303AGR_ACC_W_ODR
 .text.LSM303AGR_ACC_R_ODR
                0x08008070       0x38 Drivers/BSP/Components/LSM303AGR_ACC_driver.o
                0x08008070                LSM303AGR_ACC_R_ODR
 .text.LSM303AGR_ACC_W_XEN
                0x080080a8       0x5c Drivers/BSP/Components/LSM303AGR_ACC_driver.o
                0x080080a8                LSM303AGR_ACC_W_XEN
 .text.LSM303AGR_ACC_R_XEN
                0x08008104       0x38 Drivers/BSP/Components/LSM303AGR_ACC_driver.o
                0x08008104                LSM303AGR_ACC_R_XEN
 .text.LSM303AGR_ACC_W_YEN
                0x0800813c       0x5c Drivers/BSP/Components/LSM303AGR_ACC_driver.o
                0x0800813c                LSM303AGR_ACC_W_YEN
 .text.LSM303AGR_ACC_R_YEN
                0x08008198       0x38 Drivers/BSP/Components/LSM303AGR_ACC_driver.o
                0x08008198                LSM303AGR_ACC_R_YEN
 .text.LSM303AGR_ACC_W_ZEN
                0x080081d0       0x5c Drivers/BSP/Components/LSM303AGR_ACC_driver.o
                0x080081d0                LSM303AGR_ACC_W_ZEN
 .text.LSM303AGR_ACC_R_ZEN
                0x0800822c       0x38 Drivers/BSP/Components/LSM303AGR_ACC_driver.o
                0x0800822c                LSM303AGR_ACC_R_ZEN
 .text.LSM303AGR_ACC_R_LOWPWR_EN
                0x08008264       0x38 Drivers/BSP/Components/LSM303AGR_ACC_driver.o
                0x08008264                LSM303AGR_ACC_R_LOWPWR_EN
 .text.LSM303AGR_ACC_R_HiRes
                0x0800829c       0x38 Drivers/BSP/Components/LSM303AGR_ACC_driver.o
                0x0800829c                LSM303AGR_ACC_R_HiRes
 .text.LSM303AGR_ACC_R_XDataAvail
                0x080082d4       0x38 Drivers/BSP/Components/LSM303AGR_ACC_driver.o
                0x080082d4                LSM303AGR_ACC_R_XDataAvail
 .text.LSM303AGR_ACC_W_FifoMode
                0x0800830c       0x5c Drivers/BSP/Components/LSM303AGR_ACC_driver.o
                0x0800830c                LSM303AGR_ACC_W_FifoMode
 .text.LSM303AGR_X_Init
                0x08008368       0xbc Drivers/BSP/Components/LSM303AGR_ACC_driver_HL.o
 .text.LSM303AGR_X_DeInit
                0x08008424       0x58 Drivers/BSP/Components/LSM303AGR_ACC_driver_HL.o
 .text.LSM303AGR_X_Sensor_Enable
                0x0800847c       0x4c Drivers/BSP/Components/LSM303AGR_ACC_driver_HL.o
 .text.LSM303AGR_X_Sensor_Disable
                0x080084c8       0x58 Drivers/BSP/Components/LSM303AGR_ACC_driver_HL.o
 .text.LSM303AGR_X_Get_WhoAmI
                0x08008520       0x28 Drivers/BSP/Components/LSM303AGR_ACC_driver_HL.o
 .text.LSM303AGR_X_Check_WhoAmI
                0x08008548       0x3c Drivers/BSP/Components/LSM303AGR_ACC_driver_HL.o
 .text.LSM303AGR_X_Get_Axes
                0x08008584       0x3c Drivers/BSP/Components/LSM303AGR_ACC_driver_HL.o
 .text.LSM303AGR_X_Get_AxesRaw
                0x080085c0       0x44 Drivers/BSP/Components/LSM303AGR_ACC_driver_HL.o
 .text.LSM303AGR_X_Get_Sensitivity
                0x08008604       0x88 Drivers/BSP/Components/LSM303AGR_ACC_driver_HL.o
 .text.LSM303AGR_X_Get_ODR
                0x0800868c       0xc4 Drivers/BSP/Components/LSM303AGR_ACC_driver_HL.o
 .text.LSM303AGR_X_Set_ODR
                0x08008750       0x48 Drivers/BSP/Components/LSM303AGR_ACC_driver_HL.o
 .text.LSM303AGR_X_Set_ODR_Value
                0x08008798       0x48 Drivers/BSP/Components/LSM303AGR_ACC_driver_HL.o
 .text.LSM303AGR_X_Get_FS
                0x080087e0       0x7c Drivers/BSP/Components/LSM303AGR_ACC_driver_HL.o
 .text.LSM303AGR_X_Set_FS
                0x0800885c       0x50 Drivers/BSP/Components/LSM303AGR_ACC_driver_HL.o
 .text.LSM303AGR_X_Set_FS_Value
                0x080088ac       0x70 Drivers/BSP/Components/LSM303AGR_ACC_driver_HL.o
 .text.LSM303AGR_X_Get_Axes_Status
                0x0800891c       0x8c Drivers/BSP/Components/LSM303AGR_ACC_driver_HL.o
 .text.LSM303AGR_X_Set_Axes_Status
                0x080089a8       0x78 Drivers/BSP/Components/LSM303AGR_ACC_driver_HL.o
 .text.LSM303AGR_X_Read_Reg
                0x08008a20       0x30 Drivers/BSP/Components/LSM303AGR_ACC_driver_HL.o
 .text.LSM303AGR_X_Write_Reg
                0x08008a50       0x30 Drivers/BSP/Components/LSM303AGR_ACC_driver_HL.o
 .text.LSM303AGR_X_Get_DRDY_Status
                0x08008a80       0x48 Drivers/BSP/Components/LSM303AGR_ACC_driver_HL.o
 .text.LSM303AGR_X_Get_Axes_Raw
                0x08008ac8       0xd0 Drivers/BSP/Components/LSM303AGR_ACC_driver_HL.o
 .text.LSM303AGR_X_Set_ODR_When_Enabled
                0x08008b98       0x6c Drivers/BSP/Components/LSM303AGR_ACC_driver_HL.o
 .text.LSM303AGR_X_Set_ODR_When_Disabled
                0x08008c04       0x84 Drivers/BSP/Components/LSM303AGR_ACC_driver_HL.o
 .text.LSM303AGR_X_Set_ODR_Value_When_Enabled
                0x08008c88       0xc0 Drivers/BSP/Components/LSM303AGR_ACC_driver_HL.o
 .text.LSM303AGR_X_Set_ODR_Value_When_Disabled
                0x08008d48       0xd8 Drivers/BSP/Components/LSM303AGR_ACC_driver_HL.o
 .text.LSM303AGR_X_Get_Sensitivity_Normal_Mode
                0x08008e20       0x84 Drivers/BSP/Components/LSM303AGR_ACC_driver_HL.o
 .text.LSM303AGR_X_Get_Sensitivity_LP_Mode
                0x08008ea4       0x84 Drivers/BSP/Components/LSM303AGR_ACC_driver_HL.o
 .text.LSM303AGR_X_Get_Sensitivity_HR_Mode
                0x08008f28       0x84 Drivers/BSP/Components/LSM303AGR_ACC_driver_HL.o
 .text.LSM303AGR_MAG_WriteReg
                0x08008fac       0x34 Drivers/BSP/Components/LSM303AGR_MAG_driver.o
                0x08008fac                LSM303AGR_MAG_WriteReg
 .text.LSM303AGR_MAG_ReadReg
                0x08008fe0       0x34 Drivers/BSP/Components/LSM303AGR_MAG_driver.o
                0x08008fe0                LSM303AGR_MAG_ReadReg
 .text.LSM303AGR_MAG_R_WHO_AM_I
                0x08009014       0x3c Drivers/BSP/Components/LSM303AGR_MAG_driver.o
                0x08009014                LSM303AGR_MAG_R_WHO_AM_I
 .text.LSM303AGR_MAG_W_BDU
                0x08009050       0x5c Drivers/BSP/Components/LSM303AGR_MAG_driver.o
                0x08009050                LSM303AGR_MAG_W_BDU
 .text.LSM303AGR_MAG_W_MD
                0x080090ac       0x5c Drivers/BSP/Components/LSM303AGR_MAG_driver.o
                0x080090ac                LSM303AGR_MAG_W_MD
 .text.LSM303AGR_MAG_Get_Raw_Magnetic
                0x08009108       0x2c Drivers/BSP/Components/LSM303AGR_MAG_driver.o
                0x08009108                LSM303AGR_MAG_Get_Raw_Magnetic
 .text.LSM303AGR_MAG_W_ODR
                0x08009134       0x5c Drivers/BSP/Components/LSM303AGR_MAG_driver.o
                0x08009134                LSM303AGR_MAG_W_ODR
 .text.LSM303AGR_MAG_R_ODR
                0x08009190       0x38 Drivers/BSP/Components/LSM303AGR_MAG_driver.o
                0x08009190                LSM303AGR_MAG_R_ODR
 .text.LSM303AGR_MAG_W_ST
                0x080091c8       0x5c Drivers/BSP/Components/LSM303AGR_MAG_driver.o
                0x080091c8                LSM303AGR_MAG_W_ST
 .text.LSM303AGR_MAG_W_I2C_DIS
                0x08009224       0x5c Drivers/BSP/Components/LSM303AGR_MAG_driver.o
                0x08009224                LSM303AGR_MAG_W_I2C_DIS
 .text.LSM303AGR_MAG_R_ZYXDA
                0x08009280       0x38 Drivers/BSP/Components/LSM303AGR_MAG_driver.o
                0x08009280                LSM303AGR_MAG_R_ZYXDA
 .text.LSM303AGR_M_Init
                0x080092b8       0x9c Drivers/BSP/Components/LSM303AGR_MAG_driver_HL.o
 .text.LSM303AGR_M_DeInit
                0x08009354       0x50 Drivers/BSP/Components/LSM303AGR_MAG_driver_HL.o
 .text.LSM303AGR_M_Sensor_Enable
                0x080093a4       0x38 Drivers/BSP/Components/LSM303AGR_MAG_driver_HL.o
 .text.LSM303AGR_M_Sensor_Disable
                0x080093dc       0x38 Drivers/BSP/Components/LSM303AGR_MAG_driver_HL.o
 .text.LSM303AGR_M_Get_WhoAmI
                0x08009414       0x28 Drivers/BSP/Components/LSM303AGR_MAG_driver_HL.o
 .text.LSM303AGR_M_Check_WhoAmI
                0x0800943c       0x3c Drivers/BSP/Components/LSM303AGR_MAG_driver_HL.o
 .text.LSM303AGR_M_Get_Axes
                0x08009478       0xa8 Drivers/BSP/Components/LSM303AGR_MAG_driver_HL.o
 .text.LSM303AGR_M_Get_AxesRaw
                0x08009520       0x44 Drivers/BSP/Components/LSM303AGR_MAG_driver_HL.o
 .text.LSM303AGR_M_Get_Sensitivity
                0x08009564       0x20 Drivers/BSP/Components/LSM303AGR_MAG_driver_HL.o
 .text.LSM303AGR_M_Get_ODR
                0x08009584       0xa8 Drivers/BSP/Components/LSM303AGR_MAG_driver_HL.o
 .text.LSM303AGR_M_Set_ODR
                0x0800962c       0x6c Drivers/BSP/Components/LSM303AGR_MAG_driver_HL.o
 .text.LSM303AGR_M_Set_ODR_Value
                0x08009698       0x74 Drivers/BSP/Components/LSM303AGR_MAG_driver_HL.o
 .text.LSM303AGR_M_Get_FS
                0x0800970c       0x24 Drivers/BSP/Components/LSM303AGR_MAG_driver_HL.o
 .text.LSM303AGR_M_Set_FS
                0x08009730       0x1c Drivers/BSP/Components/LSM303AGR_MAG_driver_HL.o
 .text.LSM303AGR_M_Set_FS_Value
                0x0800974c       0x1c Drivers/BSP/Components/LSM303AGR_MAG_driver_HL.o
 .text.LSM303AGR_M_Read_Reg
                0x08009768       0x30 Drivers/BSP/Components/LSM303AGR_MAG_driver_HL.o
 .text.LSM303AGR_M_Write_Reg
                0x08009798       0x30 Drivers/BSP/Components/LSM303AGR_MAG_driver_HL.o
 .text.LSM303AGR_M_Get_DRDY_Status
                0x080097c8       0x48 Drivers/BSP/Components/LSM303AGR_MAG_driver_HL.o
 .text.LSM303AGR_M_Get_Axes_Raw
                0x08009810       0x5c Drivers/BSP/Components/LSM303AGR_MAG_driver_HL.o
 .text.LSM6DSM_ACC_GYRO_ReadReg
                0x0800986c       0x30 Drivers/BSP/Components/LSM6DSM_ACC_GYRO_driver.o
                0x0800986c                LSM6DSM_ACC_GYRO_ReadReg
 .text.LSM6DSM_ACC_GYRO_WriteReg
                0x0800989c       0x30 Drivers/BSP/Components/LSM6DSM_ACC_GYRO_driver.o
                0x0800989c                LSM6DSM_ACC_GYRO_WriteReg
 .text.LSM6DSM_ACC_GYRO_W_EmbeddedAccess
                0x080098cc       0x58 Drivers/BSP/Components/LSM6DSM_ACC_GYRO_driver.o
                0x080098cc                LSM6DSM_ACC_GYRO_W_EmbeddedAccess
 .text.LSM6DSM_ACC_GYRO_W_FIFO_MODE
                0x08009924       0x58 Drivers/BSP/Components/LSM6DSM_ACC_GYRO_driver.o
                0x08009924                LSM6DSM_ACC_GYRO_W_FIFO_MODE
 .text.LSM6DSM_ACC_GYRO_W_STEP_DELTA_on_INT2
                0x0800997c       0x58 Drivers/BSP/Components/LSM6DSM_ACC_GYRO_driver.o
                0x0800997c                LSM6DSM_ACC_GYRO_W_STEP_DELTA_on_INT2
 .text.LSM6DSM_ACC_GYRO_R_WHO_AM_I
                0x080099d4       0x38 Drivers/BSP/Components/LSM6DSM_ACC_GYRO_driver.o
                0x080099d4                LSM6DSM_ACC_GYRO_R_WHO_AM_I
 .text.LSM6DSM_ACC_GYRO_W_FS_XL
                0x08009a0c       0x58 Drivers/BSP/Components/LSM6DSM_ACC_GYRO_driver.o
                0x08009a0c                LSM6DSM_ACC_GYRO_W_FS_XL
 .text.LSM6DSM_ACC_GYRO_R_FS_XL
                0x08009a64       0x38 Drivers/BSP/Components/LSM6DSM_ACC_GYRO_driver.o
                0x08009a64                LSM6DSM_ACC_GYRO_R_FS_XL
 .text.LSM6DSM_ACC_GYRO_W_ODR_XL
                0x08009a9c       0x58 Drivers/BSP/Components/LSM6DSM_ACC_GYRO_driver.o
                0x08009a9c                LSM6DSM_ACC_GYRO_W_ODR_XL
 .text.LSM6DSM_ACC_GYRO_R_ODR_XL
                0x08009af4       0x38 Drivers/BSP/Components/LSM6DSM_ACC_GYRO_driver.o
                0x08009af4                LSM6DSM_ACC_GYRO_R_ODR_XL
 .text.LSM6DSM_ACC_GYRO_W_FS_125
                0x08009b2c       0x58 Drivers/BSP/Components/LSM6DSM_ACC_GYRO_driver.o
                0x08009b2c                LSM6DSM_ACC_GYRO_W_FS_125
 .text.LSM6DSM_ACC_GYRO_R_FS_125
                0x08009b84       0x38 Drivers/BSP/Components/LSM6DSM_ACC_GYRO_driver.o
                0x08009b84                LSM6DSM_ACC_GYRO_R_FS_125
 .text.LSM6DSM_ACC_GYRO_W_FS_G
                0x08009bbc       0x58 Drivers/BSP/Components/LSM6DSM_ACC_GYRO_driver.o
                0x08009bbc                LSM6DSM_ACC_GYRO_W_FS_G
 .text.LSM6DSM_ACC_GYRO_R_FS_G
                0x08009c14       0x38 Drivers/BSP/Components/LSM6DSM_ACC_GYRO_driver.o
                0x08009c14                LSM6DSM_ACC_GYRO_R_FS_G
 .text.LSM6DSM_ACC_GYRO_W_ODR_G
                0x08009c4c       0x58 Drivers/BSP/Components/LSM6DSM_ACC_GYRO_driver.o
                0x08009c4c                LSM6DSM_ACC_GYRO_W_ODR_G
 .text.LSM6DSM_ACC_GYRO_R_ODR_G
                0x08009ca4       0x38 Drivers/BSP/Components/LSM6DSM_ACC_GYRO_driver.o
                0x08009ca4                LSM6DSM_ACC_GYRO_R_ODR_G
 .text.LSM6DSM_ACC_GYRO_W_IF_Addr_Incr
                0x08009cdc       0x58 Drivers/BSP/Components/LSM6DSM_ACC_GYRO_driver.o
                0x08009cdc                LSM6DSM_ACC_GYRO_W_IF_Addr_Incr
 .text.LSM6DSM_ACC_GYRO_W_BDU
                0x08009d34       0x58 Drivers/BSP/Components/LSM6DSM_ACC_GYRO_driver.o
                0x08009d34                LSM6DSM_ACC_GYRO_W_BDU
 .text.LSM6DSM_ACC_GYRO_W_I2C_DISABLE
                0x08009d8c       0x58 Drivers/BSP/Components/LSM6DSM_ACC_GYRO_driver.o
                0x08009d8c                LSM6DSM_ACC_GYRO_W_I2C_DISABLE
 .text.LSM6DSM_ACC_GYRO_W_PedoStepReset
                0x08009de4       0x58 Drivers/BSP/Components/LSM6DSM_ACC_GYRO_driver.o
                0x08009de4                LSM6DSM_ACC_GYRO_W_PedoStepReset
 .text.LSM6DSM_ACC_GYRO_W_TILT
                0x08009e3c       0x58 Drivers/BSP/Components/LSM6DSM_ACC_GYRO_driver.o
                0x08009e3c                LSM6DSM_ACC_GYRO_W_TILT
 .text.LSM6DSM_ACC_GYRO_W_PEDO
                0x08009e94       0x58 Drivers/BSP/Components/LSM6DSM_ACC_GYRO_driver.o
                0x08009e94                LSM6DSM_ACC_GYRO_W_PEDO
 .text.LSM6DSM_ACC_GYRO_W_FUNC_EN
                0x08009eec       0x58 Drivers/BSP/Components/LSM6DSM_ACC_GYRO_driver.o
                0x08009eec                LSM6DSM_ACC_GYRO_W_FUNC_EN
 .text.LSM6DSM_ACC_GYRO_R_WU_EV_STATUS
                0x08009f44       0x38 Drivers/BSP/Components/LSM6DSM_ACC_GYRO_driver.o
                0x08009f44                LSM6DSM_ACC_GYRO_R_WU_EV_STATUS
 .text.LSM6DSM_ACC_GYRO_R_FF_EV_STATUS
                0x08009f7c       0x38 Drivers/BSP/Components/LSM6DSM_ACC_GYRO_driver.o
                0x08009f7c                LSM6DSM_ACC_GYRO_R_FF_EV_STATUS
 .text.LSM6DSM_ACC_GYRO_R_DOUBLE_TAP_EV_STATUS
                0x08009fb4       0x38 Drivers/BSP/Components/LSM6DSM_ACC_GYRO_driver.o
                0x08009fb4                LSM6DSM_ACC_GYRO_R_DOUBLE_TAP_EV_STATUS
 .text.LSM6DSM_ACC_GYRO_R_SINGLE_TAP_EV_STATUS
                0x08009fec       0x38 Drivers/BSP/Components/LSM6DSM_ACC_GYRO_driver.o
                0x08009fec                LSM6DSM_ACC_GYRO_R_SINGLE_TAP_EV_STATUS
 .text.LSM6DSM_ACC_GYRO_R_DSD_XL
                0x0800a024       0x38 Drivers/BSP/Components/LSM6DSM_ACC_GYRO_driver.o
                0x0800a024                LSM6DSM_ACC_GYRO_R_DSD_XL
 .text.LSM6DSM_ACC_GYRO_R_DSD_XH
                0x0800a05c       0x38 Drivers/BSP/Components/LSM6DSM_ACC_GYRO_driver.o
                0x0800a05c                LSM6DSM_ACC_GYRO_R_DSD_XH
 .text.LSM6DSM_ACC_GYRO_R_DSD_YL
                0x0800a094       0x38 Drivers/BSP/Components/LSM6DSM_ACC_GYRO_driver.o
                0x0800a094                LSM6DSM_ACC_GYRO_R_DSD_YL
 .text.LSM6DSM_ACC_GYRO_R_DSD_YH
                0x0800a0cc       0x38 Drivers/BSP/Components/LSM6DSM_ACC_GYRO_driver.o
                0x0800a0cc                LSM6DSM_ACC_GYRO_R_DSD_YH
 .text.LSM6DSM_ACC_GYRO_R_DSD_ZL
                0x0800a104       0x38 Drivers/BSP/Components/LSM6DSM_ACC_GYRO_driver.o
                0x0800a104                LSM6DSM_ACC_GYRO_R_DSD_ZL
 .text.LSM6DSM_ACC_GYRO_R_DSD_ZH
                0x0800a13c       0x38 Drivers/BSP/Components/LSM6DSM_ACC_GYRO_driver.o
                0x0800a13c                LSM6DSM_ACC_GYRO_R_DSD_ZH
 .text.LSM6DSM_ACC_GYRO_R_D6D_EV_STATUS
                0x0800a174       0x38 Drivers/BSP/Components/LSM6DSM_ACC_GYRO_driver.o
                0x0800a174                LSM6DSM_ACC_GYRO_R_D6D_EV_STATUS
 .text.LSM6DSM_ACC_GYRO_R_XLDA
                0x0800a1ac       0x38 Drivers/BSP/Components/LSM6DSM_ACC_GYRO_driver.o
                0x0800a1ac                LSM6DSM_ACC_GYRO_R_XLDA
 .text.LSM6DSM_ACC_GYRO_R_GDA
                0x0800a1e4       0x38 Drivers/BSP/Components/LSM6DSM_ACC_GYRO_driver.o
                0x0800a1e4                LSM6DSM_ACC_GYRO_R_GDA
 .text.LSM6DSM_ACC_GYRO_R_PEDO_EV_STATUS
                0x0800a21c       0x38 Drivers/BSP/Components/LSM6DSM_ACC_GYRO_driver.o
                0x0800a21c                LSM6DSM_ACC_GYRO_R_PEDO_EV_STATUS
 .text.LSM6DSM_ACC_GYRO_R_TILT_EV_STATUS
                0x0800a254       0x38 Drivers/BSP/Components/LSM6DSM_ACC_GYRO_driver.o
                0x0800a254                LSM6DSM_ACC_GYRO_R_TILT_EV_STATUS
 .text.LSM6DSM_ACC_GYRO_W_TAP_Z_EN
                0x0800a28c       0x58 Drivers/BSP/Components/LSM6DSM_ACC_GYRO_driver.o
                0x0800a28c                LSM6DSM_ACC_GYRO_W_TAP_Z_EN
 .text.LSM6DSM_ACC_GYRO_W_TAP_Y_EN
                0x0800a2e4       0x58 Drivers/BSP/Components/LSM6DSM_ACC_GYRO_driver.o
                0x0800a2e4                LSM6DSM_ACC_GYRO_W_TAP_Y_EN
 .text.LSM6DSM_ACC_GYRO_W_TAP_X_EN
                0x0800a33c       0x58 Drivers/BSP/Components/LSM6DSM_ACC_GYRO_driver.o
                0x0800a33c                LSM6DSM_ACC_GYRO_W_TAP_X_EN
 .text.LSM6DSM_ACC_GYRO_W_BASIC_INT
                0x0800a394       0x58 Drivers/BSP/Components/LSM6DSM_ACC_GYRO_driver.o
                0x0800a394                LSM6DSM_ACC_GYRO_W_BASIC_INT
 .text.LSM6DSM_ACC_GYRO_W_TAP_THS
                0x0800a3ec       0x60 Drivers/BSP/Components/LSM6DSM_ACC_GYRO_driver.o
                0x0800a3ec                LSM6DSM_ACC_GYRO_W_TAP_THS
 .text.LSM6DSM_ACC_GYRO_W_SIXD_THS
                0x0800a44c       0x58 Drivers/BSP/Components/LSM6DSM_ACC_GYRO_driver.o
                0x0800a44c                LSM6DSM_ACC_GYRO_W_SIXD_THS
 .text.LSM6DSM_ACC_GYRO_W_SHOCK_Duration
                0x0800a4a4       0x60 Drivers/BSP/Components/LSM6DSM_ACC_GYRO_driver.o
                0x0800a4a4                LSM6DSM_ACC_GYRO_W_SHOCK_Duration
 .text.LSM6DSM_ACC_GYRO_W_QUIET_Duration
                0x0800a504       0x68 Drivers/BSP/Components/LSM6DSM_ACC_GYRO_driver.o
                0x0800a504                LSM6DSM_ACC_GYRO_W_QUIET_Duration
 .text.LSM6DSM_ACC_GYRO_W_DUR
                0x0800a56c       0x68 Drivers/BSP/Components/LSM6DSM_ACC_GYRO_driver.o
                0x0800a56c                LSM6DSM_ACC_GYRO_W_DUR
 .text.LSM6DSM_ACC_GYRO_W_WK_THS
                0x0800a5d4       0x60 Drivers/BSP/Components/LSM6DSM_ACC_GYRO_driver.o
                0x0800a5d4                LSM6DSM_ACC_GYRO_W_WK_THS
 .text.LSM6DSM_ACC_GYRO_W_SINGLE_DOUBLE_TAP_EV
                0x0800a634       0x58 Drivers/BSP/Components/LSM6DSM_ACC_GYRO_driver.o
                0x0800a634                LSM6DSM_ACC_GYRO_W_SINGLE_DOUBLE_TAP_EV
 .text.LSM6DSM_ACC_GYRO_W_SLEEP_DUR
                0x0800a68c       0x60 Drivers/BSP/Components/LSM6DSM_ACC_GYRO_driver.o
                0x0800a68c                LSM6DSM_ACC_GYRO_W_SLEEP_DUR
 .text.LSM6DSM_ACC_GYRO_W_TIMER_HR
                0x0800a6ec       0x58 Drivers/BSP/Components/LSM6DSM_ACC_GYRO_driver.o
                0x0800a6ec                LSM6DSM_ACC_GYRO_W_TIMER_HR
 .text.LSM6DSM_ACC_GYRO_W_WAKE_DUR
                0x0800a744       0x68 Drivers/BSP/Components/LSM6DSM_ACC_GYRO_driver.o
                0x0800a744                LSM6DSM_ACC_GYRO_W_WAKE_DUR
 .text.LSM6DSM_ACC_GYRO_W_FF_THS
                0x0800a7ac       0x58 Drivers/BSP/Components/LSM6DSM_ACC_GYRO_driver.o
                0x0800a7ac                LSM6DSM_ACC_GYRO_W_FF_THS
 .text.LSM6DSM_ACC_GYRO_W_FF_Duration
                0x0800a804       0xcc Drivers/BSP/Components/LSM6DSM_ACC_GYRO_driver.o
                0x0800a804                LSM6DSM_ACC_GYRO_W_FF_Duration
 .text.LSM6DSM_ACC_GYRO_W_TiltEvOnInt2
                0x0800a8d0       0x58 Drivers/BSP/Components/LSM6DSM_ACC_GYRO_driver.o
                0x0800a8d0                LSM6DSM_ACC_GYRO_W_TiltEvOnInt2
 .text.LSM6DSM_ACC_GYRO_W_6DEvOnInt2
                0x0800a928       0x58 Drivers/BSP/Components/LSM6DSM_ACC_GYRO_driver.o
                0x0800a928                LSM6DSM_ACC_GYRO_W_6DEvOnInt2
 .text.LSM6DSM_ACC_GYRO_W_TapEvOnInt2
                0x0800a980       0x58 Drivers/BSP/Components/LSM6DSM_ACC_GYRO_driver.o
                0x0800a980                LSM6DSM_ACC_GYRO_W_TapEvOnInt2
 .text.LSM6DSM_ACC_GYRO_W_FFEvOnInt2
                0x0800a9d8       0x58 Drivers/BSP/Components/LSM6DSM_ACC_GYRO_driver.o
                0x0800a9d8                LSM6DSM_ACC_GYRO_W_FFEvOnInt2
 .text.LSM6DSM_ACC_GYRO_W_WUEvOnInt2
                0x0800aa30       0x58 Drivers/BSP/Components/LSM6DSM_ACC_GYRO_driver.o
                0x0800aa30                LSM6DSM_ACC_GYRO_W_WUEvOnInt2
 .text.LSM6DSM_ACC_GYRO_W_SingleTapOnInt2
                0x0800aa88       0x58 Drivers/BSP/Components/LSM6DSM_ACC_GYRO_driver.o
                0x0800aa88                LSM6DSM_ACC_GYRO_W_SingleTapOnInt2
 .text.LSM6DSM_ACC_GYRO_GetRawGyroData
                0x0800aae0       0x68 Drivers/BSP/Components/LSM6DSM_ACC_GYRO_driver.o
                0x0800aae0                LSM6DSM_ACC_GYRO_GetRawGyroData
 .text.LSM6DSM_ACC_GYRO_GetRawAccData
                0x0800ab48       0x68 Drivers/BSP/Components/LSM6DSM_ACC_GYRO_driver.o
                0x0800ab48                LSM6DSM_ACC_GYRO_GetRawAccData
 .text.LSM6DSM_ACC_GYRO_Get_GetStepCounter
                0x0800abb0       0x68 Drivers/BSP/Components/LSM6DSM_ACC_GYRO_driver.o
                0x0800abb0                LSM6DSM_ACC_GYRO_Get_GetStepCounter
 .text.LSM6DSM_ACC_GYRO_W_PedoThreshold
                0x0800ac18       0x88 Drivers/BSP/Components/LSM6DSM_ACC_GYRO_driver.o
                0x0800ac18                LSM6DSM_ACC_GYRO_W_PedoThreshold
 .text.LSM6DSM_X_Init
                0x0800aca0       0xa4 Drivers/BSP/Components/LSM6DSM_ACC_GYRO_driver_HL.o
 .text.LSM6DSM_X_DeInit
                0x0800ad44       0xc8 Drivers/BSP/Components/LSM6DSM_ACC_GYRO_driver_HL.o
 .text.LSM6DSM_X_Sensor_Enable
                0x0800ae0c       0x4c Drivers/BSP/Components/LSM6DSM_ACC_GYRO_driver_HL.o
 .text.LSM6DSM_X_Sensor_Disable
                0x0800ae58       0x58 Drivers/BSP/Components/LSM6DSM_ACC_GYRO_driver_HL.o
 .text.LSM6DSM_X_Get_WhoAmI
                0x0800aeb0       0x1c Drivers/BSP/Components/LSM6DSM_ACC_GYRO_driver_HL.o
 .text.LSM6DSM_X_Check_WhoAmI
                0x0800aecc       0x18 Drivers/BSP/Components/LSM6DSM_ACC_GYRO_driver_HL.o
 .text.LSM6DSM_X_Get_Axes
                0x0800aee4       0xa8 Drivers/BSP/Components/LSM6DSM_ACC_GYRO_driver_HL.o
 .text.LSM6DSM_X_Get_AxesRaw
                0x0800af8c       0x44 Drivers/BSP/Components/LSM6DSM_ACC_GYRO_driver_HL.o
 .text.LSM6DSM_X_Get_Sensitivity
                0x0800afd0       0xa8 Drivers/BSP/Components/LSM6DSM_ACC_GYRO_driver_HL.o
 .text.LSM6DSM_X_Get_ODR
                0x0800b078       0xfc Drivers/BSP/Components/LSM6DSM_ACC_GYRO_driver_HL.o
 .text.LSM6DSM_X_Set_ODR
                0x0800b174       0x48 Drivers/BSP/Components/LSM6DSM_ACC_GYRO_driver_HL.o
 .text.LSM6DSM_X_Set_ODR_Value
                0x0800b1bc       0x48 Drivers/BSP/Components/LSM6DSM_ACC_GYRO_driver_HL.o
 .text.LSM6DSM_X_Get_FS
                0x0800b204       0xa0 Drivers/BSP/Components/LSM6DSM_ACC_GYRO_driver_HL.o
 .text.LSM6DSM_X_Set_FS
                0x0800b2a4       0x50 Drivers/BSP/Components/LSM6DSM_ACC_GYRO_driver_HL.o
 .text.LSM6DSM_X_Set_FS_Value
                0x0800b2f4       0x70 Drivers/BSP/Components/LSM6DSM_ACC_GYRO_driver_HL.o
 .text.LSM6DSM_G_Init
                0x0800b364       0xa4 Drivers/BSP/Components/LSM6DSM_ACC_GYRO_driver_HL.o
 .text.LSM6DSM_G_DeInit
                0x0800b408       0x58 Drivers/BSP/Components/LSM6DSM_ACC_GYRO_driver_HL.o
 .text.LSM6DSM_G_Sensor_Enable
                0x0800b460       0x4c Drivers/BSP/Components/LSM6DSM_ACC_GYRO_driver_HL.o
 .text.LSM6DSM_G_Sensor_Disable
                0x0800b4ac       0x58 Drivers/BSP/Components/LSM6DSM_ACC_GYRO_driver_HL.o
 .text.LSM6DSM_G_Get_WhoAmI
                0x0800b504       0x1c Drivers/BSP/Components/LSM6DSM_ACC_GYRO_driver_HL.o
 .text.LSM6DSM_G_Check_WhoAmI
                0x0800b520       0x18 Drivers/BSP/Components/LSM6DSM_ACC_GYRO_driver_HL.o
 .text.LSM6DSM_G_Get_Axes
                0x0800b538       0xa8 Drivers/BSP/Components/LSM6DSM_ACC_GYRO_driver_HL.o
 .text.LSM6DSM_G_Get_AxesRaw
                0x0800b5e0       0x44 Drivers/BSP/Components/LSM6DSM_ACC_GYRO_driver_HL.o
 .text.LSM6DSM_G_Get_Sensitivity
                0x0800b624       0xd0 Drivers/BSP/Components/LSM6DSM_ACC_GYRO_driver_HL.o
 .text.LSM6DSM_G_Get_ODR
                0x0800b6f4       0xfc Drivers/BSP/Components/LSM6DSM_ACC_GYRO_driver_HL.o
 .text.LSM6DSM_G_Set_ODR
                0x0800b7f0       0x48 Drivers/BSP/Components/LSM6DSM_ACC_GYRO_driver_HL.o
 .text.LSM6DSM_G_Set_ODR_Value
                0x0800b838       0x48 Drivers/BSP/Components/LSM6DSM_ACC_GYRO_driver_HL.o
 .text.LSM6DSM_G_Get_FS
                0x0800b880       0xd0 Drivers/BSP/Components/LSM6DSM_ACC_GYRO_driver_HL.o
 .text.LSM6DSM_G_Set_FS
                0x0800b950       0x50 Drivers/BSP/Components/LSM6DSM_ACC_GYRO_driver_HL.o
 .text.LSM6DSM_G_Set_FS_Value
                0x0800b9a0       0xb8 Drivers/BSP/Components/LSM6DSM_ACC_GYRO_driver_HL.o
 .text.LSM6DSM_Get_WhoAmI
                0x0800ba58       0x28 Drivers/BSP/Components/LSM6DSM_ACC_GYRO_driver_HL.o
 .text.LSM6DSM_Check_WhoAmI
                0x0800ba80       0x3c Drivers/BSP/Components/LSM6DSM_ACC_GYRO_driver_HL.o
 .text.LSM6DSM_X_Get_Axes_Raw
                0x0800babc       0x7c Drivers/BSP/Components/LSM6DSM_ACC_GYRO_driver_HL.o
 .text.LSM6DSM_X_Set_ODR_When_Enabled
                0x0800bb38       0x6c Drivers/BSP/Components/LSM6DSM_ACC_GYRO_driver_HL.o
 .text.LSM6DSM_X_Set_ODR_When_Disabled
                0x0800bba4       0x84 Drivers/BSP/Components/LSM6DSM_ACC_GYRO_driver_HL.o
 .text.LSM6DSM_X_Set_ODR_Value_When_Enabled
                0x0800bc28      0x110 Drivers/BSP/Components/LSM6DSM_ACC_GYRO_driver_HL.o
 .text.LSM6DSM_X_Set_ODR_Value_When_Disabled
                0x0800bd38      0x138 Drivers/BSP/Components/LSM6DSM_ACC_GYRO_driver_HL.o
 .text.LSM6DSM_G_Get_Axes_Raw
                0x0800be70       0x7c Drivers/BSP/Components/LSM6DSM_ACC_GYRO_driver_HL.o
 .text.LSM6DSM_G_Set_ODR_When_Enabled
                0x0800beec       0x6c Drivers/BSP/Components/LSM6DSM_ACC_GYRO_driver_HL.o
 .text.LSM6DSM_G_Set_ODR_When_Disabled
                0x0800bf58       0x84 Drivers/BSP/Components/LSM6DSM_ACC_GYRO_driver_HL.o
 .text.LSM6DSM_G_Set_ODR_Value_When_Enabled
                0x0800bfdc      0x110 Drivers/BSP/Components/LSM6DSM_ACC_GYRO_driver_HL.o
 .text.LSM6DSM_G_Set_ODR_Value_When_Disabled
                0x0800c0ec      0x138 Drivers/BSP/Components/LSM6DSM_ACC_GYRO_driver_HL.o
 .text.LSM6DSM_X_Enable_Free_Fall_Detection
                0x0800c224       0xbc Drivers/BSP/Components/LSM6DSM_ACC_GYRO_driver_HL.o
 .text.LSM6DSM_X_Disable_Free_Fall_Detection
                0x0800c2e0       0x5c Drivers/BSP/Components/LSM6DSM_ACC_GYRO_driver_HL.o
 .text.LSM6DSM_X_Get_Free_Fall_Detection_Status
                0x0800c33c       0x48 Drivers/BSP/Components/LSM6DSM_ACC_GYRO_driver_HL.o
 .text.LSM6DSM_X_Set_Free_Fall_Threshold
                0x0800c384       0x2c Drivers/BSP/Components/LSM6DSM_ACC_GYRO_driver_HL.o
 .text.LSM6DSM_X_Enable_Pedometer
                0x0800c3b0       0x80 Drivers/BSP/Components/LSM6DSM_ACC_GYRO_driver_HL.o
 .text.LSM6DSM_X_Disable_Pedometer
                0x0800c430       0x5c Drivers/BSP/Components/LSM6DSM_ACC_GYRO_driver_HL.o
 .text.LSM6DSM_X_Get_Pedometer_Status
                0x0800c48c       0x48 Drivers/BSP/Components/LSM6DSM_ACC_GYRO_driver_HL.o
 .text.LSM6DSM_X_Get_Step_Count
                0x0800c4d4       0x28 Drivers/BSP/Components/LSM6DSM_ACC_GYRO_driver_HL.o
 .text.LSM6DSM_X_Enable_Step_Counter_Reset
                0x0800c4fc       0x24 Drivers/BSP/Components/LSM6DSM_ACC_GYRO_driver_HL.o
 .text.LSM6DSM_X_Disable_Step_Counter_Reset
                0x0800c520       0x24 Drivers/BSP/Components/LSM6DSM_ACC_GYRO_driver_HL.o
 .text.LSM6DSM_X_Set_Pedometer_Threshold
                0x0800c544       0x2c Drivers/BSP/Components/LSM6DSM_ACC_GYRO_driver_HL.o
 .text.LSM6DSM_X_Enable_Tilt_Detection
                0x0800c570       0x70 Drivers/BSP/Components/LSM6DSM_ACC_GYRO_driver_HL.o
 .text.LSM6DSM_X_Disable_Tilt_Detection
                0x0800c5e0       0x48 Drivers/BSP/Components/LSM6DSM_ACC_GYRO_driver_HL.o
 .text.LSM6DSM_X_Get_Tilt_Detection_Status
                0x0800c628       0x48 Drivers/BSP/Components/LSM6DSM_ACC_GYRO_driver_HL.o
 .text.LSM6DSM_X_Enable_Wake_Up_Detection
                0x0800c670       0x84 Drivers/BSP/Components/LSM6DSM_ACC_GYRO_driver_HL.o
 .text.LSM6DSM_X_Disable_Wake_Up_Detection
                0x0800c6f4       0x5c Drivers/BSP/Components/LSM6DSM_ACC_GYRO_driver_HL.o
 .text.LSM6DSM_X_Get_Wake_Up_Detection_Status
                0x0800c750       0x48 Drivers/BSP/Components/LSM6DSM_ACC_GYRO_driver_HL.o
 .text.LSM6DSM_X_Set_Wake_Up_Threshold
                0x0800c798       0x2c Drivers/BSP/Components/LSM6DSM_ACC_GYRO_driver_HL.o
 .text.LSM6DSM_X_Enable_Single_Tap_Detection
                0x0800c7c4       0xcc Drivers/BSP/Components/LSM6DSM_ACC_GYRO_driver_HL.o
 .text.LSM6DSM_X_Disable_Single_Tap_Detection
                0x0800c890       0xa4 Drivers/BSP/Components/LSM6DSM_ACC_GYRO_driver_HL.o
 .text.LSM6DSM_X_Get_Single_Tap_Detection_Status
                0x0800c934       0x48 Drivers/BSP/Components/LSM6DSM_ACC_GYRO_driver_HL.o
 .text.LSM6DSM_X_Enable_Double_Tap_Detection
                0x0800c97c       0xf0 Drivers/BSP/Components/LSM6DSM_ACC_GYRO_driver_HL.o
 .text.LSM6DSM_X_Disable_Double_Tap_Detection
                0x0800ca6c       0xc8 Drivers/BSP/Components/LSM6DSM_ACC_GYRO_driver_HL.o
 .text.LSM6DSM_X_Get_Double_Tap_Detection_Status
                0x0800cb34       0x48 Drivers/BSP/Components/LSM6DSM_ACC_GYRO_driver_HL.o
 .text.LSM6DSM_X_Set_Tap_Threshold
                0x0800cb7c       0x2c Drivers/BSP/Components/LSM6DSM_ACC_GYRO_driver_HL.o
 .text.LSM6DSM_X_Set_Tap_Shock_Time
                0x0800cba8       0x2c Drivers/BSP/Components/LSM6DSM_ACC_GYRO_driver_HL.o
 .text.LSM6DSM_X_Set_Tap_Quiet_Time
                0x0800cbd4       0x2c Drivers/BSP/Components/LSM6DSM_ACC_GYRO_driver_HL.o
 .text.LSM6DSM_X_Set_Tap_Duration_Time
                0x0800cc00       0x2c Drivers/BSP/Components/LSM6DSM_ACC_GYRO_driver_HL.o
 .text.LSM6DSM_X_Enable_6D_Orientation
                0x0800cc2c       0x74 Drivers/BSP/Components/LSM6DSM_ACC_GYRO_driver_HL.o
 .text.LSM6DSM_X_Disable_6D_Orientation
                0x0800cca0       0x48 Drivers/BSP/Components/LSM6DSM_ACC_GYRO_driver_HL.o
 .text.LSM6DSM_X_Get_6D_Orientation_Status
                0x0800cce8       0x48 Drivers/BSP/Components/LSM6DSM_ACC_GYRO_driver_HL.o
 .text.LSM6DSM_X_Get_6D_Orientation_XL
                0x0800cd30       0x48 Drivers/BSP/Components/LSM6DSM_ACC_GYRO_driver_HL.o
 .text.LSM6DSM_X_Get_6D_Orientation_XH
                0x0800cd78       0x48 Drivers/BSP/Components/LSM6DSM_ACC_GYRO_driver_HL.o
 .text.LSM6DSM_X_Get_6D_Orientation_YL
                0x0800cdc0       0x48 Drivers/BSP/Components/LSM6DSM_ACC_GYRO_driver_HL.o
 .text.LSM6DSM_X_Get_6D_Orientation_YH
                0x0800ce08       0x48 Drivers/BSP/Components/LSM6DSM_ACC_GYRO_driver_HL.o
 .text.LSM6DSM_X_Get_6D_Orientation_ZL
                0x0800ce50       0x48 Drivers/BSP/Components/LSM6DSM_ACC_GYRO_driver_HL.o
 .text.LSM6DSM_X_Get_6D_Orientation_ZH
                0x0800ce98       0x48 Drivers/BSP/Components/LSM6DSM_ACC_GYRO_driver_HL.o
 .text.LSM6DSM_X_Read_Reg
                0x0800cee0       0x30 Drivers/BSP/Components/LSM6DSM_ACC_GYRO_driver_HL.o
 .text.LSM6DSM_X_Write_Reg
                0x0800cf10       0x30 Drivers/BSP/Components/LSM6DSM_ACC_GYRO_driver_HL.o
 .text.LSM6DSM_X_Get_DRDY_Status
                0x0800cf40       0x48 Drivers/BSP/Components/LSM6DSM_ACC_GYRO_driver_HL.o
 .text.LSM6DSM_G_Read_Reg
                0x0800cf88       0x30 Drivers/BSP/Components/LSM6DSM_ACC_GYRO_driver_HL.o
 .text.LSM6DSM_G_Write_Reg
                0x0800cfb8       0x30 Drivers/BSP/Components/LSM6DSM_ACC_GYRO_driver_HL.o
 .text.LSM6DSM_G_Get_DRDY_Status
                0x0800cfe8       0x48 Drivers/BSP/Components/LSM6DSM_ACC_GYRO_driver_HL.o
 .text.STC3115_Init
                0x0800d030      0x254 Drivers/BSP/Components/STC3115_Driver.o
 .text.STC3115_DeInit
                0x0800d284       0x1c Drivers/BSP/Components/STC3115_Driver.o
 .text.STC3115_Get_WhoAmI
                0x0800d2a0       0x2c Drivers/BSP/Components/STC3115_Driver.o
 .text.STC3115_Task
                0x0800d2cc      0x2a8 Drivers/BSP/Components/STC3115_Driver.o
 .text.STC3115_Reset
                0x0800d574       0x54 Drivers/BSP/Components/STC3115_Driver.o
 .text.STC3115_Stop
                0x0800d5c8       0x50 Drivers/BSP/Components/STC3115_Driver.o
 .text.STC3115_GetSOC
                0x0800d618       0x38 Drivers/BSP/Components/STC3115_Driver.o
 .text.STC3115_GetOCV
                0x0800d650       0x28 Drivers/BSP/Components/STC3115_Driver.o
 .text.STC3115_GetCurrent
                0x0800d678       0x24 Drivers/BSP/Components/STC3115_Driver.o
 .text.STC3115_GetTemperature
                0x0800d69c       0x24 Drivers/BSP/Components/STC3115_Driver.o
 .text.STC3115_GetVoltage
                0x0800d6c0       0x28 Drivers/BSP/Components/STC3115_Driver.o
 .text.STC3115_GetChargeValue
                0x0800d6e8       0x28 Drivers/BSP/Components/STC3115_Driver.o
 .text.STC3115_GetPresence
                0x0800d710       0x28 Drivers/BSP/Components/STC3115_Driver.o
 .text.STC3115_GetAlarmStatus
                0x0800d738       0x2c Drivers/BSP/Components/STC3115_Driver.o
 .text.STC3115_Status
                0x0800d764       0x54 Drivers/BSP/Components/STC3115_Driver.o
 .text.STC3115_CalcRamCRC8
                0x0800d7b8       0x6c Drivers/BSP/Components/STC3115_Driver.o
 .text.STC3115_UpdateRamCRC
                0x0800d824       0x30 Drivers/BSP/Components/STC3115_Driver.o
 .text.STC3115_InitRamData
                0x0800d854       0x5c Drivers/BSP/Components/STC3115_Driver.o
 .text.STC3115_WriteRamData
                0x0800d8b0       0x2c Drivers/BSP/Components/STC3115_Driver.o
 .text.STC3115_ReadRamData
                0x0800d8dc       0x2c Drivers/BSP/Components/STC3115_Driver.o
 .text.STC3115_ReadBatteryData
                0x0800d908      0x158 Drivers/BSP/Components/STC3115_Driver.o
 .text.STC3115_Restore
                0x0800da60       0x60 Drivers/BSP/Components/STC3115_Driver.o
 .text.STC3115_Powerdown
                0x0800dac0       0x44 Drivers/BSP/Components/STC3115_Driver.o
 .text.STC3115_conv
                0x0800db04       0x38 Drivers/BSP/Components/STC3115_Driver.o
 .text.STC3115_Startup
                0x0800db3c       0x48 Drivers/BSP/Components/STC3115_Driver.o
 .text.STC3115_Read
                0x0800db84       0x38 Drivers/BSP/Components/STC3115_Driver.o
 .text.STC3115_Write
                0x0800dbbc       0x38 Drivers/BSP/Components/STC3115_Driver.o
 .text.STC3115_ReadWord
                0x0800dbf4       0x3c Drivers/BSP/Components/STC3115_Driver.o
 .text.STC3115_WriteWord
                0x0800dc30       0x38 Drivers/BSP/Components/STC3115_Driver.o
 .text.STC3115_SetParam
                0x0800dc68      0x128 Drivers/BSP/Components/STC3115_Driver.o
 .text.BSP_LED_Init
                0x0800dd90       0xa0 Drivers/BSP/SensorTile/SensorTile.o
                0x0800dd90                BSP_LED_Init
 .text.BSP_LED_On
                0x0800de30       0x5c Drivers/BSP/SensorTile/SensorTile.o
                0x0800de30                BSP_LED_On
 .text.BSP_LED_Off
                0x0800de8c       0x5c Drivers/BSP/SensorTile/SensorTile.o
                0x0800de8c                BSP_LED_Off
 .text.Sensor_IO_I2C_Init
                0x0800dee8       0x18 Drivers/BSP/SensorTile/SensorTile.o
                0x0800dee8                Sensor_IO_I2C_Init
 .text.Sensor_IO_SPI_Init
                0x0800df00      0x118 Drivers/BSP/SensorTile/SensorTile.o
                0x0800df00                Sensor_IO_SPI_Init
 .text.Sensor_IO_SPI_CS_Init_All
                0x0800e018      0x124 Drivers/BSP/SensorTile/SensorTile.o
                0x0800e018                Sensor_IO_SPI_CS_Init_All
 .text.Sensor_IO_SPI_CS_Init
                0x0800e13c      0x12c Drivers/BSP/SensorTile/SensorTile.o
                0x0800e13c                Sensor_IO_SPI_CS_Init
 .text.Sensor_IO_Write
                0x0800e268       0x84 Drivers/BSP/SensorTile/SensorTile.o
                0x0800e268                Sensor_IO_Write
 .text.Sensor_IO_I2C_Write
                0x0800e2ec       0x30 Drivers/BSP/SensorTile/SensorTile.o
                0x0800e2ec                Sensor_IO_I2C_Write
 .text.Sensor_IO_Read
                0x0800e31c       0x84 Drivers/BSP/SensorTile/SensorTile.o
                0x0800e31c                Sensor_IO_Read
 .text.Sensor_IO_I2C_Read
                0x0800e3a0       0x30 Drivers/BSP/SensorTile/SensorTile.o
                0x0800e3a0                Sensor_IO_I2C_Read
 .text.Sensor_IO_SPI_Write
                0x0800e3d0       0x60 Drivers/BSP/SensorTile/SensorTile.o
                0x0800e3d0                Sensor_IO_SPI_Write
 .text.Sensor_IO_SPI_Read
                0x0800e430       0x9c Drivers/BSP/SensorTile/SensorTile.o
                0x0800e430                Sensor_IO_SPI_Read
 .text.Sensor_IO_SPI_CS_Enable
                0x0800e4cc       0x74 Drivers/BSP/SensorTile/SensorTile.o
                0x0800e4cc                Sensor_IO_SPI_CS_Enable
 .text.Sensor_IO_SPI_CS_Disable
                0x0800e540       0x74 Drivers/BSP/SensorTile/SensorTile.o
                0x0800e540                Sensor_IO_SPI_CS_Disable
 .text.LSM6DSM_Sensor_IO_ITConfig
                0x0800e5b4       0x5c Drivers/BSP/SensorTile/SensorTile.o
                0x0800e5b4                LSM6DSM_Sensor_IO_ITConfig
 .text.SPI_Read
                0x0800e610       0x70 Drivers/BSP/SensorTile/SensorTile.o
                0x0800e610                SPI_Read
 .text.SPI_Read_nBytes
                0x0800e680       0xa4 Drivers/BSP/SensorTile/SensorTile.o
                0x0800e680                SPI_Read_nBytes
 .text.SPI_Write
                0x0800e724       0x54 Drivers/BSP/SensorTile/SensorTile.o
                0x0800e724                SPI_Write
 .text.I2C_SENSORTILE_Init
                0x0800e778       0x54 Drivers/BSP/SensorTile/SensorTile.o
 .text.I2C_SENSORTILE_WriteData
                0x0800e7cc       0x60 Drivers/BSP/SensorTile/SensorTile.o
 .text.I2C_SENSORTILE_ReadData
                0x0800e82c       0x60 Drivers/BSP/SensorTile/SensorTile.o
 .text.I2C_SENSORTILE_Error
                0x0800e88c       0x20 Drivers/BSP/SensorTile/SensorTile.o
 .text.I2C_SENSORTILE_MspInit
                0x0800e8ac       0xc0 Drivers/BSP/SensorTile/SensorTile.o
 .text.SD_IO_SPI_MspInit
                0x0800e96c       0xc0 Drivers/BSP/SensorTile/SensorTile.o
 .text.SD_IO_SPI_Init_LS
                0x0800ea2c       0x78 Drivers/BSP/SensorTile/SensorTile.o
 .text.SD_IO_SPI_Init
                0x0800eaa4       0x78 Drivers/BSP/SensorTile/SensorTile.o
 .text.SD_IO_SPI_Read
                0x0800eb1c       0x48 Drivers/BSP/SensorTile/SensorTile.o
 .text.SD_IO_SPI_Write
                0x0800eb64       0x3c Drivers/BSP/SensorTile/SensorTile.o
 .text.SD_IO_SPI_Error
                0x0800eba0       0x18 Drivers/BSP/SensorTile/SensorTile.o
 .text.SD_IO_Init
                0x0800ebb8       0x40 Drivers/BSP/SensorTile/SensorTile.o
                0x0800ebb8                SD_IO_Init
 .text.SD_IO_Init_LS
                0x0800ebf8       0x40 Drivers/BSP/SensorTile/SensorTile.o
                0x0800ebf8                SD_IO_Init_LS
 .text.SD_IO_CS_Init
                0x0800ec38       0x4c Drivers/BSP/SensorTile/SensorTile.o
                0x0800ec38                SD_IO_CS_Init
 .text.SD_IO_WriteByte
                0x0800ec84       0x1c Drivers/BSP/SensorTile/SensorTile.o
                0x0800ec84                SD_IO_WriteByte
 .text.SD_IO_ReadByte
                0x0800eca0       0x1c Drivers/BSP/SensorTile/SensorTile.o
                0x0800eca0                SD_IO_ReadByte
 .text.SD_IO_WriteCmd_wResp
                0x0800ecbc       0xa0 Drivers/BSP/SensorTile/SensorTile.o
                0x0800ecbc                SD_IO_WriteCmd_wResp
 .text.SD_IO_WriteCmd
                0x0800ed5c       0x98 Drivers/BSP/SensorTile/SensorTile.o
                0x0800ed5c                SD_IO_WriteCmd
 .text.SD_IO_WaitResponse
                0x0800edf4       0x40 Drivers/BSP/SensorTile/SensorTile.o
                0x0800edf4                SD_IO_WaitResponse
 .text.SD_IO_WriteDummy
                0x0800ee34       0x20 Drivers/BSP/SensorTile/SensorTile.o
                0x0800ee34                SD_IO_WriteDummy
 .text.BSP_ACCELERO_Init
                0x0800ee54       0x70 Drivers/BSP/SensorTile/SensorTile_accelero.o
                0x0800ee54                BSP_ACCELERO_Init
 .text.BSP_LSM6DSM_ACCELERO_Init
                0x0800eec4      0x140 Drivers/BSP/SensorTile/SensorTile_accelero.o
 .text.BSP_LSM303AGR_ACCELERO_Init
                0x0800f004      0x128 Drivers/BSP/SensorTile/SensorTile_accelero.o
 .text.BSP_ACCELERO_Sensor_Enable
                0x0800f12c       0x48 Drivers/BSP/SensorTile/SensorTile_accelero.o
                0x0800f12c                BSP_ACCELERO_Sensor_Enable
 .text.BSP_ACCELERO_Sensor_Disable
                0x0800f174       0x48 Drivers/BSP/SensorTile/SensorTile_accelero.o
                0x0800f174                BSP_ACCELERO_Sensor_Disable
 .text.BSP_ACCELERO_Enable_Double_Tap_Detection_Ext
                0x0800f1bc       0x54 Drivers/BSP/SensorTile/SensorTile_accelero.o
                0x0800f1bc                BSP_ACCELERO_Enable_Double_Tap_Detection_Ext
 .text.BSP_ACCELERO_Set_Tap_Threshold_Ext
                0x0800f210       0x5c Drivers/BSP/SensorTile/SensorTile_accelero.o
                0x0800f210                BSP_ACCELERO_Set_Tap_Threshold_Ext
 .text.BSP_GG_Init
                0x0800f26c       0xe8 Drivers/BSP/SensorTile/SensorTile_gg.o
                0x0800f26c                BSP_GG_Init
 .text.BSP_GYRO_Init
                0x0800f354       0x4c Drivers/BSP/SensorTile/SensorTile_gyro.o
                0x0800f354                BSP_GYRO_Init
 .text.BSP_LSM6DSM_GYRO_Init
                0x0800f3a0      0x138 Drivers/BSP/SensorTile/SensorTile_gyro.o
 .text.BSP_GYRO_Sensor_Disable
                0x0800f4d8       0x48 Drivers/BSP/SensorTile/SensorTile_gyro.o
                0x0800f4d8                BSP_GYRO_Sensor_Disable
 .text.BSP_HUMIDITY_Init
                0x0800f520       0x4c Drivers/BSP/SensorTile/SensorTile_humidity.o
                0x0800f520                BSP_HUMIDITY_Init
 .text.BSP_HTS221_HUMIDITY_Init
                0x0800f56c       0xec Drivers/BSP/SensorTile/SensorTile_humidity.o
 .text.BSP_HUMIDITY_Sensor_Disable
                0x0800f658       0x48 Drivers/BSP/SensorTile/SensorTile_humidity.o
                0x0800f658                BSP_HUMIDITY_Sensor_Disable
 .text.BSP_MAGNETO_Init
                0x0800f6a0       0x4c Drivers/BSP/SensorTile/SensorTile_magneto.o
                0x0800f6a0                BSP_MAGNETO_Init
 .text.BSP_LSM303AGR_MAGNETO_Init
                0x0800f6ec      0x138 Drivers/BSP/SensorTile/SensorTile_magneto.o
 .text.BSP_MAGNETO_Sensor_Disable
                0x0800f824       0x48 Drivers/BSP/SensorTile/SensorTile_magneto.o
                0x0800f824                BSP_MAGNETO_Sensor_Disable
 .text.BSP_PRESSURE_Init
                0x0800f86c       0x4c Drivers/BSP/SensorTile/SensorTile_pressure.o
                0x0800f86c                BSP_PRESSURE_Init
 .text.BSP_LPS22HB_PRESSURE_Init
                0x0800f8b8      0x170 Drivers/BSP/SensorTile/SensorTile_pressure.o
 .text.BSP_PRESSURE_Sensor_Disable
                0x0800fa28       0x48 Drivers/BSP/SensorTile/SensorTile_pressure.o
                0x0800fa28                BSP_PRESSURE_Sensor_Disable
 .text.BSP_SD_Init
                0x0800fa70       0x44 Drivers/BSP/SensorTile/SensorTile_sd.o
                0x0800fa70                BSP_SD_Init
 .text.BSP_SD_GetCardInfo
                0x0800fab4       0x70 Drivers/BSP/SensorTile/SensorTile_sd.o
                0x0800fab4                BSP_SD_GetCardInfo
 .text.BSP_SD_ReadBlocks
                0x0800fb24       0xe8 Drivers/BSP/SensorTile/SensorTile_sd.o
                0x0800fb24                BSP_SD_ReadBlocks
 .text.BSP_SD_WriteBlocks
                0x0800fc0c       0xec Drivers/BSP/SensorTile/SensorTile_sd.o
                0x0800fc0c                BSP_SD_WriteBlocks
 .text.SD_GetCSDRegister
                0x0800fcf8      0x2d0 Drivers/BSP/SensorTile/SensorTile_sd.o
 .text.SD_GetCIDRegister
                0x0800ffc8      0x154 Drivers/BSP/SensorTile/SensorTile_sd.o
 .text.SD_SendCmd_wResp
                0x0801011c       0x28 Drivers/BSP/SensorTile/SensorTile_sd.o
 .text.SD_SendCmd
                0x08010144       0x40 Drivers/BSP/SensorTile/SensorTile_sd.o
 .text.SD_GetDataResponse
                0x08010184       0x6c Drivers/BSP/SensorTile/SensorTile_sd.o
 .text.BSP_SD_GetStatus
                0x080101f0       0x10 Drivers/BSP/SensorTile/SensorTile_sd.o
                0x080101f0                BSP_SD_GetStatus
 .text.SD_GoIdleState
                0x08010200      0x10c Drivers/BSP/SensorTile/SensorTile_sd.o
 .text.BSP_TEMPERATURE_Init
                0x0801030c       0x70 Drivers/BSP/SensorTile/SensorTile_temperature.o
                0x0801030c                BSP_TEMPERATURE_Init
 .text.BSP_LPS22HB_TEMPERATURE_Init
                0x0801037c      0x158 Drivers/BSP/SensorTile/SensorTile_temperature.o
 .text.BSP_HTS221_TEMPERATURE_Init
                0x080104d4       0xf4 Drivers/BSP/SensorTile/SensorTile_temperature.o
 .text.BSP_TEMPERATURE_Sensor_Disable
                0x080105c8       0x48 Drivers/BSP/SensorTile/SensorTile_temperature.o
                0x080105c8                BSP_TEMPERATURE_Sensor_Disable
 .text.SystemInit
                0x08010610       0x6c Drivers/CMSIS/system_stm32l4xx.o
                0x08010610                SystemInit
 .text.HAL_Init
                0x0801067c       0x2c Drivers/STM32L4xx_HAL_Driver/stm32l4xx_hal.o
                0x0801067c                HAL_Init
 .text.HAL_MspInit
                0x080106a8       0x10 Drivers/STM32L4xx_HAL_Driver/stm32l4xx_hal.o
                0x080106a8                HAL_MspInit
 .text.HAL_InitTick
                0x080106b8       0x38 Drivers/STM32L4xx_HAL_Driver/stm32l4xx_hal.o
                0x080106b8                HAL_InitTick
 .text.HAL_IncTick
                0x080106f0       0x1c Drivers/STM32L4xx_HAL_Driver/stm32l4xx_hal.o
                0x080106f0                HAL_IncTick
 .text.HAL_GetTick
                0x0801070c       0x18 Drivers/STM32L4xx_HAL_Driver/stm32l4xx_hal.o
                0x0801070c                HAL_GetTick
 .text.HAL_Delay
                0x08010724       0x2c Drivers/STM32L4xx_HAL_Driver/stm32l4xx_hal.o
                0x08010724                HAL_Delay
 .text.NVIC_SetPriorityGrouping
                0x08010750       0x48 Drivers/STM32L4xx_HAL_Driver/stm32l4xx_hal_cortex.o
 .text.NVIC_GetPriorityGrouping
                0x08010798       0x1c Drivers/STM32L4xx_HAL_Driver/stm32l4xx_hal_cortex.o
 .text.NVIC_EnableIRQ
                0x080107b4       0x34 Drivers/STM32L4xx_HAL_Driver/stm32l4xx_hal_cortex.o
 .text.NVIC_SetPriority
                0x080107e8       0x54 Drivers/STM32L4xx_HAL_Driver/stm32l4xx_hal_cortex.o
 .text.NVIC_EncodePriority
                0x0801083c       0x64 Drivers/STM32L4xx_HAL_Driver/stm32l4xx_hal_cortex.o
 .text.SysTick_Config
                0x080108a0       0x44 Drivers/STM32L4xx_HAL_Driver/stm32l4xx_hal_cortex.o
 .text.HAL_NVIC_SetPriorityGrouping
                0x080108e4       0x18 Drivers/STM32L4xx_HAL_Driver/stm32l4xx_hal_cortex.o
                0x080108e4                HAL_NVIC_SetPriorityGrouping
 .text.HAL_NVIC_SetPriority
                0x080108fc       0x38 Drivers/STM32L4xx_HAL_Driver/stm32l4xx_hal_cortex.o
                0x080108fc                HAL_NVIC_SetPriority
 .text.HAL_NVIC_EnableIRQ
                0x08010934       0x1c Drivers/STM32L4xx_HAL_Driver/stm32l4xx_hal_cortex.o
                0x08010934                HAL_NVIC_EnableIRQ
 .text.HAL_SYSTICK_Config
                0x08010950       0x18 Drivers/STM32L4xx_HAL_Driver/stm32l4xx_hal_cortex.o
                0x08010950                HAL_SYSTICK_Config
 .text.HAL_GPIO_Init
                0x08010968      0x358 Drivers/STM32L4xx_HAL_Driver/stm32l4xx_hal_gpio.o
                0x08010968                HAL_GPIO_Init
 .text.HAL_GPIO_WritePin
                0x08010cc0       0x30 Drivers/STM32L4xx_HAL_Driver/stm32l4xx_hal_gpio.o
                0x08010cc0                HAL_GPIO_WritePin
 .text.HAL_GPIO_EXTI_IRQHandler
                0x08010cf0       0x30 Drivers/STM32L4xx_HAL_Driver/stm32l4xx_hal_gpio.o
                0x08010cf0                HAL_GPIO_EXTI_IRQHandler
 .text.HAL_I2C_Init
                0x08010d20      0x114 Drivers/STM32L4xx_HAL_Driver/stm32l4xx_hal_i2c.o
                0x08010d20                HAL_I2C_Init
 .text.HAL_I2C_DeInit
                0x08010e34       0x60 Drivers/STM32L4xx_HAL_Driver/stm32l4xx_hal_i2c.o
                0x08010e34                HAL_I2C_DeInit
 .text.HAL_I2C_MspInit
                0x08010e94       0x14 Drivers/STM32L4xx_HAL_Driver/stm32l4xx_hal_i2c.o
                0x08010e94                HAL_I2C_MspInit
 .text.HAL_I2C_MspDeInit
                0x08010ea8       0x14 Drivers/STM32L4xx_HAL_Driver/stm32l4xx_hal_i2c.o
                0x08010ea8                HAL_I2C_MspDeInit
 .text.HAL_I2C_Mem_Write
                0x08010ebc      0x24c Drivers/STM32L4xx_HAL_Driver/stm32l4xx_hal_i2c.o
                0x08010ebc                HAL_I2C_Mem_Write
 .text.HAL_I2C_Mem_Read
                0x08011108      0x24c Drivers/STM32L4xx_HAL_Driver/stm32l4xx_hal_i2c.o
                0x08011108                HAL_I2C_Mem_Read
 .text.HAL_I2C_GetState
                0x08011354       0x1c Drivers/STM32L4xx_HAL_Driver/stm32l4xx_hal_i2c.o
                0x08011354                HAL_I2C_GetState
 .text.I2C_RequestMemoryWrite
                0x08011370       0xc0 Drivers/STM32L4xx_HAL_Driver/stm32l4xx_hal_i2c.o
 .text.I2C_RequestMemoryRead
                0x08011430       0xbc Drivers/STM32L4xx_HAL_Driver/stm32l4xx_hal_i2c.o
 .text.I2C_Flush_TXDR
                0x080114ec       0x48 Drivers/STM32L4xx_HAL_Driver/stm32l4xx_hal_i2c.o
 .text.I2C_WaitOnFlagUntilTimeout
                0x08011534       0x74 Drivers/STM32L4xx_HAL_Driver/stm32l4xx_hal_i2c.o
 .text.I2C_WaitOnTXISFlagUntilTimeout
                0x080115a8       0x80 Drivers/STM32L4xx_HAL_Driver/stm32l4xx_hal_i2c.o
 .text.I2C_WaitOnSTOPFlagUntilTimeout
                0x08011628       0x78 Drivers/STM32L4xx_HAL_Driver/stm32l4xx_hal_i2c.o
 .text.I2C_IsAcknowledgeFailed
                0x080116a0       0xbc Drivers/STM32L4xx_HAL_Driver/stm32l4xx_hal_i2c.o
 .text.I2C_TransferConfig
                0x0801175c       0x5c Drivers/STM32L4xx_HAL_Driver/stm32l4xx_hal_i2c.o
 .text.HAL_PCD_Init
                0x080117b8      0x23c Drivers/STM32L4xx_HAL_Driver/stm32l4xx_hal_pcd.o
                0x080117b8                HAL_PCD_Init
 .text.HAL_PCD_Start
                0x080119f4       0x44 Drivers/STM32L4xx_HAL_Driver/stm32l4xx_hal_pcd.o
                0x080119f4                HAL_PCD_Start
 .text.HAL_PCD_IRQHandler
                0x08011a38      0x970 Drivers/STM32L4xx_HAL_Driver/stm32l4xx_hal_pcd.o
                0x08011a38                HAL_PCD_IRQHandler
 .text.HAL_PCD_SetAddress
                0x080123a8       0x4c Drivers/STM32L4xx_HAL_Driver/stm32l4xx_hal_pcd.o
                0x080123a8                HAL_PCD_SetAddress
 .text.HAL_PCD_EP_Open
                0x080123f4       0xb8 Drivers/STM32L4xx_HAL_Driver/stm32l4xx_hal_pcd.o
                0x080123f4                HAL_PCD_EP_Open
 .text.HAL_PCD_EP_Close
                0x080124ac       0x9c Drivers/STM32L4xx_HAL_Driver/stm32l4xx_hal_pcd.o
                0x080124ac                HAL_PCD_EP_Close
 .text.HAL_PCD_EP_Receive
                0x08012548       0xa8 Drivers/STM32L4xx_HAL_Driver/stm32l4xx_hal_pcd.o
                0x08012548                HAL_PCD_EP_Receive
 .text.HAL_PCD_EP_GetRxCount
                0x080125f0       0x34 Drivers/STM32L4xx_HAL_Driver/stm32l4xx_hal_pcd.o
                0x080125f0                HAL_PCD_EP_GetRxCount
 .text.HAL_PCD_EP_Transmit
                0x08012624       0xa8 Drivers/STM32L4xx_HAL_Driver/stm32l4xx_hal_pcd.o
                0x08012624                HAL_PCD_EP_Transmit
 .text.HAL_PCD_EP_SetStall
                0x080126cc       0xbc Drivers/STM32L4xx_HAL_Driver/stm32l4xx_hal_pcd.o
                0x080126cc                HAL_PCD_EP_SetStall
 .text.HAL_PCD_EP_ClrStall
                0x08012788       0x9c Drivers/STM32L4xx_HAL_Driver/stm32l4xx_hal_pcd.o
                0x08012788                HAL_PCD_EP_ClrStall
 .text.PCD_WriteEmptyTxFifo
                0x08012824      0x11c Drivers/STM32L4xx_HAL_Driver/stm32l4xx_hal_pcd.o
 .text.HAL_PCDEx_SetTxFiFo
                0x08012940       0x9c Drivers/STM32L4xx_HAL_Driver/stm32l4xx_hal_pcd_ex.o
                0x08012940                HAL_PCDEx_SetTxFiFo
 .text.HAL_PCDEx_SetRxFiFo
                0x080129dc       0x24 Drivers/STM32L4xx_HAL_Driver/stm32l4xx_hal_pcd_ex.o
                0x080129dc                HAL_PCDEx_SetRxFiFo
 .text.HAL_PCDEx_ActivateLPM
                0x08012a00       0x48 Drivers/STM32L4xx_HAL_Driver/stm32l4xx_hal_pcd_ex.o
                0x08012a00                HAL_PCDEx_ActivateLPM
 .text.HAL_PCDEx_ActivateBCD
                0x08012a48       0x30 Drivers/STM32L4xx_HAL_Driver/stm32l4xx_hal_pcd_ex.o
                0x08012a48                HAL_PCDEx_ActivateBCD
 .text.HAL_PCDEx_LPM_Callback
                0x08012a78       0x18 Drivers/STM32L4xx_HAL_Driver/stm32l4xx_hal_pcd_ex.o
                0x08012a78                HAL_PCDEx_LPM_Callback
 .text.HAL_PWR_EnableBkUpAccess
                0x08012a90       0x20 Drivers/STM32L4xx_HAL_Driver/stm32l4xx_hal_pwr.o
                0x08012a90                HAL_PWR_EnableBkUpAccess
 .text.HAL_PWREx_GetVoltageRange
                0x08012ab0       0x1c Drivers/STM32L4xx_HAL_Driver/stm32l4xx_hal_pwr_ex.o
                0x08012ab0                HAL_PWREx_GetVoltageRange
 .text.HAL_PWREx_EnableVddUSB
                0x08012acc       0x20 Drivers/STM32L4xx_HAL_Driver/stm32l4xx_hal_pwr_ex.o