Archive member included to satisfy reference by file (symbol)

c:/users/prateek karkare/.p2/pool/plugins/fr.ac6.mcu.externaltools.arm-none.win32_1.13.1.201701200843/tools/compiler/bin/../lib/gcc/arm-none-eabi/5.4.1/armv7e-m/fpu\libgcc.a(_arm_addsubdf3.o)
                              DataLog/User/datalog_application.o (__aeabi_i2d)
c:/users/prateek karkare/.p2/pool/plugins/fr.ac6.mcu.externaltools.arm-none.win32_1.13.1.201701200843/tools/compiler/bin/../lib/gcc/arm-none-eabi/5.4.1/armv7e-m/fpu\libgcc.a(_arm_muldivdf3.o)
                              DataLog/User/datalog_application.o (__aeabi_dmul)
c:/users/prateek karkare/.p2/pool/plugins/fr.ac6.mcu.externaltools.arm-none.win32_1.13.1.201701200843/tools/compiler/bin/../lib/gcc/arm-none-eabi/5.4.1/armv7e-m/fpu\libgcc.a(_arm_fixdfsi.o)
                              DataLog/User/datalog_application.o (__aeabi_d2iz)
c:/users/prateek karkare/.p2/pool/plugins/fr.ac6.mcu.externaltools.arm-none.win32_1.13.1.201701200843/tools/compiler/bin/../lib/gcc/arm-none-eabi/5.4.1/armv7e-m/fpu\libgcc.a(_aeabi_ldivmod.o)
                              Drivers/BSP/Components/LSM303AGR_ACC_driver.o (__aeabi_ldivmod)
c:/users/prateek karkare/.p2/pool/plugins/fr.ac6.mcu.externaltools.arm-none.win32_1.13.1.201701200843/tools/compiler/bin/../lib/gcc/arm-none-eabi/5.4.1/armv7e-m/fpu\libgcc.a(_udivmoddi4.o)
                              c:/users/prateek karkare/.p2/pool/plugins/fr.ac6.mcu.externaltools.arm-none.win32_1.13.1.201701200843/tools/compiler/bin/../lib/gcc/arm-none-eabi/5.4.1/armv7e-m/fpu\libgcc.a(_aeabi_ldivmod.o) (__udivmoddi4)
c:/users/prateek karkare/.p2/pool/plugins/fr.ac6.mcu.externaltools.arm-none.win32_1.13.1.201701200843/tools/compiler/bin/../lib/gcc/arm-none-eabi/5.4.1/armv7e-m/fpu\libgcc.a(_dvmd_tls.o)
                              c:/users/prateek karkare/.p2/pool/plugins/fr.ac6.mcu.externaltools.arm-none.win32_1.13.1.201701200843/tools/compiler/bin/../lib/gcc/arm-none-eabi/5.4.1/armv7e-m/fpu\libgcc.a(_aeabi_ldivmod.o) (__aeabi_ldiv0)
c:/users/prateek karkare/.p2/pool/plugins/fr.ac6.mcu.externaltools.arm-none.win32_1.13.1.201701200843/tools/compiler/bin/../lib/gcc/arm-none-eabi/5.4.1/../../../../arm-none-eabi/lib/armv7e-m/fpu\libc_nano.a(lib_a-errno.o)
                              DataLog/User/syscalls.o (__errno)
c:/users/prateek karkare/.p2/pool/plugins/fr.ac6.mcu.externaltools.arm-none.win32_1.13.1.201701200843/tools/compiler/bin/../lib/gcc/arm-none-eabi/5.4.1/../../../../arm-none-eabi/lib/armv7e-m/fpu\libc_nano.a(lib_a-exit.o)
                              c:/users/prateek karkare/.p2/pool/plugins/fr.ac6.mcu.externaltools.arm-none.win32_1.13.1.201701200843/tools/compiler/bin/../lib/gcc/arm-none-eabi/5.4.1/../../../../arm-none-eabi/lib/armv7e-m/fpu/crt0.o (exit)
c:/users/prateek karkare/.p2/pool/plugins/fr.ac6.mcu.externaltools.arm-none.win32_1.13.1.201701200843/tools/compiler/bin/../lib/gcc/arm-none-eabi/5.4.1/../../../../arm-none-eabi/lib/armv7e-m/fpu\libc_nano.a(lib_a-impure.o)
                              c:/users/prateek karkare/.p2/pool/plugins/fr.ac6.mcu.externaltools.arm-none.win32_1.13.1.201701200843/tools/compiler/bin/../lib/gcc/arm-none-eabi/5.4.1/../../../../arm-none-eabi/lib/armv7e-m/fpu\libc_nano.a(lib_a-exit.o) (_global_impure_ptr)
c:/users/prateek karkare/.p2/pool/plugins/fr.ac6.mcu.externaltools.arm-none.win32_1.13.1.201701200843/tools/compiler/bin/../lib/gcc/arm-none-eabi/5.4.1/../../../../arm-none-eabi/lib/armv7e-m/fpu\libc_nano.a(lib_a-init.o)
                              c:/users/prateek karkare/.p2/pool/plugins/fr.ac6.mcu.externaltools.arm-none.win32_1.13.1.201701200843/tools/compiler/bin/../lib/gcc/arm-none-eabi/5.4.1/../../../../arm-none-eabi/lib/armv7e-m/fpu/crt0.o (__libc_init_array)
c:/users/prateek karkare/.p2/pool/plugins/fr.ac6.mcu.externaltools.arm-none.win32_1.13.1.201701200843/tools/compiler/bin/../lib/gcc/arm-none-eabi/5.4.1/../../../../arm-none-eabi/lib/armv7e-m/fpu\libc_nano.a(lib_a-malloc.o)
                              Middlewares/FatFs/syscall.o (malloc)
c:/users/prateek karkare/.p2/pool/plugins/fr.ac6.mcu.externaltools.arm-none.win32_1.13.1.201701200843/tools/compiler/bin/../lib/gcc/arm-none-eabi/5.4.1/../../../../arm-none-eabi/lib/armv7e-m/fpu\libc_nano.a(lib_a-memcpy-stub.o)
                              DataLog/User/datalog_application.o (memcpy)
c:/users/prateek karkare/.p2/pool/plugins/fr.ac6.mcu.externaltools.arm-none.win32_1.13.1.201701200843/tools/compiler/bin/../lib/gcc/arm-none-eabi/5.4.1/../../../../arm-none-eabi/lib/armv7e-m/fpu\libc_nano.a(lib_a-memset.o)
                              c:/users/prateek karkare/.p2/pool/plugins/fr.ac6.mcu.externaltools.arm-none.win32_1.13.1.201701200843/tools/compiler/bin/../lib/gcc/arm-none-eabi/5.4.1/../../../../arm-none-eabi/lib/armv7e-m/fpu/crt0.o (memset)
[...]
Memory Configuration

Name             Origin             Length             Attributes
FLASH            0x08004000         0x00040000         xr
RAM              0x20000000         0x00018000         xrw
SRAM2            0x10000000         0x00008000         xrw
*default*        0x00000000         0xffffffff

Linker script and memory map

LOAD c:/users/prateek karkare/.p2/pool/plugins/fr.ac6.mcu.externaltools.arm-none.win32_1.13.1.201701200843/tools/compiler/bin/../lib/gcc/arm-none-eabi/5.4.1/armv7e-m/fpu/crti.o
LOAD c:/users/prateek karkare/.p2/pool/plugins/fr.ac6.mcu.externaltools.arm-none.win32_1.13.1.201701200843/tools/compiler/bin/../lib/gcc/arm-none-eabi/5.4.1/armv7e-m/fpu/crtbegin.o
LOAD c:/users/prateek karkare/.p2/pool/plugins/fr.ac6.mcu.externaltools.arm-none.win32_1.13.1.201701200843/tools/compiler/bin/../lib/gcc/arm-none-eabi/5.4.1/../../../../arm-none-eabi/lib/armv7e-m/fpu/crt0.o
LOAD c:/users/prateek karkare/.p2/pool/plugins/fr.ac6.mcu.externaltools.arm-none.win32_1.13.1.201701200843/tools/compiler/bin/../lib/gcc/arm-none-eabi/5.4.1/../../../../arm-none-eabi/lib/armv7e-m/fpu\libm.a
LOAD DataLog/SW4STM32/startup_stm32l476xx.o
LOAD DataLog/User/cube_hal_l4.o
LOAD DataLog/User/datalog_application.o
LOAD DataLog/User/main.o
LOAD DataLog/User/stm32l4xx_hal_msp.o
LOAD DataLog/User/stm32l4xx_it.o
LOAD DataLog/User/syscalls.o
LOAD DataLog/User/usbd_cdc_interface.o
LOAD DataLog/User/usbd_conf.o
LOAD DataLog/User/usbd_desc.o
LOAD Drivers/BSP/Components/HTS221_Driver.o
LOAD Drivers/BSP/Components/HTS221_Driver_HL.o
LOAD Drivers/BSP/Components/LPS22HB_Driver.o
LOAD Drivers/BSP/Components/LPS22HB_Driver_HL.o
LOAD Drivers/BSP/Components/LSM303AGR_ACC_driver.o
LOAD Drivers/BSP/Components/LSM303AGR_ACC_driver_HL.o
LOAD Drivers/BSP/Components/LSM303AGR_MAG_driver.o
LOAD Drivers/BSP/Components/LSM303AGR_MAG_driver_HL.o
LOAD Drivers/BSP/Components/LSM6DSM_ACC_GYRO_driver.o
LOAD Drivers/BSP/Components/LSM6DSM_ACC_GYRO_driver_HL.o
LOAD Drivers/BSP/Components/STC3115_Driver.o
LOAD Drivers/BSP/SensorTile/SensorTile.o
LOAD Drivers/BSP/SensorTile/SensorTile_accelero.o
LOAD Drivers/BSP/SensorTile/SensorTile_gg.o
LOAD Drivers/BSP/SensorTile/SensorTile_gyro.o
LOAD Drivers/BSP/SensorTile/SensorTile_humidity.o
LOAD Drivers/BSP/SensorTile/SensorTile_magneto.o
LOAD Drivers/BSP/SensorTile/SensorTile_pressure.o
LOAD Drivers/BSP/SensorTile/SensorTile_sd.o
LOAD Drivers/BSP/SensorTile/SensorTile_temperature.o
LOAD Drivers/CMSIS/system_stm32l4xx.o
LOAD Drivers/STM32L4xx_HAL_Driver/stm32l4xx_hal.o
LOAD Drivers/STM32L4xx_HAL_Driver/stm32l4xx_hal_cortex.o
LOAD Drivers/STM32L4xx_HAL_Driver/stm32l4xx_hal_dma.o
LOAD Drivers/STM32L4xx_HAL_Driver/stm32l4xx_hal_gpio.o
LOAD Drivers/STM32L4xx_HAL_Driver/stm32l4xx_hal_i2c.o
LOAD Drivers/STM32L4xx_HAL_Driver/stm32l4xx_hal_i2c_ex.o
LOAD Drivers/STM32L4xx_HAL_Driver/stm32l4xx_hal_pcd.o
LOAD Drivers/STM32L4xx_HAL_Driver/stm32l4xx_hal_pcd_ex.o
LOAD Drivers/STM32L4xx_HAL_Driver/stm32l4xx_hal_pwr.o
LOAD Drivers/STM32L4xx_HAL_Driver/stm32l4xx_hal_pwr_ex.o
LOAD Drivers/STM32L4xx_HAL_Driver/stm32l4xx_hal_rcc.o
LOAD Drivers/STM32L4xx_HAL_Driver/stm32l4xx_hal_rcc_ex.o
LOAD Drivers/STM32L4xx_HAL_Driver/stm32l4xx_hal_rtc.o
LOAD Drivers/STM32L4xx_HAL_Driver/stm32l4xx_hal_rtc_ex.o
LOAD Drivers/STM32L4xx_HAL_Driver/stm32l4xx_hal_spi.o
LOAD Drivers/STM32L4xx_HAL_Driver/stm32l4xx_hal_spi_ex.o
LOAD Drivers/STM32L4xx_HAL_Driver/stm32l4xx_hal_tim.o
LOAD Drivers/STM32L4xx_HAL_Driver/stm32l4xx_hal_tim_ex.o
LOAD Drivers/STM32L4xx_HAL_Driver/stm32l4xx_ll_usb.o
LOAD Middlewares/FatFs/diskio.o
LOAD Middlewares/FatFs/ff.o
LOAD Middlewares/FatFs/ff_gen_drv.o
LOAD Middlewares/FatFs/sd_diskio.o
LOAD Middlewares/FatFs/syscall.o
LOAD Middlewares/FatFs/unicode.o
LOAD Middlewares/STM32_USBD_Library/Class/usbd_cdc.o
LOAD Middlewares/STM32_USBD_Library/Core/usbd_core.o
LOAD Middlewares/STM32_USBD_Library/Core/usbd_ctlreq.o
LOAD Middlewares/STM32_USBD_Library/Core/usbd_ioreq.o
START GROUP
LOAD c:/users/prateek karkare/.p2/pool/plugins/fr.ac6.mcu.externaltools.arm-none.win32_1.13.1.201701200843/tools/compiler/bin/../lib/gcc/arm-none-eabi/5.4.1/armv7e-m/fpu\libgcc.a
LOAD c:/users/prateek karkare/.p2/pool/plugins/fr.ac6.mcu.externaltools.arm-none.win32_1.13.1.201701200843/tools/compiler/bin/../lib/gcc/arm-none-eabi/5.4.1/../../../../arm-none-eabi/lib/armv7e-m/fpu\libc_nano.a
END GROUP
START GROUP
LOAD c:/users/prateek karkare/.p2/pool/plugins/fr.ac6.mcu.externaltools.arm-none.win32_1.13.1.201701200843/tools/compiler/bin/../lib/gcc/arm-none-eabi/5.4.1/armv7e-m/fpu\libgcc.a
LOAD c:/users/prateek karkare/.p2/pool/plugins/fr.ac6.mcu.externaltools.arm-none.win32_1.13.1.201701200843/tools/compiler/bin/../lib/gcc/arm-none-eabi/5.4.1/../../../../arm-none-eabi/lib/armv7e-m/fpu\libc_nano.a
END GROUP
LOAD c:/users/prateek karkare/.p2/pool/plugins/fr.ac6.mcu.externaltools.arm-none.win32_1.13.1.201701200843/tools/compiler/bin/../lib/gcc/arm-none-eabi/5.4.1/armv7e-m/fpu/crtend.o
LOAD c:/users/prateek karkare/.p2/pool/plugins/fr.ac6.mcu.externaltools.arm-none.win32_1.13.1.201701200843/tools/compiler/bin/../lib/gcc/arm-none-eabi/5.4.1/armv7e-m/fpu/crtn.o
                0x20017fff                _estack = 0x20017fff
                0x00002000                _Min_Heap_Size = 0x2000
                0x00002000                _Min_Stack_Size = 0x2000

.isr_vector     0x08004000      0x188
                0x08004000                . = ALIGN (0x8)
 *(.isr_vector)
 .isr_vector    0x08004000      0x188 DataLog/SW4STM32/startup_stm32l476xx.o
                0x08004000                g_pfnVectors
                0x08004188                . = ALIGN (0x8)

.text           0x08004190    0x15580
                0x08004190                . = ALIGN (0x8)
 *(.text)
 .text          0x08004190       0x5c c:/users/prateek karkare/.p2/pool/plugins/fr.ac6.mcu.externaltools.arm-none.win32_1.13.1.201701200843/tools/compiler/bin/../lib/gcc/arm-none-eabi/5.4.1/armv7e-m/fpu/crtbegin.o
 .text          0x080041ec       0xa0 c:/users/prateek karkare/.p2/pool/plugins/fr.ac6.mcu.externaltools.arm-none.win32_1.13.1.201701200843/tools/compiler/bin/../lib/gcc/arm-none-eabi/5.4.1/armv7e-m/fpu\libgcc.a(_aeabi_ldivmod.o)
                0x080041ec                __aeabi_ldivmod
 .text          0x0800428c      0x2e4 c:/users/prateek karkare/.p2/pool/plugins/fr.ac6.mcu.externaltools.arm-none.win32_1.13.1.201701200843/tools/compiler/bin/../lib/gcc/arm-none-eabi/5.4.1/armv7e-m/fpu\libgcc.a(_udivmoddi4.o)
                0x0800428c                __udivmoddi4
 .text          0x08004570        0x4 c:/users/prateek karkare/.p2/pool/plugins/fr.ac6.mcu.externaltools.arm-none.win32_1.13.1.201701200843/tools/compiler/bin/../lib/gcc/arm-none-eabi/5.4.1/armv7e-m/fpu\libgcc.a(_dvmd_tls.o)
                0x08004570                __aeabi_idiv0
                0x08004570                __aeabi_ldiv0
 *fill*         0x08004574        0xc 
 .text          0x08004580       0xa0 c:/users/prateek karkare/.p2/pool/plugins/fr.ac6.mcu.externaltools.arm-none.win32_1.13.1.201701200843/tools/compiler/bin/../lib/gcc/arm-none-eabi/5.4.1/../../../../arm-none-eabi/lib/armv7e-m/fpu\libc_nano.a(lib_a-memchr.o)
                0x08004580                memchr
 *(.text*)
 .text.Reset_Handler
                0x08004620       0x50 DataLog/SW4STM32/startup_stm32l476xx.o
                0x08004620                Reset_Handler
 .text.Default_Handler
                0x08004670        0x2 DataLog/SW4STM32/startup_stm32l476xx.o
                0x08004670                RTC_Alarm_IRQHandler
                0x08004670                TIM8_TRG_COM_IRQHandler
                0x08004670                TIM8_CC_IRQHandler
                0x08004670                TIM1_CC_IRQHandler
                0x08004670                TSC_IRQHandler
                0x08004670                TAMP_STAMP_IRQHandler
                0x08004670                PendSV_Handler
                0x08004670                EXTI3_IRQHandler
                0x08004670                LPTIM2_IRQHandler
                0x08004670                DFSDM1_FLT1_IRQHandler
                0x08004670                I2C3_ER_IRQHandler
                0x08004670                DFSDM1_FLT2_IRQHandler
                0x08004670                EXTI0_IRQHandler
                0x08004670                I2C2_EV_IRQHandler
                0x08004670                CAN1_RX0_IRQHandler
                0x08004670                FPU_IRQHandler
                0x08004670                TIM1_UP_TIM16_IRQHandler
                0x08004670                UsageFault_Handler
                0x08004670                ADC1_2_IRQHandler
                0x08004670                SPI1_IRQHandler
                0x08004670                TIM6_DAC_IRQHandler
                0x08004670                TIM8_UP_IRQHandler
                0x08004670                DMA2_Channel2_IRQHandler
                0x08004670                DMA1_Channel4_IRQHandler
                0x08004670                SAI2_IRQHandler
                0x08004670                DFSDM1_FLT3_IRQHandler
                0x08004670                USART3_IRQHandler
                0x08004670                DMA1_Channel7_IRQHandler
                0x08004670                CAN1_RX1_IRQHandler
                0x08004670                LCD_IRQHandler
                0x08004670                UART5_IRQHandler
                0x08004670                ADC3_IRQHandler
                0x08004670                TIM4_IRQHandler
                0x08004670                DMA2_Channel1_IRQHandler
                0x08004670                QUADSPI_IRQHandler
                0x08004670                I2C1_EV_IRQHandler
                0x08004670                DMA1_Channel6_IRQHandler
                0x08004670                UART4_IRQHandler
                0x08004670                DMA2_Channel4_IRQHandler
                0x08004670                RCC_IRQHandler
                0x08004670                DMA1_Channel1_IRQHandler
                0x08004670                Default_Handler
                0x08004670                DMA2_Channel7_IRQHandler
                0x08004670                EXTI15_10_IRQHandler
                0x08004670                TIM7_IRQHandler
                0x08004670                SDMMC1_IRQHandler
                0x08004670                TIM5_IRQHandler
                0x08004670                I2C3_EV_IRQHandler
                0x08004670                EXTI9_5_IRQHandler
                0x08004670                RTC_WKUP_IRQHandler
                0x08004670                PVD_PVM_IRQHandler
                0x08004670                SPI2_IRQHandler
                0x08004670                MemManage_Handler
                0x08004670                CAN1_TX_IRQHandler
                0x08004670                SVC_Handler
                0x08004670                DMA2_Channel5_IRQHandler
                0x08004670                DMA1_Channel5_IRQHandler
                0x08004670                EXTI4_IRQHandler
                0x08004670                RNG_IRQHandler
                0x08004670                TIM1_TRG_COM_TIM17_IRQHandler
                0x08004670                DMA1_Channel3_IRQHandler
                0x08004670                COMP_IRQHandler
                0x08004670                WWDG_IRQHandler
                0x08004670                LPUART1_IRQHandler
                0x08004670                DMA2_Channel6_IRQHandler
                0x08004670                TIM2_IRQHandler
                0x08004670                EXTI1_IRQHandler
                0x08004670                USART2_IRQHandler
                0x08004670                DFSDM1_FLT0_IRQHandler
                0x08004670                I2C2_ER_IRQHandler
                0x08004670                DMA1_Channel2_IRQHandler
                0x08004670                TIM8_BRK_IRQHandler
                0x08004670                CAN1_SCE_IRQHandler
                0x08004670                FLASH_IRQHandler
                0x08004670                BusFault_Handler
                0x08004670                USART1_IRQHandler
                0x08004670                SPI3_IRQHandler
                0x08004670                I2C1_ER_IRQHandler
                0x08004670                FMC_IRQHandler
                0x08004670                SWPMI1_IRQHandler
                0x08004670                LPTIM1_IRQHandler
                0x08004670                SAI1_IRQHandler
                0x08004670                DMA2_Channel3_IRQHandler
                0x08004670                TIM1_BRK_TIM15_IRQHandler
 *fill*         0x08004672        0x2 
 .text.SystemClock_Config
                0x08004674      0x144 DataLog/User/cube_hal_l4.o
                0x08004674                SystemClock_Config
 .text.Error_Handler
                0x080047b8        0x8 DataLog/User/cube_hal_l4.o
 .text.DATALOG_SD_Init
                0x080047c0       0x54 DataLog/User/datalog_application.o
                0x080047c0                DATALOG_SD_Init
 .text.main     0x08004814       0xbc DataLog/User/main.o
                0x08004814                main
 .text.initializeAllSensors
                0x080048d0       0xf4 DataLog/User/main.o
 .text.disableAllSensors
                0x080049c4       0x78 DataLog/User/main.o
                0x080049c4                disableAllSensors
 .text.RTC_Config
                0x08004a3c       0x4c DataLog/User/main.o
 .text.RTC_TimeStampConfig
                0x08004a88       0x68 DataLog/User/main.o
 .text.HAL_GPIO_EXTI_Callback
                0x08004af0       0x20 DataLog/User/main.o
                0x08004af0                HAL_GPIO_EXTI_Callback
 .text.Error_Handler
                0x08004b10        0x8 DataLog/User/main.o
 .text.HAL_RTC_MspInit
                0x08004b18       0x34 DataLog/User/stm32l4xx_hal_msp.o
                0x08004b18                HAL_RTC_MspInit
 .text.NMI_Handler
                0x08004b4c       0x10 DataLog/User/stm32l4xx_it.o
                0x08004b4c                NMI_Handler
 .text.HardFault_Handler
                0x08004b5c        0x8 DataLog/User/stm32l4xx_it.o
                0x08004b5c                HardFault_Handler
 .text.DebugMon_Handler
                0x08004b64       0x10 DataLog/User/stm32l4xx_it.o
                0x08004b64                DebugMon_Handler
 .text.SysTick_Handler
                0x08004b74        0xc DataLog/User/stm32l4xx_it.o
                0x08004b74                SysTick_Handler
 .text.OTG_FS_IRQHandler
                0x08004b80       0x14 DataLog/User/stm32l4xx_it.o
                0x08004b80                OTG_FS_IRQHandler
 .text.TIM3_IRQHandler
                0x08004b94       0x14 DataLog/User/stm32l4xx_it.o
                0x08004b94                TIM3_IRQHandler
 .text.EXTI2_IRQHandler
                0x08004ba8       0x10 DataLog/User/stm32l4xx_it.o
                0x08004ba8                EXTI2_IRQHandler
 .text._sbrk    0x08004bb8       0x58 DataLog/User/syscalls.o
                0x08004bb8                _sbrk
 .text._write   0x08004c10       0x38 DataLog/User/syscalls.o
                0x08004c10                _write
 .text._close   0x08004c48       0x18 DataLog/User/syscalls.o
                0x08004c48                _close
 .text._fstat   0x08004c60       0x20 DataLog/User/syscalls.o
                0x08004c60                _fstat
 .text._isatty  0x08004c80       0x18 DataLog/User/syscalls.o
                0x08004c80                _isatty
 .text._lseek   0x08004c98       0x1c DataLog/User/syscalls.o
                0x08004c98                _lseek
 .text._read    0x08004cb4       0x24 DataLog/User/syscalls.o
                0x08004cb4                _read
 .text.CDC_Itf_Init
                0x08004cd8       0x74 DataLog/User/usbd_cdc_interface.o
 .text.CDC_Itf_DeInit
                0x08004d4c       0x10 DataLog/User/usbd_cdc_interface.o
 .text.CDC_Itf_Control
                0x08004d5c      0x15c DataLog/User/usbd_cdc_interface.o
 .text.CDC_Fill_Buffer
                0x08004eb8       0x54 DataLog/User/usbd_cdc_interface.o
                0x08004eb8                CDC_Fill_Buffer
 .text.HAL_TIM_PeriodElapsedCallback
                0x08004f0c       0x90 DataLog/User/usbd_cdc_interface.o
                0x08004f0c                HAL_TIM_PeriodElapsedCallback
 .text.receive_complete
                0x08004f9c       0xd0 DataLog/User/usbd_cdc_interface.o
                0x08004f9c                receive_complete
 .text.CDC_Itf_Receive
                0x0800506c       0xd4 DataLog/User/usbd_cdc_interface.o
 .text.read_header_char
                0x08005140       0x58 DataLog/User/usbd_cdc_interface.o
                0x08005140                read_header_char
 .text.TIM_Config
                0x08005198       0x40 DataLog/User/usbd_cdc_interface.o
 .text.Error_Handler
                0x080051d8       0x10 DataLog/User/usbd_cdc_interface.o
 .text.HAL_PCD_MspInit
                0x080051e8       0x78 DataLog/User/usbd_conf.o
                0x080051e8                HAL_PCD_MspInit
 .text.HAL_PCD_SetupStageCallback
                0x08005260       0x24 DataLog/User/usbd_conf.o
                0x08005260                HAL_PCD_SetupStageCallback
 .text.HAL_PCD_DataOutStageCallback
                0x08005284       0x38 DataLog/User/usbd_conf.o
                0x08005284                HAL_PCD_DataOutStageCallback
 .text.HAL_PCD_DataInStageCallback
                0x080052bc       0x34 DataLog/User/usbd_conf.o
                0x080052bc                HAL_PCD_DataInStageCallback
 .text.HAL_PCD_SOFCallback
                0x080052f0       0x1c DataLog/User/usbd_conf.o
                0x080052f0                HAL_PCD_SOFCallback
 .text.HAL_PCD_ResetCallback
                0x0800530c       0x2c DataLog/User/usbd_conf.o
                0x0800530c                HAL_PCD_ResetCallback
 .text.HAL_PCD_SuspendCallback
                0x08005338       0x1c DataLog/User/usbd_conf.o
                0x08005338                HAL_PCD_SuspendCallback
 .text.HAL_PCD_ResumeCallback
                0x08005354       0x1c DataLog/User/usbd_conf.o
                0x08005354                HAL_PCD_ResumeCallback
 .text.HAL_PCD_ISOOUTIncompleteCallback
                0x08005370       0x24 DataLog/User/usbd_conf.o
                0x08005370                HAL_PCD_ISOOUTIncompleteCallback
 .text.HAL_PCD_ISOINIncompleteCallback
                0x08005394       0x24 DataLog/User/usbd_conf.o
                0x08005394                HAL_PCD_ISOINIncompleteCallback
 .text.HAL_PCD_ConnectCallback
                0x080053b8       0x1c DataLog/User/usbd_conf.o
                0x080053b8                HAL_PCD_ConnectCallback
 .text.HAL_PCD_DisconnectCallback
                0x080053d4       0x1c DataLog/User/usbd_conf.o
                0x080053d4                HAL_PCD_DisconnectCallback
 .text.USBD_LL_Init
                0x080053f0       0x94 DataLog/User/usbd_conf.o
                0x080053f0                USBD_LL_Init
 .text.USBD_LL_Start
                0x08005484       0x20 DataLog/User/usbd_conf.o
                0x08005484                USBD_LL_Start
 .text.USBD_LL_OpenEP
                0x080054a4       0x34 DataLog/User/usbd_conf.o
                0x080054a4                USBD_LL_OpenEP
 .text.USBD_LL_CloseEP
                0x080054d8       0x28 DataLog/User/usbd_conf.o
                0x080054d8                USBD_LL_CloseEP
 .text.USBD_LL_StallEP
                0x08005500       0x28 DataLog/User/usbd_conf.o
                0x08005500                USBD_LL_StallEP
 .text.USBD_LL_ClearStallEP
                0x08005528       0x28 DataLog/User/usbd_conf.o
                0x08005528                USBD_LL_ClearStallEP
 .text.USBD_LL_IsStallEP
                0x08005550       0x58 DataLog/User/usbd_conf.o
                0x08005550                USBD_LL_IsStallEP
 .text.USBD_LL_SetUSBAddress
                0x080055a8       0x28 DataLog/User/usbd_conf.o
                0x080055a8                USBD_LL_SetUSBAddress
 .text.USBD_LL_Transmit
                0x080055d0       0x30 DataLog/User/usbd_conf.o
                0x080055d0                USBD_LL_Transmit
 .text.USBD_LL_PrepareReceive
                0x08005600       0x30 DataLog/User/usbd_conf.o
                0x08005600                USBD_LL_PrepareReceive
 .text.USBD_LL_GetRxDataSize
                0x08005630       0x28 DataLog/User/usbd_conf.o
                0x08005630                USBD_LL_GetRxDataSize
 .text.USBD_VCP_DeviceDescriptor
                0x08005658       0x24 DataLog/User/usbd_desc.o
                0x08005658                USBD_VCP_DeviceDescriptor
 .text.USBD_VCP_LangIDStrDescriptor
                0x0800567c       0x24 DataLog/User/usbd_desc.o
                0x0800567c                USBD_VCP_LangIDStrDescriptor
 .text.USBD_VCP_ProductStrDescriptor
                0x080056a0       0x28 DataLog/User/usbd_desc.o
                0x080056a0                USBD_VCP_ProductStrDescriptor
 .text.USBD_VCP_ManufacturerStrDescriptor
                0x080056c8       0x28 DataLog/User/usbd_desc.o
                0x080056c8                USBD_VCP_ManufacturerStrDescriptor
 .text.USBD_VCP_SerialStrDescriptor
                0x080056f0       0x24 DataLog/User/usbd_desc.o
                0x080056f0                USBD_VCP_SerialStrDescriptor
 .text.USBD_VCP_ConfigStrDescriptor
                0x08005714       0x28 DataLog/User/usbd_desc.o
                0x08005714                USBD_VCP_ConfigStrDescriptor
 .text.USBD_VCP_InterfaceStrDescriptor
                0x0800573c       0x28 DataLog/User/usbd_desc.o
                0x0800573c                USBD_VCP_InterfaceStrDescriptor
 .text.Get_SerialNum
                0x08005764       0x58 DataLog/User/usbd_desc.o
 .text.IntToUnicode
                0x080057bc       0x7c DataLog/User/usbd_desc.o
 .text.HTS221_ReadReg
                0x08005838       0x34 Drivers/BSP/Components/HTS221_Driver.o
                0x08005838                HTS221_ReadReg
 .text.HTS221_WriteReg
                0x0800586c       0x34 Drivers/BSP/Components/HTS221_Driver.o
                0x0800586c                HTS221_WriteReg
 .text.HTS221_Get_DeviceID
                0x080058a0       0x2c Drivers/BSP/Components/HTS221_Driver.o
                0x080058a0                HTS221_Get_DeviceID
 .text.HTS221_Get_Humidity
                0x080058cc      0x154 Drivers/BSP/Components/HTS221_Driver.o
                0x080058cc                HTS221_Get_Humidity
 .text.HTS221_Get_Temperature
                0x08005a20      0x14c Drivers/BSP/Components/HTS221_Driver.o
                0x08005a20                HTS221_Get_Temperature
 .text.HTS221_Get_DataStatus
                0x08005b6c       0x48 Drivers/BSP/Components/HTS221_Driver.o
                0x08005b6c                HTS221_Get_DataStatus
 .text.HTS221_Activate
                0x08005bb4       0x4c Drivers/BSP/Components/HTS221_Driver.o
                0x08005bb4                HTS221_Activate
 .text.HTS221_DeActivate
                0x08005c00       0x4c Drivers/BSP/Components/HTS221_Driver.o
                0x08005c00                HTS221_DeActivate
 .text.HTS221_Set_BduMode
                0x08005c4c       0x7c Drivers/BSP/Components/HTS221_Driver.o
                0x08005c4c                HTS221_Set_BduMode
 .text.HTS221_Set_Odr
                0x08005cc8       0x80 Drivers/BSP/Components/HTS221_Driver.o
                0x08005cc8                HTS221_Set_Odr
 .text.HTS221_Get_Odr
                0x08005d48       0x3c Drivers/BSP/Components/HTS221_Driver.o
                0x08005d48                HTS221_Get_Odr
 .text.HTS221_assert_failed
                0x08005d84       0x1c Drivers/BSP/Components/HTS221_Driver.o
                0x08005d84                HTS221_assert_failed
 .text.HTS221_H_Init
                0x08005da0       0x44 Drivers/BSP/Components/HTS221_Driver_HL.o
 .text.HTS221_H_DeInit
                0x08005de4       0x44 Drivers/BSP/Components/HTS221_Driver_HL.o
 .text.HTS221_H_Sensor_Enable
                0x08005e28       0x50 Drivers/BSP/Components/HTS221_Driver_HL.o
 .text.HTS221_H_Sensor_Disable
                0x08005e78       0x50 Drivers/BSP/Components/HTS221_Driver_HL.o
 .text.HTS221_H_Get_WhoAmI
                0x08005ec8       0x1c Drivers/BSP/Components/HTS221_Driver_HL.o
 .text.HTS221_H_Check_WhoAmI
                0x08005ee4       0x18 Drivers/BSP/Components/HTS221_Driver_HL.o
 .text.HTS221_H_Get_Hum
                0x08005efc       0x1c Drivers/BSP/Components/HTS221_Driver_HL.o
 .text.HTS221_H_Get_ODR
                0x08005f18       0x1c Drivers/BSP/Components/HTS221_Driver_HL.o
 .text.HTS221_H_Set_ODR
                0x08005f34       0x20 Drivers/BSP/Components/HTS221_Driver_HL.o
 .text.HTS221_H_Set_ODR_Value
                0x08005f54       0x20 Drivers/BSP/Components/HTS221_Driver_HL.o
 .text.HTS221_H_Read_Reg
                0x08005f74       0x30 Drivers/BSP/Components/HTS221_Driver_HL.o
 .text.HTS221_H_Write_Reg
                0x08005fa4       0x30 Drivers/BSP/Components/HTS221_Driver_HL.o
 .text.HTS221_H_Get_DRDY_Status
                0x08005fd4       0x4c Drivers/BSP/Components/HTS221_Driver_HL.o
 .text.HTS221_T_Init
                0x08006020       0x44 Drivers/BSP/Components/HTS221_Driver_HL.o
 .text.HTS221_T_DeInit
                0x08006064       0x44 Drivers/BSP/Components/HTS221_Driver_HL.o
 .text.HTS221_T_Sensor_Enable
                0x080060a8       0x50 Drivers/BSP/Components/HTS221_Driver_HL.o
 .text.HTS221_T_Sensor_Disable
                0x080060f8       0x50 Drivers/BSP/Components/HTS221_Driver_HL.o
 .text.HTS221_T_Get_WhoAmI
                0x08006148       0x1c Drivers/BSP/Components/HTS221_Driver_HL.o
 .text.HTS221_T_Check_WhoAmI
                0x08006164       0x18 Drivers/BSP/Components/HTS221_Driver_HL.o
 .text.HTS221_T_Get_Temp
                0x0800617c       0x1c Drivers/BSP/Components/HTS221_Driver_HL.o
 .text.HTS221_T_Get_ODR
                0x08006198       0x1c Drivers/BSP/Components/HTS221_Driver_HL.o
 .text.HTS221_T_Set_ODR
                0x080061b4       0x20 Drivers/BSP/Components/HTS221_Driver_HL.o
 .text.HTS221_T_Set_ODR_Value
                0x080061d4       0x20 Drivers/BSP/Components/HTS221_Driver_HL.o
 .text.HTS221_T_Read_Reg
                0x080061f4       0x30 Drivers/BSP/Components/HTS221_Driver_HL.o
 .text.HTS221_T_Write_Reg
                0x08006224       0x30 Drivers/BSP/Components/HTS221_Driver_HL.o
 .text.HTS221_T_Get_DRDY_Status
                0x08006254       0x4c Drivers/BSP/Components/HTS221_Driver_HL.o
 .text.HTS221_Init
                0x080062a0       0x58 Drivers/BSP/Components/HTS221_Driver_HL.o
 .text.HTS221_Sensor_Enable
                0x080062f8       0x24 Drivers/BSP/Components/HTS221_Driver_HL.o
 .text.HTS221_Sensor_Disable
                0x0800631c       0x24 Drivers/BSP/Components/HTS221_Driver_HL.o
 .text.HTS221_Get_WhoAmI
                0x08006340       0x28 Drivers/BSP/Components/HTS221_Driver_HL.o
 .text.HTS221_Check_WhoAmI
                0x08006368       0x3c Drivers/BSP/Components/HTS221_Driver_HL.o
 .text.HTS221_Get_Hum
                0x080063a4       0x48 Drivers/BSP/Components/HTS221_Driver_HL.o
 .text.HTS221_Get_Temp
                0x080063ec       0x48 Drivers/BSP/Components/HTS221_Driver_HL.o
 .text.HTS221_Get_ODR
                0x08006434       0x80 Drivers/BSP/Components/HTS221_Driver_HL.o
 .text.HTS221_Set_ODR
                0x080064b4       0x6c Drivers/BSP/Components/HTS221_Driver_HL.o
 .text.HTS221_Set_ODR_Value
                0x08006520       0x5c Drivers/BSP/Components/HTS221_Driver_HL.o
 .text.HTS221_Read_Reg
                0x0800657c       0x30 Drivers/BSP/Components/HTS221_Driver_HL.o
 .text.HTS221_Write_Reg
                0x080065ac       0x30 Drivers/BSP/Components/HTS221_Driver_HL.o
 .text.LPS22HB_ReadReg
                0x080065dc       0x34 Drivers/BSP/Components/LPS22HB_Driver.o
                0x080065dc                LPS22HB_ReadReg
 .text.LPS22HB_WriteReg
                0x08006610       0x34 Drivers/BSP/Components/LPS22HB_Driver.o
                0x08006610                LPS22HB_WriteReg
 .text.LPS22HB_Get_DeviceID
                0x08006644       0x2c Drivers/BSP/Components/LPS22HB_Driver.o
                0x08006644                LPS22HB_Get_DeviceID
 .text.LPS22HB_Set_PowerMode
                0x08006670       0x5c Drivers/BSP/Components/LPS22HB_Driver.o
                0x08006670                LPS22HB_Set_PowerMode
 .text.LPS22HB_Set_Odr
                0x080066cc       0x5c Drivers/BSP/Components/LPS22HB_Driver.o
                0x080066cc                LPS22HB_Set_Odr
 .text.LPS22HB_Get_Odr
                0x08006728       0x38 Drivers/BSP/Components/LPS22HB_Driver.o
                0x08006728                LPS22HB_Get_Odr
 .text.LPS22HB_Set_LowPassFilter
                0x08006760       0x64 Drivers/BSP/Components/LPS22HB_Driver.o
                0x08006760                LPS22HB_Set_LowPassFilter
 .text.LPS22HB_Set_LowPassFilterCutoff
                0x080067c4       0x5c Drivers/BSP/Components/LPS22HB_Driver.o
                0x080067c4                LPS22HB_Set_LowPassFilterCutoff
 .text.LPS22HB_Set_Bdu
                0x08006820       0x5c Drivers/BSP/Components/LPS22HB_Driver.o
                0x08006820                LPS22HB_Set_Bdu
 .text.LPS22HB_SwResetAndMemoryBoot
                0x0800687c       0x4c Drivers/BSP/Components/LPS22HB_Driver.o
                0x0800687c                LPS22HB_SwResetAndMemoryBoot
 .text.LPS22HB_Set_FifoModeUse
                0x080068c8       0x64 Drivers/BSP/Components/LPS22HB_Driver.o
                0x080068c8                LPS22HB_Set_FifoModeUse
 .text.LPS22HB_Set_FifoWatermarkLevelUse
                0x0800692c       0x64 Drivers/BSP/Components/LPS22HB_Driver.o
                0x0800692c                LPS22HB_Set_FifoWatermarkLevelUse
 .text.LPS22HB_Set_AutomaticIncrementRegAddress
                0x08006990       0x64 Drivers/BSP/Components/LPS22HB_Driver.o
                0x08006990                LPS22HB_Set_AutomaticIncrementRegAddress
 .text.LPS22HB_Set_I2C
                0x080069f4       0x68 Drivers/BSP/Components/LPS22HB_Driver.o
                0x080069f4                LPS22HB_Set_I2C
 .text.LPS22HB_Set_FIFO_OVR_Interrupt
                0x08006a5c       0x64 Drivers/BSP/Components/LPS22HB_Driver.o
                0x08006a5c                LPS22HB_Set_FIFO_OVR_Interrupt
 .text.LPS22HB_Set_FIFO_FTH_Interrupt
                0x08006ac0       0x64 Drivers/BSP/Components/LPS22HB_Driver.o
                0x08006ac0                LPS22HB_Set_FIFO_FTH_Interrupt
 .text.LPS22HB_Set_FIFO_FULL_Interrupt
                0x08006b24       0x64 Drivers/BSP/Components/LPS22HB_Driver.o
                0x08006b24                LPS22HB_Set_FIFO_FULL_Interrupt
 .text.LPS22HB_Get_DataStatus
                0x08006b88       0x64 Drivers/BSP/Components/LPS22HB_Driver.o
                0x08006b88                LPS22HB_Get_DataStatus
 .text.LPS22HB_Get_RawPressure
                0x08006bec       0x78 Drivers/BSP/Components/LPS22HB_Driver.o
                0x08006bec                LPS22HB_Get_RawPressure
 .text.LPS22HB_Get_Pressure
                0x08006c64       0x44 Drivers/BSP/Components/LPS22HB_Driver.o
                0x08006c64                LPS22HB_Get_Pressure
 .text.LPS22HB_Get_RawTemperature
                0x08006ca8       0x44 Drivers/BSP/Components/LPS22HB_Driver.o
                0x08006ca8                LPS22HB_Get_RawTemperature
 .text.LPS22HB_Get_Temperature
                0x08006cec       0x50 Drivers/BSP/Components/LPS22HB_Driver.o
                0x08006cec                LPS22HB_Get_Temperature
 .text.LPS22HB_Set_FifoMode
                0x08006d3c       0x5c Drivers/BSP/Components/LPS22HB_Driver.o
                0x08006d3c                LPS22HB_Set_FifoMode
 .text.LPS22HB_Get_FifoMode
                0x08006d98       0x3c Drivers/BSP/Components/LPS22HB_Driver.o
                0x08006d98                LPS22HB_Get_FifoMode
 .text.LPS22HB_Set_FifoWatermarkLevel
                0x08006dd4       0x5c Drivers/BSP/Components/LPS22HB_Driver.o
                0x08006dd4                LPS22HB_Set_FifoWatermarkLevel
 .text.LPS22HB_Get_FifoWatermarkLevel
                0x08006e30       0x38 Drivers/BSP/Components/LPS22HB_Driver.o
                0x08006e30                LPS22HB_Get_FifoWatermarkLevel
 .text.LPS22HB_Get_FifoStatus
                0x08006e68       0x80 Drivers/BSP/Components/LPS22HB_Driver.o
                0x08006e68                LPS22HB_Get_FifoStatus
 .text.LPS22HB_P_Init
                0x08006ee8       0x44 Drivers/BSP/Components/LPS22HB_Driver_HL.o
 .text.LPS22HB_P_DeInit
                0x08006f2c       0x40 Drivers/BSP/Components/LPS22HB_Driver_HL.o
 .text.LPS22HB_P_Sensor_Enable
                0x08006f6c       0x50 Drivers/BSP/Components/LPS22HB_Driver_HL.o
 .text.LPS22HB_P_Sensor_Disable
                0x08006fbc       0x50 Drivers/BSP/Components/LPS22HB_Driver_HL.o
 .text.LPS22HB_P_Get_WhoAmI
                0x0800700c       0x1c Drivers/BSP/Components/LPS22HB_Driver_HL.o
 .text.LPS22HB_P_Check_WhoAmI
                0x08007028       0x18 Drivers/BSP/Components/LPS22HB_Driver_HL.o
 .text.LPS22HB_P_Get_Press
                0x08007040       0x1c Drivers/BSP/Components/LPS22HB_Driver_HL.o
 .text.LPS22HB_P_Get_ODR
                0x0800705c       0x1c Drivers/BSP/Components/LPS22HB_Driver_HL.o
 .text.LPS22HB_P_Set_ODR
                0x08007078       0x54 Drivers/BSP/Components/LPS22HB_Driver_HL.o
 .text.LPS22HB_P_Set_ODR_Value
                0x080070cc       0x54 Drivers/BSP/Components/LPS22HB_Driver_HL.o
 .text.LPS22HB_P_Read_Reg
                0x08007120       0x30 Drivers/BSP/Components/LPS22HB_Driver_HL.o
 .text.LPS22HB_P_Write_Reg
                0x08007150       0x30 Drivers/BSP/Components/LPS22HB_Driver_HL.o
 .text.LPS22HB_P_Get_DRDY_Status
                0x08007180       0x30 Drivers/BSP/Components/LPS22HB_Driver_HL.o
 .text.LPS22HB_T_Init
                0x080071b0       0x44 Drivers/BSP/Components/LPS22HB_Driver_HL.o
 .text.LPS22HB_T_DeInit
                0x080071f4       0x40 Drivers/BSP/Components/LPS22HB_Driver_HL.o
 .text.LPS22HB_T_Sensor_Enable
                0x08007234       0x50 Drivers/BSP/Components/LPS22HB_Driver_HL.o
 .text.LPS22HB_T_Sensor_Disable
                0x08007284       0x50 Drivers/BSP/Components/LPS22HB_Driver_HL.o
 .text.LPS22HB_T_Get_WhoAmI
                0x080072d4       0x1c Drivers/BSP/Components/LPS22HB_Driver_HL.o
 .text.LPS22HB_T_Check_WhoAmI
                0x080072f0       0x18 Drivers/BSP/Components/LPS22HB_Driver_HL.o
 .text.LPS22HB_T_Get_Temp
                0x08007308       0x1c Drivers/BSP/Components/LPS22HB_Driver_HL.o
 .text.LPS22HB_T_Get_ODR
                0x08007324       0x1c Drivers/BSP/Components/LPS22HB_Driver_HL.o
 .text.LPS22HB_T_Set_ODR
                0x08007340       0x54 Drivers/BSP/Components/LPS22HB_Driver_HL.o
 .text.LPS22HB_T_Set_ODR_Value
                0x08007394       0x54 Drivers/BSP/Components/LPS22HB_Driver_HL.o
 .text.LPS22HB_T_Read_Reg
                0x080073e8       0x30 Drivers/BSP/Components/LPS22HB_Driver_HL.o
 .text.LPS22HB_T_Write_Reg
                0x08007418       0x30 Drivers/BSP/Components/LPS22HB_Driver_HL.o
 .text.LPS22HB_T_Get_DRDY_Status
                0x08007448       0x30 Drivers/BSP/Components/LPS22HB_Driver_HL.o
 .text.LPS22HB_Initialize
                0x08007478       0xbc Drivers/BSP/Components/LPS22HB_Driver_HL.o
 .text.LPS22HB_Get_WhoAmI
                0x08007534       0x28 Drivers/BSP/Components/LPS22HB_Driver_HL.o
 .text.LPS22HB_Check_WhoAmI
                0x0800755c       0x3c Drivers/BSP/Components/LPS22HB_Driver_HL.o
 .text.LPS22HB_Get_Press
                0x08007598       0x4c Drivers/BSP/Components/LPS22HB_Driver_HL.o
 .text.LPS22HB_Get_Temp
                0x080075e4       0x48 Drivers/BSP/Components/LPS22HB_Driver_HL.o
 .text.LPS22HB_Get_ODR
                0x0800762c       0xa0 Drivers/BSP/Components/LPS22HB_Driver_HL.o
 .text.LPS22HB_Set_ODR_When_Enabled
                0x080076cc       0x88 Drivers/BSP/Components/LPS22HB_Driver_HL.o
 .text.LPS22HB_Set_ODR_When_Disabled
                0x08007754       0x7c Drivers/BSP/Components/LPS22HB_Driver_HL.o
 .text.LPS22HB_Set_ODR_Value_When_Enabled
                0x080077d0       0xa4 Drivers/BSP/Components/LPS22HB_Driver_HL.o
 .text.LPS22HB_Set_ODR_Value_When_Disabled
                0x08007874       0x90 Drivers/BSP/Components/LPS22HB_Driver_HL.o
 .text.LPS22HB_Read_Reg
                0x08007904       0x30 Drivers/BSP/Components/LPS22HB_Driver_HL.o
 .text.LPS22HB_Write_Reg
                0x08007934       0x30 Drivers/BSP/Components/LPS22HB_Driver_HL.o
 .text.LPS22HB_FIFO_Get_Empty_Status
                0x08007964       0x30 Drivers/BSP/Components/LPS22HB_Driver_HL.o
 .text.LPS22HB_FIFO_Get_Full_Status
                0x08007994       0x30 Drivers/BSP/Components/LPS22HB_Driver_HL.o
 .text.LPS22HB_FIFO_Get_Ovr_Status
                0x080079c4       0x30 Drivers/BSP/Components/LPS22HB_Driver_HL.o
 .text.LPS22HB_FIFO_Get_Fth_Status
                0x080079f4       0x30 Drivers/BSP/Components/LPS22HB_Driver_HL.o
 .text.LPS22HB_FIFO_Stop_On_Fth
                0x08007a24       0x38 Drivers/BSP/Components/LPS22HB_Driver_HL.o
 .text.LPS22HB_FIFO_Usage
                0x08007a5c       0x38 Drivers/BSP/Components/LPS22HB_Driver_HL.o
 .text.LPS22HB_FIFO_Get_Num_Of_Samples
                0x08007a94       0x30 Drivers/BSP/Components/LPS22HB_Driver_HL.o
 .text.LPS22HB_FIFO_Get_Data
                0x08007ac4       0x3c Drivers/BSP/Components/LPS22HB_Driver_HL.o
 .text.LPS22HB_FIFO_Get_Mode
                0x08007b00       0x30 Drivers/BSP/Components/LPS22HB_Driver_HL.o
 .text.LPS22HB_FIFO_Set_Mode
                0x08007b30       0x50 Drivers/BSP/Components/LPS22HB_Driver_HL.o
 .text.LPS22HB_FIFO_Get_Watermark_Level
                0x08007b80       0x28 Drivers/BSP/Components/LPS22HB_Driver_HL.o
 .text.LPS22HB_FIFO_Set_Watermark_Level
                0x08007ba8       0x2c Drivers/BSP/Components/LPS22HB_Driver_HL.o
 .text.LPS22HB_FIFO_Watermark_Usage
                0x08007bd4       0x38 Drivers/BSP/Components/LPS22HB_Driver_HL.o
 .text.LPS22HB_FIFO_Set_Interrupt
                0x08007c0c       0x68 Drivers/BSP/Components/LPS22HB_Driver_HL.o
 .text.LPS22HB_FIFO_Reset_Interrupt
                0x08007c74       0x68 Drivers/BSP/Components/LPS22HB_Driver_HL.o
 .text.LSM303AGR_ACC_WriteReg
                0x08007cdc       0x34 Drivers/BSP/Components/LSM303AGR_ACC_driver.o
                0x08007cdc                LSM303AGR_ACC_WriteReg
 .text.LSM303AGR_ACC_ReadReg
                0x08007d10       0x34 Drivers/BSP/Components/LSM303AGR_ACC_driver.o
                0x08007d10                LSM303AGR_ACC_ReadReg
 .text.LSM303AGR_ACC_R_WHO_AM_I
                0x08007d44       0x3c Drivers/BSP/Components/LSM303AGR_ACC_driver.o
                0x08007d44                LSM303AGR_ACC_R_WHO_AM_I
 .text.LSM303AGR_ACC_W_BlockDataUpdate
                0x08007d80       0x5c Drivers/BSP/Components/LSM303AGR_ACC_driver.o
                0x08007d80                LSM303AGR_ACC_W_BlockDataUpdate
 .text.LSM303AGR_ACC_W_FullScale
                0x08007ddc       0x5c Drivers/BSP/Components/LSM303AGR_ACC_driver.o
                0x08007ddc                LSM303AGR_ACC_W_FullScale
 .text.LSM303AGR_ACC_R_FullScale
                0x08007e38       0x38 Drivers/BSP/Components/LSM303AGR_ACC_driver.o
                0x08007e38                LSM303AGR_ACC_R_FullScale
 .text.LSM303AGR_ACC_Get_Raw_Acceleration
                0x08007e70       0x2c Drivers/BSP/Components/LSM303AGR_ACC_driver.o
                0x08007e70                LSM303AGR_ACC_Get_Raw_Acceleration
 .text.LSM303AGR_ACC_Get_Acceleration
                0x08007e9c      0x1cc Drivers/BSP/Components/LSM303AGR_ACC_driver.o
                0x08007e9c                LSM303AGR_ACC_Get_Acceleration
 .text.LSM303AGR_ACC_W_ODR
                0x08008068       0x5c Drivers/BSP/Components/LSM303AGR_ACC_driver.o
                0x08008068                LSM303AGR_ACC_W_ODR
 .text.LSM303AGR_ACC_R_ODR
                0x080080c4       0x38 Drivers/BSP/Components/LSM303AGR_ACC_driver.o
                0x080080c4                LSM303AGR_ACC_R_ODR
 .text.LSM303AGR_ACC_W_XEN
                0x080080fc       0x5c Drivers/BSP/Components/LSM303AGR_ACC_driver.o
                0x080080fc                LSM303AGR_ACC_W_XEN
 .text.LSM303AGR_ACC_R_XEN
                0x08008158       0x38 Drivers/BSP/Components/LSM303AGR_ACC_driver.o
                0x08008158                LSM303AGR_ACC_R_XEN
 .text.LSM303AGR_ACC_W_YEN
                0x08008190       0x5c Drivers/BSP/Components/LSM303AGR_ACC_driver.o
                0x08008190                LSM303AGR_ACC_W_YEN
 .text.LSM303AGR_ACC_R_YEN
                0x080081ec       0x38 Drivers/BSP/Components/LSM303AGR_ACC_driver.o
                0x080081ec                LSM303AGR_ACC_R_YEN
 .text.LSM303AGR_ACC_W_ZEN
                0x08008224       0x5c Drivers/BSP/Components/LSM303AGR_ACC_driver.o
                0x08008224                LSM303AGR_ACC_W_ZEN
 .text.LSM303AGR_ACC_R_ZEN
                0x08008280       0x38 Drivers/BSP/Components/LSM303AGR_ACC_driver.o
                0x08008280                LSM303AGR_ACC_R_ZEN
 .text.LSM303AGR_ACC_R_LOWPWR_EN
                0x080082b8       0x38 Drivers/BSP/Components/LSM303AGR_ACC_driver.o
                0x080082b8                LSM303AGR_ACC_R_LOWPWR_EN
 .text.LSM303AGR_ACC_R_HiRes
                0x080082f0       0x38 Drivers/BSP/Components/LSM303AGR_ACC_driver.o
                0x080082f0                LSM303AGR_ACC_R_HiRes
 .text.LSM303AGR_ACC_R_XDataAvail
                0x08008328       0x38 Drivers/BSP/Components/LSM303AGR_ACC_driver.o
                0x08008328                LSM303AGR_ACC_R_XDataAvail
 .text.LSM303AGR_ACC_W_FifoMode
                0x08008360       0x5c Drivers/BSP/Components/LSM303AGR_ACC_driver.o
                0x08008360                LSM303AGR_ACC_W_FifoMode
 .text.LSM303AGR_X_Init
                0x080083bc       0xbc Drivers/BSP/Components/LSM303AGR_ACC_driver_HL.o
 .text.LSM303AGR_X_DeInit
                0x08008478       0x58 Drivers/BSP/Components/LSM303AGR_ACC_driver_HL.o
 .text.LSM303AGR_X_Sensor_Enable
                0x080084d0       0x4c Drivers/BSP/Components/LSM303AGR_ACC_driver_HL.o
 .text.LSM303AGR_X_Sensor_Disable
                0x0800851c       0x58 Drivers/BSP/Components/LSM303AGR_ACC_driver_HL.o
 .text.LSM303AGR_X_Get_WhoAmI
                0x08008574       0x28 Drivers/BSP/Components/LSM303AGR_ACC_driver_HL.o
 .text.LSM303AGR_X_Check_WhoAmI
                0x0800859c       0x3c Drivers/BSP/Components/LSM303AGR_ACC_driver_HL.o
 .text.LSM303AGR_X_Get_Axes
                0x080085d8       0x3c Drivers/BSP/Components/LSM303AGR_ACC_driver_HL.o
 .text.LSM303AGR_X_Get_AxesRaw
                0x08008614       0x44 Drivers/BSP/Components/LSM303AGR_ACC_driver_HL.o
 .text.LSM303AGR_X_Get_Sensitivity
                0x08008658       0x88 Drivers/BSP/Components/LSM303AGR_ACC_driver_HL.o
 .text.LSM303AGR_X_Get_ODR
                0x080086e0       0xc4 Drivers/BSP/Components/LSM303AGR_ACC_driver_HL.o
 .text.LSM303AGR_X_Set_ODR
                0x080087a4       0x48 Drivers/BSP/Components/LSM303AGR_ACC_driver_HL.o
 .text.LSM303AGR_X_Set_ODR_Value
                0x080087ec       0x48 Drivers/BSP/Components/LSM303AGR_ACC_driver_HL.o
 .text.LSM303AGR_X_Get_FS
                0x08008834       0x7c Drivers/BSP/Components/LSM303AGR_ACC_driver_HL.o
 .text.LSM303AGR_X_Set_FS
                0x080088b0       0x50 Drivers/BSP/Components/LSM303AGR_ACC_driver_HL.o
 .text.LSM303AGR_X_Set_FS_Value
                0x08008900       0x70 Drivers/BSP/Components/LSM303AGR_ACC_driver_HL.o
 .text.LSM303AGR_X_Get_Axes_Status
                0x08008970       0x8c Drivers/BSP/Components/LSM303AGR_ACC_driver_HL.o
 .text.LSM303AGR_X_Set_Axes_Status
                0x080089fc       0x78 Drivers/BSP/Components/LSM303AGR_ACC_driver_HL.o
 .text.LSM303AGR_X_Read_Reg
                0x08008a74       0x30 Drivers/BSP/Components/LSM303AGR_ACC_driver_HL.o
 .text.LSM303AGR_X_Write_Reg
                0x08008aa4       0x30 Drivers/BSP/Components/LSM303AGR_ACC_driver_HL.o
 .text.LSM303AGR_X_Get_DRDY_Status
                0x08008ad4       0x48 Drivers/BSP/Components/LSM303AGR_ACC_driver_HL.o
 .text.LSM303AGR_X_Get_Axes_Raw
                0x08008b1c       0xd0 Drivers/BSP/Components/LSM303AGR_ACC_driver_HL.o
 .text.LSM303AGR_X_Set_ODR_When_Enabled
                0x08008bec       0x6c Drivers/BSP/Components/LSM303AGR_ACC_driver_HL.o
 .text.LSM303AGR_X_Set_ODR_When_Disabled
                0x08008c58       0x84 Drivers/BSP/Components/LSM303AGR_ACC_driver_HL.o
 .text.LSM303AGR_X_Set_ODR_Value_When_Enabled
                0x08008cdc       0xc0 Drivers/BSP/Components/LSM303AGR_ACC_driver_HL.o
 .text.LSM303AGR_X_Set_ODR_Value_When_Disabled
                0x08008d9c       0xd8 Drivers/BSP/Components/LSM303AGR_ACC_driver_HL.o
 .text.LSM303AGR_X_Get_Sensitivity_Normal_Mode
                0x08008e74       0x84 Drivers/BSP/Components/LSM303AGR_ACC_driver_HL.o
 .text.LSM303AGR_X_Get_Sensitivity_LP_Mode
                0x08008ef8       0x84 Drivers/BSP/Components/LSM303AGR_ACC_driver_HL.o
 .text.LSM303AGR_X_Get_Sensitivity_HR_Mode
                0x08008f7c       0x84 Drivers/BSP/Components/LSM303AGR_ACC_driver_HL.o
 .text.LSM303AGR_MAG_WriteReg
                0x08009000       0x34 Drivers/BSP/Components/LSM303AGR_MAG_driver.o
                0x08009000                LSM303AGR_MAG_WriteReg
 .text.LSM303AGR_MAG_ReadReg
                0x08009034       0x34 Drivers/BSP/Components/LSM303AGR_MAG_driver.o
                0x08009034                LSM303AGR_MAG_ReadReg
 .text.LSM303AGR_MAG_R_WHO_AM_I
                0x08009068       0x3c Drivers/BSP/Components/LSM303AGR_MAG_driver.o
                0x08009068                LSM303AGR_MAG_R_WHO_AM_I
 .text.LSM303AGR_MAG_W_BDU
                0x080090a4       0x5c Drivers/BSP/Components/LSM303AGR_MAG_driver.o
                0x080090a4                LSM303AGR_MAG_W_BDU
 .text.LSM303AGR_MAG_W_MD
                0x08009100       0x5c Drivers/BSP/Components/LSM303AGR_MAG_driver.o
                0x08009100                LSM303AGR_MAG_W_MD
 .text.LSM303AGR_MAG_Get_Raw_Magnetic
                0x0800915c       0x2c Drivers/BSP/Components/LSM303AGR_MAG_driver.o
                0x0800915c                LSM303AGR_MAG_Get_Raw_Magnetic
 .text.LSM303AGR_MAG_W_ODR
                0x08009188       0x5c Drivers/BSP/Components/LSM303AGR_MAG_driver.o
                0x08009188                LSM303AGR_MAG_W_ODR
 .text.LSM303AGR_MAG_R_ODR
                0x080091e4       0x38 Drivers/BSP/Components/LSM303AGR_MAG_driver.o
                0x080091e4                LSM303AGR_MAG_R_ODR
 .text.LSM303AGR_MAG_W_ST
                0x0800921c       0x5c Drivers/BSP/Components/LSM303AGR_MAG_driver.o
                0x0800921c                LSM303AGR_MAG_W_ST
 .text.LSM303AGR_MAG_W_I2C_DIS
                0x08009278       0x5c Drivers/BSP/Components/LSM303AGR_MAG_driver.o
                0x08009278                LSM303AGR_MAG_W_I2C_DIS
 .text.LSM303AGR_MAG_R_ZYXDA
                0x080092d4       0x38 Drivers/BSP/Components/LSM303AGR_MAG_driver.o
                0x080092d4                LSM303AGR_MAG_R_ZYXDA
 .text.LSM303AGR_M_Init
                0x0800930c       0x9c Drivers/BSP/Components/LSM303AGR_MAG_driver_HL.o
 .text.LSM303AGR_M_DeInit
                0x080093a8       0x50 Drivers/BSP/Components/LSM303AGR_MAG_driver_HL.o
 .text.LSM303AGR_M_Sensor_Enable
                0x080093f8       0x38 Drivers/BSP/Components/LSM303AGR_MAG_driver_HL.o
 .text.LSM303AGR_M_Sensor_Disable
                0x08009430       0x38 Drivers/BSP/Components/LSM303AGR_MAG_driver_HL.o
 .text.LSM303AGR_M_Get_WhoAmI
                0x08009468       0x28 Drivers/BSP/Components/LSM303AGR_MAG_driver_HL.o
 .text.LSM303AGR_M_Check_WhoAmI
                0x08009490       0x3c Drivers/BSP/Components/LSM303AGR_MAG_driver_HL.o
 .text.LSM303AGR_M_Get_Axes
                0x080094cc       0xa8 Drivers/BSP/Components/LSM303AGR_MAG_driver_HL.o
 .text.LSM303AGR_M_Get_AxesRaw
                0x08009574       0x44 Drivers/BSP/Components/LSM303AGR_MAG_driver_HL.o
 .text.LSM303AGR_M_Get_Sensitivity
                0x080095b8       0x20 Drivers/BSP/Components/LSM303AGR_MAG_driver_HL.o
 .text.LSM303AGR_M_Get_ODR
                0x080095d8       0xa8 Drivers/BSP/Components/LSM303AGR_MAG_driver_HL.o
 .text.LSM303AGR_M_Set_ODR
                0x08009680       0x6c Drivers/BSP/Components/LSM303AGR_MAG_driver_HL.o
 .text.LSM303AGR_M_Set_ODR_Value
                0x080096ec       0x74 Drivers/BSP/Components/LSM303AGR_MAG_driver_HL.o
 .text.LSM303AGR_M_Get_FS
                0x08009760       0x24 Drivers/BSP/Components/LSM303AGR_MAG_driver_HL.o
 .text.LSM303AGR_M_Set_FS
                0x08009784       0x1c Drivers/BSP/Components/LSM303AGR_MAG_driver_HL.o
 .text.LSM303AGR_M_Set_FS_Value
                0x080097a0       0x1c Drivers/BSP/Components/LSM303AGR_MAG_driver_HL.o
 .text.LSM303AGR_M_Read_Reg
                0x080097bc       0x30 Drivers/BSP/Components/LSM303AGR_MAG_driver_HL.o
 .text.LSM303AGR_M_Write_Reg
                0x080097ec       0x30 Drivers/BSP/Components/LSM303AGR_MAG_driver_HL.o
 .text.LSM303AGR_M_Get_DRDY_Status
                0x0800981c       0x48 Drivers/BSP/Components/LSM303AGR_MAG_driver_HL.o
 .text.LSM303AGR_M_Get_Axes_Raw
                0x08009864       0x5c Drivers/BSP/Components/LSM303AGR_MAG_driver_HL.o
 .text.LSM6DSM_ACC_GYRO_ReadReg
                0x080098c0       0x30 Drivers/BSP/Components/LSM6DSM_ACC_GYRO_driver.o
                0x080098c0                LSM6DSM_ACC_GYRO_ReadReg
 .text.LSM6DSM_ACC_GYRO_WriteReg
                0x080098f0       0x30 Drivers/BSP/Components/LSM6DSM_ACC_GYRO_driver.o
                0x080098f0                LSM6DSM_ACC_GYRO_WriteReg
 .text.LSM6DSM_ACC_GYRO_W_EmbeddedAccess
                0x08009920       0x58 Drivers/BSP/Components/LSM6DSM_ACC_GYRO_driver.o
                0x08009920                LSM6DSM_ACC_GYRO_W_EmbeddedAccess
 .text.LSM6DSM_ACC_GYRO_W_FIFO_MODE
                0x08009978       0x58 Drivers/BSP/Components/LSM6DSM_ACC_GYRO_driver.o
                0x08009978                LSM6DSM_ACC_GYRO_W_FIFO_MODE
 .text.LSM6DSM_ACC_GYRO_W_STEP_DELTA_on_INT2
                0x080099d0       0x58 Drivers/BSP/Components/LSM6DSM_ACC_GYRO_driver.o
                0x080099d0                LSM6DSM_ACC_GYRO_W_STEP_DELTA_on_INT2
 .text.LSM6DSM_ACC_GYRO_R_WHO_AM_I
                0x08009a28       0x38 Drivers/BSP/Components/LSM6DSM_ACC_GYRO_driver.o
                0x08009a28                LSM6DSM_ACC_GYRO_R_WHO_AM_I
 .text.LSM6DSM_ACC_GYRO_W_FS_XL
                0x08009a60       0x58 Drivers/BSP/Components/LSM6DSM_ACC_GYRO_driver.o
                0x08009a60                LSM6DSM_ACC_GYRO_W_FS_XL
 .text.LSM6DSM_ACC_GYRO_R_FS_XL
                0x08009ab8       0x38 Drivers/BSP/Components/LSM6DSM_ACC_GYRO_driver.o
                0x08009ab8                LSM6DSM_ACC_GYRO_R_FS_XL
 .text.LSM6DSM_ACC_GYRO_W_ODR_XL
                0x08009af0       0x58 Drivers/BSP/Components/LSM6DSM_ACC_GYRO_driver.o
                0x08009af0                LSM6DSM_ACC_GYRO_W_ODR_XL
 .text.LSM6DSM_ACC_GYRO_R_ODR_XL
                0x08009b48       0x38 Drivers/BSP/Components/LSM6DSM_ACC_GYRO_driver.o
                0x08009b48                LSM6DSM_ACC_GYRO_R_ODR_XL
 .text.LSM6DSM_ACC_GYRO_W_FS_125
                0x08009b80       0x58 Drivers/BSP/Components/LSM6DSM_ACC_GYRO_driver.o
                0x08009b80                LSM6DSM_ACC_GYRO_W_FS_125
 .text.LSM6DSM_ACC_GYRO_R_FS_125
                0x08009bd8       0x38 Drivers/BSP/Components/LSM6DSM_ACC_GYRO_driver.o
                0x08009bd8                LSM6DSM_ACC_GYRO_R_FS_125
 .text.LSM6DSM_ACC_GYRO_W_FS_G
                0x08009c10       0x58 Drivers/BSP/Components/LSM6DSM_ACC_GYRO_driver.o
                0x08009c10                LSM6DSM_ACC_GYRO_W_FS_G
 .text.LSM6DSM_ACC_GYRO_R_FS_G
                0x08009c68       0x38 Drivers/BSP/Components/LSM6DSM_ACC_GYRO_driver.o
                0x08009c68                LSM6DSM_ACC_GYRO_R_FS_G
 .text.LSM6DSM_ACC_GYRO_W_ODR_G
                0x08009ca0       0x58 Drivers/BSP/Components/LSM6DSM_ACC_GYRO_driver.o
                0x08009ca0                LSM6DSM_ACC_GYRO_W_ODR_G
 .text.LSM6DSM_ACC_GYRO_R_ODR_G
                0x08009cf8       0x38 Drivers/BSP/Components/LSM6DSM_ACC_GYRO_driver.o
                0x08009cf8                LSM6DSM_ACC_GYRO_R_ODR_G
 .text.LSM6DSM_ACC_GYRO_W_IF_Addr_Incr
                0x08009d30       0x58 Drivers/BSP/Components/LSM6DSM_ACC_GYRO_driver.o
                0x08009d30                LSM6DSM_ACC_GYRO_W_IF_Addr_Incr
 .text.LSM6DSM_ACC_GYRO_W_BDU
                0x08009d88       0x58 Drivers/BSP/Components/LSM6DSM_ACC_GYRO_driver.o
                0x08009d88                LSM6DSM_ACC_GYRO_W_BDU
 .text.LSM6DSM_ACC_GYRO_W_I2C_DISABLE
                0x08009de0       0x58 Drivers/BSP/Components/LSM6DSM_ACC_GYRO_driver.o
                0x08009de0                LSM6DSM_ACC_GYRO_W_I2C_DISABLE
 .text.LSM6DSM_ACC_GYRO_W_PedoStepReset
                0x08009e38       0x58 Drivers/BSP/Components/LSM6DSM_ACC_GYRO_driver.o
                0x08009e38                LSM6DSM_ACC_GYRO_W_PedoStepReset
 .text.LSM6DSM_ACC_GYRO_W_TILT
                0x08009e90       0x58 Drivers/BSP/Components/LSM6DSM_ACC_GYRO_driver.o
                0x08009e90                LSM6DSM_ACC_GYRO_W_TILT
 .text.LSM6DSM_ACC_GYRO_W_PEDO
                0x08009ee8       0x58 Drivers/BSP/Components/LSM6DSM_ACC_GYRO_driver.o
                0x08009ee8                LSM6DSM_ACC_GYRO_W_PEDO
 .text.LSM6DSM_ACC_GYRO_W_FUNC_EN
                0x08009f40       0x58 Drivers/BSP/Components/LSM6DSM_ACC_GYRO_driver.o
                0x08009f40                LSM6DSM_ACC_GYRO_W_FUNC_EN
 .text.LSM6DSM_ACC_GYRO_R_WU_EV_STATUS
                0x08009f98       0x38 Drivers/BSP/Components/LSM6DSM_ACC_GYRO_driver.o
                0x08009f98                LSM6DSM_ACC_GYRO_R_WU_EV_STATUS
 .text.LSM6DSM_ACC_GYRO_R_FF_EV_STATUS
                0x08009fd0       0x38 Drivers/BSP/Components/LSM6DSM_ACC_GYRO_driver.o
                0x08009fd0                LSM6DSM_ACC_GYRO_R_FF_EV_STATUS
 .text.LSM6DSM_ACC_GYRO_R_DOUBLE_TAP_EV_STATUS
                0x0800a008       0x38 Drivers/BSP/Components/LSM6DSM_ACC_GYRO_driver.o
                0x0800a008                LSM6DSM_ACC_GYRO_R_DOUBLE_TAP_EV_STATUS
 .text.LSM6DSM_ACC_GYRO_R_SINGLE_TAP_EV_STATUS
                0x0800a040       0x38 Drivers/BSP/Components/LSM6DSM_ACC_GYRO_driver.o
                0x0800a040                LSM6DSM_ACC_GYRO_R_SINGLE_TAP_EV_STATUS
 .text.LSM6DSM_ACC_GYRO_R_DSD_XL
                0x0800a078       0x38 Drivers/BSP/Components/LSM6DSM_ACC_GYRO_driver.o
                0x0800a078                LSM6DSM_ACC_GYRO_R_DSD_XL
 .text.LSM6DSM_ACC_GYRO_R_DSD_XH
                0x0800a0b0       0x38 Drivers/BSP/Components/LSM6DSM_ACC_GYRO_driver.o
                0x0800a0b0                LSM6DSM_ACC_GYRO_R_DSD_XH
 .text.LSM6DSM_ACC_GYRO_R_DSD_YL
                0x0800a0e8       0x38 Drivers/BSP/Components/LSM6DSM_ACC_GYRO_driver.o
                0x0800a0e8                LSM6DSM_ACC_GYRO_R_DSD_YL
 .text.LSM6DSM_ACC_GYRO_R_DSD_YH
                0x0800a120       0x38 Drivers/BSP/Components/LSM6DSM_ACC_GYRO_driver.o
                0x0800a120                LSM6DSM_ACC_GYRO_R_DSD_YH
 .text.LSM6DSM_ACC_GYRO_R_DSD_ZL
                0x0800a158       0x38 Drivers/BSP/Components/LSM6DSM_ACC_GYRO_driver.o
                0x0800a158                LSM6DSM_ACC_GYRO_R_DSD_ZL
 .text.LSM6DSM_ACC_GYRO_R_DSD_ZH
                0x0800a190       0x38 Drivers/BSP/Components/LSM6DSM_ACC_GYRO_driver.o
                0x0800a190                LSM6DSM_ACC_GYRO_R_DSD_ZH
 .text.LSM6DSM_ACC_GYRO_R_D6D_EV_STATUS
                0x0800a1c8       0x38 Drivers/BSP/Components/LSM6DSM_ACC_GYRO_driver.o
                0x0800a1c8                LSM6DSM_ACC_GYRO_R_D6D_EV_STATUS
 .text.LSM6DSM_ACC_GYRO_R_XLDA
                0x0800a200       0x38 Drivers/BSP/Components/LSM6DSM_ACC_GYRO_driver.o
                0x0800a200                LSM6DSM_ACC_GYRO_R_XLDA
 .text.LSM6DSM_ACC_GYRO_R_GDA
                0x0800a238       0x38 Drivers/BSP/Components/LSM6DSM_ACC_GYRO_driver.o
                0x0800a238                LSM6DSM_ACC_GYRO_R_GDA
 .text.LSM6DSM_ACC_GYRO_R_PEDO_EV_STATUS
                0x0800a270       0x38 Drivers/BSP/Components/LSM6DSM_ACC_GYRO_driver.o
                0x0800a270                LSM6DSM_ACC_GYRO_R_PEDO_EV_STATUS
 .text.LSM6DSM_ACC_GYRO_R_TILT_EV_STATUS
                0x0800a2a8       0x38 Drivers/BSP/Components/LSM6DSM_ACC_GYRO_driver.o
                0x0800a2a8                LSM6DSM_ACC_GYRO_R_TILT_EV_STATUS
 .text.LSM6DSM_ACC_GYRO_W_TAP_Z_EN
                0x0800a2e0       0x58 Drivers/BSP/Components/LSM6DSM_ACC_GYRO_driver.o
                0x0800a2e0                LSM6DSM_ACC_GYRO_W_TAP_Z_EN
 .text.LSM6DSM_ACC_GYRO_W_TAP_Y_EN
                0x0800a338       0x58 Drivers/BSP/Components/LSM6DSM_ACC_GYRO_driver.o
                0x0800a338                LSM6DSM_ACC_GYRO_W_TAP_Y_EN
 .text.LSM6DSM_ACC_GYRO_W_TAP_X_EN
                0x0800a390       0x58 Drivers/BSP/Components/LSM6DSM_ACC_GYRO_driver.o
                0x0800a390                LSM6DSM_ACC_GYRO_W_TAP_X_EN
 .text.LSM6DSM_ACC_GYRO_W_BASIC_INT
                0x0800a3e8       0x58 Drivers/BSP/Components/LSM6DSM_ACC_GYRO_driver.o
                0x0800a3e8                LSM6DSM_ACC_GYRO_W_BASIC_INT
 .text.LSM6DSM_ACC_GYRO_W_TAP_THS
                0x0800a440       0x60 Drivers/BSP/Components/LSM6DSM_ACC_GYRO_driver.o
                0x0800a440                LSM6DSM_ACC_GYRO_W_TAP_THS
 .text.LSM6DSM_ACC_GYRO_W_SIXD_THS
                0x0800a4a0       0x58 Drivers/BSP/Components/LSM6DSM_ACC_GYRO_driver.o
                0x0800a4a0                LSM6DSM_ACC_GYRO_W_SIXD_THS
 .text.LSM6DSM_ACC_GYRO_W_SHOCK_Duration
                0x0800a4f8       0x60 Drivers/BSP/Components/LSM6DSM_ACC_GYRO_driver.o
                0x0800a4f8                LSM6DSM_ACC_GYRO_W_SHOCK_Duration
 .text.LSM6DSM_ACC_GYRO_W_QUIET_Duration
                0x0800a558       0x68 Drivers/BSP/Components/LSM6DSM_ACC_GYRO_driver.o
                0x0800a558                LSM6DSM_ACC_GYRO_W_QUIET_Duration
 .text.LSM6DSM_ACC_GYRO_W_DUR
                0x0800a5c0       0x68 Drivers/BSP/Components/LSM6DSM_ACC_GYRO_driver.o
                0x0800a5c0                LSM6DSM_ACC_GYRO_W_DUR
 .text.LSM6DSM_ACC_GYRO_W_WK_THS
                0x0800a628       0x60 Drivers/BSP/Components/LSM6DSM_ACC_GYRO_driver.o
                0x0800a628                LSM6DSM_ACC_GYRO_W_WK_THS
 .text.LSM6DSM_ACC_GYRO_W_SINGLE_DOUBLE_TAP_EV
                0x0800a688       0x58 Drivers/BSP/Components/LSM6DSM_ACC_GYRO_driver.o
                0x0800a688                LSM6DSM_ACC_GYRO_W_SINGLE_DOUBLE_TAP_EV
 .text.LSM6DSM_ACC_GYRO_W_SLEEP_DUR
                0x0800a6e0       0x60 Drivers/BSP/Components/LSM6DSM_ACC_GYRO_driver.o
                0x0800a6e0                LSM6DSM_ACC_GYRO_W_SLEEP_DUR
 .text.LSM6DSM_ACC_GYRO_W_TIMER_HR
                0x0800a740       0x58 Drivers/BSP/Components/LSM6DSM_ACC_GYRO_driver.o
                0x0800a740                LSM6DSM_ACC_GYRO_W_TIMER_HR
 .text.LSM6DSM_ACC_GYRO_W_WAKE_DUR
                0x0800a798       0x68 Drivers/BSP/Components/LSM6DSM_ACC_GYRO_driver.o
                0x0800a798                LSM6DSM_ACC_GYRO_W_WAKE_DUR
 .text.LSM6DSM_ACC_GYRO_W_FF_THS
                0x0800a800       0x58 Drivers/BSP/Components/LSM6DSM_ACC_GYRO_driver.o
                0x0800a800                LSM6DSM_ACC_GYRO_W_FF_THS
 .text.LSM6DSM_ACC_GYRO_W_FF_Duration
                0x0800a858       0xcc Drivers/BSP/Components/LSM6DSM_ACC_GYRO_driver.o
                0x0800a858                LSM6DSM_ACC_GYRO_W_FF_Duration
 .text.LSM6DSM_ACC_GYRO_W_TiltEvOnInt2
                0x0800a924       0x58 Drivers/BSP/Components/LSM6DSM_ACC_GYRO_driver.o
                0x0800a924                LSM6DSM_ACC_GYRO_W_TiltEvOnInt2
 .text.LSM6DSM_ACC_GYRO_W_6DEvOnInt2
                0x0800a97c       0x58 Drivers/BSP/Components/LSM6DSM_ACC_GYRO_driver.o
                0x0800a97c                LSM6DSM_ACC_GYRO_W_6DEvOnInt2
 .text.LSM6DSM_ACC_GYRO_W_TapEvOnInt2
                0x0800a9d4       0x58 Drivers/BSP/Components/LSM6DSM_ACC_GYRO_driver.o
                0x0800a9d4                LSM6DSM_ACC_GYRO_W_TapEvOnInt2
 .text.LSM6DSM_ACC_GYRO_W_FFEvOnInt2
                0x0800aa2c       0x58 Drivers/BSP/Components/LSM6DSM_ACC_GYRO_driver.o
                0x0800aa2c                LSM6DSM_ACC_GYRO_W_FFEvOnInt2
 .text.LSM6DSM_ACC_GYRO_W_WUEvOnInt2
                0x0800aa84       0x58 Drivers/BSP/Components/LSM6DSM_ACC_GYRO_driver.o
                0x0800aa84                LSM6DSM_ACC_GYRO_W_WUEvOnInt2
 .text.LSM6DSM_ACC_GYRO_W_SingleTapOnInt2
                0x0800aadc       0x58 Drivers/BSP/Components/LSM6DSM_ACC_GYRO_driver.o
                0x0800aadc                LSM6DSM_ACC_GYRO_W_SingleTapOnInt2
 .text.LSM6DSM_ACC_GYRO_GetRawGyroData
                0x0800ab34       0x68 Drivers/BSP/Components/LSM6DSM_ACC_GYRO_driver.o
                0x0800ab34                LSM6DSM_ACC_GYRO_GetRawGyroData
 .text.LSM6DSM_ACC_GYRO_GetRawAccData
                0x0800ab9c       0x68 Drivers/BSP/Components/LSM6DSM_ACC_GYRO_driver.o
                0x0800ab9c                LSM6DSM_ACC_GYRO_GetRawAccData
 .text.LSM6DSM_ACC_GYRO_Get_GetStepCounter
                0x0800ac04       0x68 Drivers/BSP/Components/LSM6DSM_ACC_GYRO_driver.o
                0x0800ac04                LSM6DSM_ACC_GYRO_Get_GetStepCounter
 .text.LSM6DSM_ACC_GYRO_W_PedoThreshold
                0x0800ac6c       0x88 Drivers/BSP/Components/LSM6DSM_ACC_GYRO_driver.o
                0x0800ac6c                LSM6DSM_ACC_GYRO_W_PedoThreshold
 .text.LSM6DSM_X_Init
                0x0800acf4       0xa4 Drivers/BSP/Components/LSM6DSM_ACC_GYRO_driver_HL.o
 .text.LSM6DSM_X_DeInit
                0x0800ad98       0xc8 Drivers/BSP/Components/LSM6DSM_ACC_GYRO_driver_HL.o
 .text.LSM6DSM_X_Sensor_Enable
                0x0800ae60       0x4c Drivers/BSP/Components/LSM6DSM_ACC_GYRO_driver_HL.o
 .text.LSM6DSM_X_Sensor_Disable
                0x0800aeac       0x58 Drivers/BSP/Components/LSM6DSM_ACC_GYRO_driver_HL.o
 .text.LSM6DSM_X_Get_WhoAmI
                0x0800af04       0x1c Drivers/BSP/Components/LSM6DSM_ACC_GYRO_driver_HL.o
 .text.LSM6DSM_X_Check_WhoAmI
                0x0800af20       0x18 Drivers/BSP/Components/LSM6DSM_ACC_GYRO_driver_HL.o
 .text.LSM6DSM_X_Get_Axes
                0x0800af38       0xa8 Drivers/BSP/Components/LSM6DSM_ACC_GYRO_driver_HL.o
 .text.LSM6DSM_X_Get_AxesRaw
                0x0800afe0       0x44 Drivers/BSP/Components/LSM6DSM_ACC_GYRO_driver_HL.o
 .text.LSM6DSM_X_Get_Sensitivity
                0x0800b024       0xa8 Drivers/BSP/Components/LSM6DSM_ACC_GYRO_driver_HL.o
 .text.LSM6DSM_X_Get_ODR
                0x0800b0cc       0xfc Drivers/BSP/Components/LSM6DSM_ACC_GYRO_driver_HL.o
 .text.LSM6DSM_X_Set_ODR
                0x0800b1c8       0x48 Drivers/BSP/Components/LSM6DSM_ACC_GYRO_driver_HL.o
 .text.LSM6DSM_X_Set_ODR_Value
                0x0800b210       0x48 Drivers/BSP/Components/LSM6DSM_ACC_GYRO_driver_HL.o
 .text.LSM6DSM_X_Get_FS
                0x0800b258       0xa0 Drivers/BSP/Components/LSM6DSM_ACC_GYRO_driver_HL.o
 .text.LSM6DSM_X_Set_FS
                0x0800b2f8       0x50 Drivers/BSP/Components/LSM6DSM_ACC_GYRO_driver_HL.o
 .text.LSM6DSM_X_Set_FS_Value
                0x0800b348       0x70 Drivers/BSP/Components/LSM6DSM_ACC_GYRO_driver_HL.o
 .text.LSM6DSM_G_Init
                0x0800b3b8       0xa4 Drivers/BSP/Components/LSM6DSM_ACC_GYRO_driver_HL.o
 .text.LSM6DSM_G_DeInit
                0x0800b45c       0x58 Drivers/BSP/Components/LSM6DSM_ACC_GYRO_driver_HL.o
 .text.LSM6DSM_G_Sensor_Enable
                0x0800b4b4       0x4c Drivers/BSP/Components/LSM6DSM_ACC_GYRO_driver_HL.o
 .text.LSM6DSM_G_Sensor_Disable
                0x0800b500       0x58 Drivers/BSP/Components/LSM6DSM_ACC_GYRO_driver_HL.o
 .text.LSM6DSM_G_Get_WhoAmI
                0x0800b558       0x1c Drivers/BSP/Components/LSM6DSM_ACC_GYRO_driver_HL.o
 .text.LSM6DSM_G_Check_WhoAmI
                0x0800b574       0x18 Drivers/BSP/Components/LSM6DSM_ACC_GYRO_driver_HL.o
 .text.LSM6DSM_G_Get_Axes
                0x0800b58c       0xa8 Drivers/BSP/Components/LSM6DSM_ACC_GYRO_driver_HL.o
 .text.LSM6DSM_G_Get_AxesRaw
                0x0800b634       0x44 Drivers/BSP/Components/LSM6DSM_ACC_GYRO_driver_HL.o
 .text.LSM6DSM_G_Get_Sensitivity
                0x0800b678       0xd0 Drivers/BSP/Components/LSM6DSM_ACC_GYRO_driver_HL.o
 .text.LSM6DSM_G_Get_ODR
                0x0800b748       0xfc Drivers/BSP/Components/LSM6DSM_ACC_GYRO_driver_HL.o
 .text.LSM6DSM_G_Set_ODR
                0x0800b844       0x48 Drivers/BSP/Components/LSM6DSM_ACC_GYRO_driver_HL.o
 .text.LSM6DSM_G_Set_ODR_Value
                0x0800b88c       0x48 Drivers/BSP/Components/LSM6DSM_ACC_GYRO_driver_HL.o
 .text.LSM6DSM_G_Get_FS
                0x0800b8d4       0xd0 Drivers/BSP/Components/LSM6DSM_ACC_GYRO_driver_HL.o
 .text.LSM6DSM_G_Set_FS
                0x0800b9a4       0x50 Drivers/BSP/Components/LSM6DSM_ACC_GYRO_driver_HL.o
 .text.LSM6DSM_G_Set_FS_Value
                0x0800b9f4       0xb8 Drivers/BSP/Components/LSM6DSM_ACC_GYRO_driver_HL.o
 .text.LSM6DSM_Get_WhoAmI
                0x0800baac       0x28 Drivers/BSP/Components/LSM6DSM_ACC_GYRO_driver_HL.o
 .text.LSM6DSM_Check_WhoAmI
                0x0800bad4       0x3c Drivers/BSP/Components/LSM6DSM_ACC_GYRO_driver_HL.o
 .text.LSM6DSM_X_Get_Axes_Raw
                0x0800bb10       0x7c Drivers/BSP/Components/LSM6DSM_ACC_GYRO_driver_HL.o
 .text.LSM6DSM_X_Set_ODR_When_Enabled
                0x0800bb8c       0x6c Drivers/BSP/Components/LSM6DSM_ACC_GYRO_driver_HL.o
 .text.LSM6DSM_X_Set_ODR_When_Disabled
                0x0800bbf8       0x84 Drivers/BSP/Components/LSM6DSM_ACC_GYRO_driver_HL.o
 .text.LSM6DSM_X_Set_ODR_Value_When_Enabled
                0x0800bc7c      0x110 Drivers/BSP/Components/LSM6DSM_ACC_GYRO_driver_HL.o
 .text.LSM6DSM_X_Set_ODR_Value_When_Disabled
                0x0800bd8c      0x138 Drivers/BSP/Components/LSM6DSM_ACC_GYRO_driver_HL.o
 .text.LSM6DSM_G_Get_Axes_Raw
                0x0800bec4       0x7c Drivers/BSP/Components/LSM6DSM_ACC_GYRO_driver_HL.o
 .text.LSM6DSM_G_Set_ODR_When_Enabled
                0x0800bf40       0x6c Drivers/BSP/Components/LSM6DSM_ACC_GYRO_driver_HL.o
 .text.LSM6DSM_G_Set_ODR_When_Disabled
                0x0800bfac       0x84 Drivers/BSP/Components/LSM6DSM_ACC_GYRO_driver_HL.o
 .text.LSM6DSM_G_Set_ODR_Value_When_Enabled
                0x0800c030      0x110 Drivers/BSP/Components/LSM6DSM_ACC_GYRO_driver_HL.o
 .text.LSM6DSM_G_Set_ODR_Value_When_Disabled
                0x0800c140      0x138 Drivers/BSP/Components/LSM6DSM_ACC_GYRO_driver_HL.o
 .text.LSM6DSM_X_Enable_Free_Fall_Detection
                0x0800c278       0xbc Drivers/BSP/Components/LSM6DSM_ACC_GYRO_driver_HL.o
 .text.LSM6DSM_X_Disable_Free_Fall_Detection
                0x0800c334       0x5c Drivers/BSP/Components/LSM6DSM_ACC_GYRO_driver_HL.o
 .text.LSM6DSM_X_Get_Free_Fall_Detection_Status
                0x0800c390       0x48 Drivers/BSP/Components/LSM6DSM_ACC_GYRO_driver_HL.o
 .text.LSM6DSM_X_Set_Free_Fall_Threshold
                0x0800c3d8       0x2c Drivers/BSP/Components/LSM6DSM_ACC_GYRO_driver_HL.o
 .text.LSM6DSM_X_Enable_Pedometer
                0x0800c404       0x80 Drivers/BSP/Components/LSM6DSM_ACC_GYRO_driver_HL.o
 .text.LSM6DSM_X_Disable_Pedometer
                0x0800c484       0x5c Drivers/BSP/Components/LSM6DSM_ACC_GYRO_driver_HL.o
 .text.LSM6DSM_X_Get_Pedometer_Status
                0x0800c4e0       0x48 Drivers/BSP/Components/LSM6DSM_ACC_GYRO_driver_HL.o
 .text.LSM6DSM_X_Get_Step_Count
                0x0800c528       0x28 Drivers/BSP/Components/LSM6DSM_ACC_GYRO_driver_HL.o
 .text.LSM6DSM_X_Enable_Step_Counter_Reset
                0x0800c550       0x24 Drivers/BSP/Components/LSM6DSM_ACC_GYRO_driver_HL.o
 .text.LSM6DSM_X_Disable_Step_Counter_Reset
                0x0800c574       0x24 Drivers/BSP/Components/LSM6DSM_ACC_GYRO_driver_HL.o
 .text.LSM6DSM_X_Set_Pedometer_Threshold
                0x0800c598       0x2c Drivers/BSP/Components/LSM6DSM_ACC_GYRO_driver_HL.o
 .text.LSM6DSM_X_Enable_Tilt_Detection
                0x0800c5c4       0x70 Drivers/BSP/Components/LSM6DSM_ACC_GYRO_driver_HL.o
 .text.LSM6DSM_X_Disable_Tilt_Detection
                0x0800c634       0x48 Drivers/BSP/Components/LSM6DSM_ACC_GYRO_driver_HL.o
 .text.LSM6DSM_X_Get_Tilt_Detection_Status
                0x0800c67c       0x48 Drivers/BSP/Components/LSM6DSM_ACC_GYRO_driver_HL.o
 .text.LSM6DSM_X_Enable_Wake_Up_Detection
                0x0800c6c4       0x84 Drivers/BSP/Components/LSM6DSM_ACC_GYRO_driver_HL.o
 .text.LSM6DSM_X_Disable_Wake_Up_Detection
                0x0800c748       0x5c Drivers/BSP/Components/LSM6DSM_ACC_GYRO_driver_HL.o
 .text.LSM6DSM_X_Get_Wake_Up_Detection_Status
                0x0800c7a4       0x48 Drivers/BSP/Components/LSM6DSM_ACC_GYRO_driver_HL.o
 .text.LSM6DSM_X_Set_Wake_Up_Threshold
                0x0800c7ec       0x2c Drivers/BSP/Components/LSM6DSM_ACC_GYRO_driver_HL.o
 .text.LSM6DSM_X_Enable_Single_Tap_Detection
                0x0800c818       0xcc Drivers/BSP/Components/LSM6DSM_ACC_GYRO_driver_HL.o
 .text.LSM6DSM_X_Disable_Single_Tap_Detection
                0x0800c8e4       0xa4 Drivers/BSP/Components/LSM6DSM_ACC_GYRO_driver_HL.o
 .text.LSM6DSM_X_Get_Single_Tap_Detection_Status
                0x0800c988       0x48 Drivers/BSP/Components/LSM6DSM_ACC_GYRO_driver_HL.o
 .text.LSM6DSM_X_Enable_Double_Tap_Detection
                0x0800c9d0       0xf0 Drivers/BSP/Components/LSM6DSM_ACC_GYRO_driver_HL.o
 .text.LSM6DSM_X_Disable_Double_Tap_Detection
                0x0800cac0       0xc8 Drivers/BSP/Components/LSM6DSM_ACC_GYRO_driver_HL.o
 .text.LSM6DSM_X_Get_Double_Tap_Detection_Status
                0x0800cb88       0x48 Drivers/BSP/Components/LSM6DSM_ACC_GYRO_driver_HL.o
 .text.LSM6DSM_X_Set_Tap_Threshold
                0x0800cbd0       0x2c Drivers/BSP/Components/LSM6DSM_ACC_GYRO_driver_HL.o
 .text.LSM6DSM_X_Set_Tap_Shock_Time
                0x0800cbfc       0x2c Drivers/BSP/Components/LSM6DSM_ACC_GYRO_driver_HL.o
 .text.LSM6DSM_X_Set_Tap_Quiet_Time
                0x0800cc28       0x2c Drivers/BSP/Components/LSM6DSM_ACC_GYRO_driver_HL.o
 .text.LSM6DSM_X_Set_Tap_Duration_Time
                0x0800cc54       0x2c Drivers/BSP/Components/LSM6DSM_ACC_GYRO_driver_HL.o
 .text.LSM6DSM_X_Enable_6D_Orientation
                0x0800cc80       0x74 Drivers/BSP/Components/LSM6DSM_ACC_GYRO_driver_HL.o
 .text.LSM6DSM_X_Disable_6D_Orientation
                0x0800ccf4       0x48 Drivers/BSP/Components/LSM6DSM_ACC_GYRO_driver_HL.o
 .text.LSM6DSM_X_Get_6D_Orientation_Status
                0x0800cd3c       0x48 Drivers/BSP/Components/LSM6DSM_ACC_GYRO_driver_HL.o
 .text.LSM6DSM_X_Get_6D_Orientation_XL
                0x0800cd84       0x48 Drivers/BSP/Components/LSM6DSM_ACC_GYRO_driver_HL.o
 .text.LSM6DSM_X_Get_6D_Orientation_XH
                0x0800cdcc       0x48 Drivers/BSP/Components/LSM6DSM_ACC_GYRO_driver_HL.o
 .text.LSM6DSM_X_Get_6D_Orientation_YL
                0x0800ce14       0x48 Drivers/BSP/Components/LSM6DSM_ACC_GYRO_driver_HL.o
 .text.LSM6DSM_X_Get_6D_Orientation_YH
                0x0800ce5c       0x48 Drivers/BSP/Components/LSM6DSM_ACC_GYRO_driver_HL.o
 .text.LSM6DSM_X_Get_6D_Orientation_ZL
                0x0800cea4       0x48 Drivers/BSP/Components/LSM6DSM_ACC_GYRO_driver_HL.o
 .text.LSM6DSM_X_Get_6D_Orientation_ZH
                0x0800ceec       0x48 Drivers/BSP/Components/LSM6DSM_ACC_GYRO_driver_HL.o
 .text.LSM6DSM_X_Read_Reg
                0x0800cf34       0x30 Drivers/BSP/Components/LSM6DSM_ACC_GYRO_driver_HL.o
 .text.LSM6DSM_X_Write_Reg
                0x0800cf64       0x30 Drivers/BSP/Components/LSM6DSM_ACC_GYRO_driver_HL.o
 .text.LSM6DSM_X_Get_DRDY_Status
                0x0800cf94       0x48 Drivers/BSP/Components/LSM6DSM_ACC_GYRO_driver_HL.o
 .text.LSM6DSM_G_Read_Reg
                0x0800cfdc       0x30 Drivers/BSP/Components/LSM6DSM_ACC_GYRO_driver_HL.o
 .text.LSM6DSM_G_Write_Reg
                0x0800d00c       0x30 Drivers/BSP/Components/LSM6DSM_ACC_GYRO_driver_HL.o
 .text.LSM6DSM_G_Get_DRDY_Status
                0x0800d03c       0x48 Drivers/BSP/Components/LSM6DSM_ACC_GYRO_driver_HL.o
 .text.STC3115_Init
                0x0800d084      0x254 Drivers/BSP/Components/STC3115_Driver.o
 .text.STC3115_DeInit
                0x0800d2d8       0x1c Drivers/BSP/Components/STC3115_Driver.o
 .text.STC3115_Get_WhoAmI
                0x0800d2f4       0x2c Drivers/BSP/Components/STC3115_Driver.o
 .text.STC3115_Task
                0x0800d320      0x2a8 Drivers/BSP/Components/STC3115_Driver.o
 .text.STC3115_Reset
                0x0800d5c8       0x54 Drivers/BSP/Components/STC3115_Driver.o
 .text.STC3115_Stop
                0x0800d61c       0x50 Drivers/BSP/Components/STC3115_Driver.o
 .text.STC3115_GetSOC
                0x0800d66c       0x38 Drivers/BSP/Components/STC3115_Driver.o
 .text.STC3115_GetOCV
                0x0800d6a4       0x28 Drivers/BSP/Components/STC3115_Driver.o
 .text.STC3115_GetCurrent
                0x0800d6cc       0x24 Drivers/BSP/Components/STC3115_Driver.o
 .text.STC3115_GetTemperature
                0x0800d6f0       0x24 Drivers/BSP/Components/STC3115_Driver.o
 .text.STC3115_GetVoltage
                0x0800d714       0x28 Drivers/BSP/Components/STC3115_Driver.o
 .text.STC3115_GetChargeValue
                0x0800d73c       0x28 Drivers/BSP/Components/STC3115_Driver.o
 .text.STC3115_GetPresence
                0x0800d764       0x28 Drivers/BSP/Components/STC3115_Driver.o
 .text.STC3115_GetAlarmStatus
                0x0800d78c       0x2c Drivers/BSP/Components/STC3115_Driver.o
 .text.STC3115_Status
                0x0800d7b8       0x54 Drivers/BSP/Components/STC3115_Driver.o
 .text.STC3115_CalcRamCRC8
                0x0800d80c       0x6c Drivers/BSP/Components/STC3115_Driver.o
 .text.STC3115_UpdateRamCRC
                0x0800d878       0x30 Drivers/BSP/Components/STC3115_Driver.o
 .text.STC3115_InitRamData
                0x0800d8a8       0x5c Drivers/BSP/Components/STC3115_Driver.o
 .text.STC3115_WriteRamData
                0x0800d904       0x2c Drivers/BSP/Components/STC3115_Driver.o
 .text.STC3115_ReadRamData
                0x0800d930       0x2c Drivers/BSP/Components/STC3115_Driver.o
 .text.STC3115_ReadBatteryData
                0x0800d95c      0x158 Drivers/BSP/Components/STC3115_Driver.o
 .text.STC3115_Restore
                0x0800dab4       0x60 Drivers/BSP/Components/STC3115_Driver.o
 .text.STC3115_Powerdown
                0x0800db14       0x44 Drivers/BSP/Components/STC3115_Driver.o
 .text.STC3115_conv
                0x0800db58       0x38 Drivers/BSP/Components/STC3115_Driver.o
 .text.STC3115_Startup
                0x0800db90       0x48 Drivers/BSP/Components/STC3115_Driver.o
 .text.STC3115_Read
                0x0800dbd8       0x38 Drivers/BSP/Components/STC3115_Driver.o
 .text.STC3115_Write
                0x0800dc10       0x38 Drivers/BSP/Components/STC3115_Driver.o
 .text.STC3115_ReadWord
                0x0800dc48       0x3c Drivers/BSP/Components/STC3115_Driver.o
 .text.STC3115_WriteWord
                0x0800dc84       0x38 Drivers/BSP/Components/STC3115_Driver.o
 .text.STC3115_SetParam
                0x0800dcbc      0x128 Drivers/BSP/Components/STC3115_Driver.o
 .text.BSP_LED_Init
                0x0800dde4       0xa0 Drivers/BSP/SensorTile/SensorTile.o
                0x0800dde4                BSP_LED_Init
 .text.BSP_LED_On
                0x0800de84       0x5c Drivers/BSP/SensorTile/SensorTile.o
                0x0800de84                BSP_LED_On
 .text.BSP_LED_Off
                0x0800dee0       0x5c Drivers/BSP/SensorTile/SensorTile.o
                0x0800dee0                BSP_LED_Off
 .text.Sensor_IO_I2C_Init
                0x0800df3c       0x18 Drivers/BSP/SensorTile/SensorTile.o
                0x0800df3c                Sensor_IO_I2C_Init
 .text.Sensor_IO_SPI_Init
                0x0800df54      0x118 Drivers/BSP/SensorTile/SensorTile.o
                0x0800df54                Sensor_IO_SPI_Init
 .text.Sensor_IO_SPI_CS_Init_All
                0x0800e06c      0x124 Drivers/BSP/SensorTile/SensorTile.o
                0x0800e06c                Sensor_IO_SPI_CS_Init_All
 .text.Sensor_IO_SPI_CS_Init
                0x0800e190      0x12c Drivers/BSP/SensorTile/SensorTile.o
                0x0800e190                Sensor_IO_SPI_CS_Init
 .text.Sensor_IO_Write
                0x0800e2bc       0x84 Drivers/BSP/SensorTile/SensorTile.o
                0x0800e2bc                Sensor_IO_Write
 .text.Sensor_IO_I2C_Write
                0x0800e340       0x30 Drivers/BSP/SensorTile/SensorTile.o
                0x0800e340                Sensor_IO_I2C_Write
 .text.Sensor_IO_Read
                0x0800e370       0x84 Drivers/BSP/SensorTile/SensorTile.o
                0x0800e370                Sensor_IO_Read
 .text.Sensor_IO_I2C_Read
                0x0800e3f4       0x30 Drivers/BSP/SensorTile/SensorTile.o
                0x0800e3f4                Sensor_IO_I2C_Read
 .text.Sensor_IO_SPI_Write
                0x0800e424       0x60 Drivers/BSP/SensorTile/SensorTile.o
                0x0800e424                Sensor_IO_SPI_Write
 .text.Sensor_IO_SPI_Read
                0x0800e484       0x9c Drivers/BSP/SensorTile/SensorTile.o
                0x0800e484                Sensor_IO_SPI_Read
 .text.Sensor_IO_SPI_CS_Enable
                0x0800e520       0x74 Drivers/BSP/SensorTile/SensorTile.o
                0x0800e520                Sensor_IO_SPI_CS_Enable
 .text.Sensor_IO_SPI_CS_Disable
                0x0800e594       0x74 Drivers/BSP/SensorTile/SensorTile.o
                0x0800e594                Sensor_IO_SPI_CS_Disable
 .text.LSM6DSM_Sensor_IO_ITConfig
                0x0800e608       0x5c Drivers/BSP/SensorTile/SensorTile.o
                0x0800e608                LSM6DSM_Sensor_IO_ITConfig
 .text.SPI_Read
                0x0800e664       0x70 Drivers/BSP/SensorTile/SensorTile.o
                0x0800e664                SPI_Read
 .text.SPI_Read_nBytes
                0x0800e6d4       0xa4 Drivers/BSP/SensorTile/SensorTile.o
                0x0800e6d4                SPI_Read_nBytes
 .text.SPI_Write
                0x0800e778       0x54 Drivers/BSP/SensorTile/SensorTile.o
                0x0800e778                SPI_Write
 .text.I2C_SENSORTILE_Init
                0x0800e7cc       0x54 Drivers/BSP/SensorTile/SensorTile.o
 .text.I2C_SENSORTILE_WriteData
                0x0800e820       0x60 Drivers/BSP/SensorTile/SensorTile.o
 .text.I2C_SENSORTILE_ReadData
                0x0800e880       0x60 Drivers/BSP/SensorTile/SensorTile.o
 .text.I2C_SENSORTILE_Error
                0x0800e8e0       0x20 Drivers/BSP/SensorTile/SensorTile.o
 .text.I2C_SENSORTILE_MspInit
                0x0800e900       0xc0 Drivers/BSP/SensorTile/SensorTile.o
 .text.SD_IO_SPI_MspInit
                0x0800e9c0       0xc0 Drivers/BSP/SensorTile/SensorTile.o
 .text.SD_IO_SPI_Init_LS
                0x0800ea80       0x78 Drivers/BSP/SensorTile/SensorTile.o
 .text.SD_IO_SPI_Init
                0x0800eaf8       0x78 Drivers/BSP/SensorTile/SensorTile.o
 .text.SD_IO_SPI_Read
                0x0800eb70       0x48 Drivers/BSP/SensorTile/SensorTile.o
 .text.SD_IO_SPI_Write
                0x0800ebb8       0x3c Drivers/BSP/SensorTile/SensorTile.o
 .text.SD_IO_SPI_Error
                0x0800ebf4       0x18 Drivers/BSP/SensorTile/SensorTile.o
 .text.SD_IO_Init
                0x0800ec0c       0x40 Drivers/BSP/SensorTile/SensorTile.o
                0x0800ec0c                SD_IO_Init
 .text.SD_IO_Init_LS
                0x0800ec4c       0x40 Drivers/BSP/SensorTile/SensorTile.o
                0x0800ec4c                SD_IO_Init_LS
 .text.SD_IO_CS_Init
                0x0800ec8c       0x4c Drivers/BSP/SensorTile/SensorTile.o
                0x0800ec8c                SD_IO_CS_Init
 .text.SD_IO_WriteByte
                0x0800ecd8       0x1c Drivers/BSP/SensorTile/SensorTile.o
                0x0800ecd8                SD_IO_WriteByte
 .text.SD_IO_ReadByte
                0x0800ecf4       0x1c Drivers/BSP/SensorTile/SensorTile.o
                0x0800ecf4                SD_IO_ReadByte
 .text.SD_IO_WriteCmd_wResp
                0x0800ed10       0xa0 Drivers/BSP/SensorTile/SensorTile.o
                0x0800ed10                SD_IO_WriteCmd_wResp
 .text.SD_IO_WriteCmd
                0x0800edb0       0x98 Drivers/BSP/SensorTile/SensorTile.o
                0x0800edb0                SD_IO_WriteCmd
 .text.SD_IO_WaitResponse
                0x0800ee48       0x40 Drivers/BSP/SensorTile/SensorTile.o
                0x0800ee48                SD_IO_WaitResponse
 .text.SD_IO_WriteDummy
                0x0800ee88       0x20 Drivers/BSP/SensorTile/SensorTile.o
                0x0800ee88                SD_IO_WriteDummy
 .text.BSP_ACCELERO_Init
                0x0800eea8       0x70 Drivers/BSP/SensorTile/SensorTile_accelero.o
                0x0800eea8                BSP_ACCELERO_Init
 .text.BSP_LSM6DSM_ACCELERO_Init
                0x0800ef18      0x140 Drivers/BSP/SensorTile/SensorTile_accelero.o
 .text.BSP_LSM303AGR_ACCELERO_Init
                0x0800f058      0x128 Drivers/BSP/SensorTile/SensorTile_accelero.o
 .text.BSP_ACCELERO_Sensor_Enable
                0x0800f180       0x48 Drivers/BSP/SensorTile/SensorTile_accelero.o
                0x0800f180                BSP_ACCELERO_Sensor_Enable
 .text.BSP_ACCELERO_Sensor_Disable
                0x0800f1c8       0x48 Drivers/BSP/SensorTile/SensorTile_accelero.o
                0x0800f1c8                BSP_ACCELERO_Sensor_Disable
 .text.BSP_ACCELERO_Enable_Double_Tap_Detection_Ext
                0x0800f210       0x54 Drivers/BSP/SensorTile/SensorTile_accelero.o
                0x0800f210                BSP_ACCELERO_Enable_Double_Tap_Detection_Ext
 .text.BSP_ACCELERO_Set_Tap_Threshold_Ext
                0x0800f264       0x5c Drivers/BSP/SensorTile/SensorTile_accelero.o
                0x0800f264                BSP_ACCELERO_Set_Tap_Threshold_Ext
 .text.BSP_GG_Init
                0x0800f2c0       0xe8 Drivers/BSP/SensorTile/SensorTile_gg.o
                0x0800f2c0                BSP_GG_Init
 .text.BSP_GYRO_Init
                0x0800f3a8       0x4c Drivers/BSP/SensorTile/SensorTile_gyro.o
                0x0800f3a8                BSP_GYRO_Init
 .text.BSP_LSM6DSM_GYRO_Init
                0x0800f3f4      0x138 Drivers/BSP/SensorTile/SensorTile_gyro.o
 .text.BSP_GYRO_Sensor_Disable
                0x0800f52c       0x48 Drivers/BSP/SensorTile/SensorTile_gyro.o
                0x0800f52c                BSP_GYRO_Sensor_Disable
 .text.BSP_HUMIDITY_Init
                0x0800f574       0x4c Drivers/BSP/SensorTile/SensorTile_humidity.o
                0x0800f574                BSP_HUMIDITY_Init
 .text.BSP_HTS221_HUMIDITY_Init
                0x0800f5c0       0xec Drivers/BSP/SensorTile/SensorTile_humidity.o
 .text.BSP_HUMIDITY_Sensor_Disable
                0x0800f6ac       0x48 Drivers/BSP/SensorTile/SensorTile_humidity.o
                0x0800f6ac                BSP_HUMIDITY_Sensor_Disable
 .text.BSP_MAGNETO_Init
                0x0800f6f4       0x4c Drivers/BSP/SensorTile/SensorTile_magneto.o
                0x0800f6f4                BSP_MAGNETO_Init
 .text.BSP_LSM303AGR_MAGNETO_Init
                0x0800f740      0x138 Drivers/BSP/SensorTile/SensorTile_magneto.o
 .text.BSP_MAGNETO_Sensor_Disable
                0x0800f878       0x48 Drivers/BSP/SensorTile/SensorTile_magneto.o
                0x0800f878                BSP_MAGNETO_Sensor_Disable
 .text.BSP_PRESSURE_Init
                0x0800f8c0       0x4c Drivers/BSP/SensorTile/SensorTile_pressure.o
                0x0800f8c0                BSP_PRESSURE_Init
 .text.BSP_LPS22HB_PRESSURE_Init
                0x0800f90c      0x170 Drivers/BSP/SensorTile/SensorTile_pressure.o
 .text.BSP_PRESSURE_Sensor_Disable
                0x0800fa7c       0x48 Drivers/BSP/SensorTile/SensorTile_pressure.o
                0x0800fa7c                BSP_PRESSURE_Sensor_Disable
 .text.BSP_SD_Init
                0x0800fac4       0x44 Drivers/BSP/SensorTile/SensorTile_sd.o
                0x0800fac4                BSP_SD_Init
 .text.BSP_SD_GetCardInfo
                0x0800fb08       0x70 Drivers/BSP/SensorTile/SensorTile_sd.o
                0x0800fb08                BSP_SD_GetCardInfo
 .text.BSP_SD_ReadBlocks
                0x0800fb78       0xe8 Drivers/BSP/SensorTile/SensorTile_sd.o
                0x0800fb78                BSP_SD_ReadBlocks
 .text.BSP_SD_WriteBlocks
                0x0800fc60       0xec Drivers/BSP/SensorTile/SensorTile_sd.o
                0x0800fc60                BSP_SD_WriteBlocks
 .text.SD_GetCSDRegister
                0x0800fd4c      0x2d0 Drivers/BSP/SensorTile/SensorTile_sd.o
 .text.SD_GetCIDRegister
                0x0801001c      0x154 Drivers/BSP/SensorTile/SensorTile_sd.o
 .text.SD_SendCmd_wResp
                0x08010170       0x28 Drivers/BSP/SensorTile/SensorTile_sd.o
 .text.SD_SendCmd
                0x08010198       0x40 Drivers/BSP/SensorTile/SensorTile_sd.o
 .text.SD_GetDataResponse
                0x080101d8       0x6c Drivers/BSP/SensorTile/SensorTile_sd.o
 .text.BSP_SD_GetStatus
                0x08010244       0x10 Drivers/BSP/SensorTile/SensorTile_sd.o
                0x08010244                BSP_SD_GetStatus
 .text.SD_GoIdleState
                0x08010254      0x10c Drivers/BSP/SensorTile/SensorTile_sd.o
 .text.BSP_TEMPERATURE_Init
                0x08010360       0x70 Drivers/BSP/SensorTile/SensorTile_temperature.o
                0x08010360                BSP_TEMPERATURE_Init
 .text.BSP_LPS22HB_TEMPERATURE_Init
                0x080103d0      0x158 Drivers/BSP/SensorTile/SensorTile_temperature.o
 .text.BSP_HTS221_TEMPERATURE_Init
                0x08010528       0xf4 Drivers/BSP/SensorTile/SensorTile_temperature.o
 .text.BSP_TEMPERATURE_Sensor_Disable
                0x0801061c       0x48 Drivers/BSP/SensorTile/SensorTile_temperature.o
                0x0801061c                BSP_TEMPERATURE_Sensor_Disable
 .text.SystemInit
                0x08010664       0x6c Drivers/CMSIS/system_stm32l4xx.o
                0x08010664                SystemInit
 .text.HAL_Init
                0x080106d0       0x2c Drivers/STM32L4xx_HAL_Driver/stm32l4xx_hal.o
                0x080106d0                HAL_Init
 .text.HAL_MspInit
                0x080106fc       0x10 Drivers/STM32L4xx_HAL_Driver/stm32l4xx_hal.o
                0x080106fc                HAL_MspInit
 .text.HAL_InitTick
                0x0801070c       0x38 Drivers/STM32L4xx_HAL_Driver/stm32l4xx_hal.o
                0x0801070c                HAL_InitTick
 .text.HAL_IncTick
                0x08010744       0x1c Drivers/STM32L4xx_HAL_Driver/stm32l4xx_hal.o
                0x08010744                HAL_IncTick
 .text.HAL_GetTick
                0x08010760       0x18 Drivers/STM32L4xx_HAL_Driver/stm32l4xx_hal.o
                0x08010760                HAL_GetTick
 .text.HAL_Delay
                0x08010778       0x2c Drivers/STM32L4xx_HAL_Driver/stm32l4xx_hal.o
                0x08010778                HAL_Delay
 .text.NVIC_SetPriorityGrouping
                0x080107a4       0x48 Drivers/STM32L4xx_HAL_Driver/stm32l4xx_hal_cortex.o
 .text.NVIC_GetPriorityGrouping
                0x080107ec       0x1c Drivers/STM32L4xx_HAL_Driver/stm32l4xx_hal_cortex.o
 .text.NVIC_EnableIRQ
                0x08010808       0x34 Drivers/STM32L4xx_HAL_Driver/stm32l4xx_hal_cortex.o
 .text.NVIC_SetPriority
                0x0801083c       0x54 Drivers/STM32L4xx_HAL_Driver/stm32l4xx_hal_cortex.o
 .text.NVIC_EncodePriority
                0x08010890       0x64 Drivers/STM32L4xx_HAL_Driver/stm32l4xx_hal_cortex.o
 .text.SysTick_Config
                0x080108f4       0x44 Drivers/STM32L4xx_HAL_Driver/stm32l4xx_hal_cortex.o
 .text.HAL_NVIC_SetPriorityGrouping
                0x08010938       0x18 Drivers/STM32L4xx_HAL_Driver/stm32l4xx_hal_cortex.o
                0x08010938                HAL_NVIC_SetPriorityGrouping
 .text.HAL_NVIC_SetPriority
                0x08010950       0x38 Drivers/STM32L4xx_HAL_Driver/stm32l4xx_hal_cortex.o
                0x08010950                HAL_NVIC_SetPriority
 .text.HAL_NVIC_EnableIRQ
                0x08010988       0x1c Drivers/STM32L4xx_HAL_Driver/stm32l4xx_hal_cortex.o
                0x08010988                HAL_NVIC_EnableIRQ
 .text.HAL_SYSTICK_Config
                0x080109a4       0x18 Drivers/STM32L4xx_HAL_Driver/stm32l4xx_hal_cortex.o
                0x080109a4                HAL_SYSTICK_Config
 .text.HAL_GPIO_Init
                0x080109bc      0x358 Drivers/STM32L4xx_HAL_Driver/stm32l4xx_hal_gpio.o
                0x080109bc                HAL_GPIO_Init
 .text.HAL_GPIO_WritePin
                0x08010d14       0x30 Drivers/STM32L4xx_HAL_Driver/stm32l4xx_hal_gpio.o
                0x08010d14                HAL_GPIO_WritePin
 .text.HAL_GPIO_EXTI_IRQHandler
                0x08010d44       0x30 Drivers/STM32L4xx_HAL_Driver/stm32l4xx_hal_gpio.o
                0x08010d44                HAL_GPIO_EXTI_IRQHandler
 .text.HAL_I2C_Init
                0x08010d74      0x114 Drivers/STM32L4xx_HAL_Driver/stm32l4xx_hal_i2c.o
                0x08010d74                HAL_I2C_Init
 .text.HAL_I2C_DeInit
                0x08010e88       0x60 Drivers/STM32L4xx_HAL_Driver/stm32l4xx_hal_i2c.o
                0x08010e88                HAL_I2C_DeInit
 .text.HAL_I2C_MspInit
                0x08010ee8       0x14 Drivers/STM32L4xx_HAL_Driver/stm32l4xx_hal_i2c.o
                0x08010ee8                HAL_I2C_MspInit
 .text.HAL_I2C_MspDeInit
                0x08010efc       0x14 Drivers/STM32L4xx_HAL_Driver/stm32l4xx_hal_i2c.o
                0x08010efc                HAL_I2C_MspDeInit
 .text.HAL_I2C_Mem_Write
                0x08010f10      0x24c Drivers/STM32L4xx_HAL_Driver/stm32l4xx_hal_i2c.o
                0x08010f10                HAL_I2C_Mem_Write
 .text.HAL_I2C_Mem_Read
                0x0801115c      0x24c Drivers/STM32L4xx_HAL_Driver/stm32l4xx_hal_i2c.o
                0x0801115c                HAL_I2C_Mem_Read
 .text.HAL_I2C_GetState
                0x080113a8       0x1c Drivers/STM32L4xx_HAL_Driver/stm32l4xx_hal_i2c.o
                0x080113a8                HAL_I2C_GetState
 .text.I2C_RequestMemoryWrite
                0x080113c4       0xc0 Drivers/STM32L4xx_HAL_Driver/stm32l4xx_hal_i2c.o
 .text.I2C_RequestMemoryRead
                0x08011484       0xbc Drivers/STM32L4xx_HAL_Driver/stm32l4xx_hal_i2c.o
 .text.I2C_Flush_TXDR
                0x08011540       0x48 Drivers/STM32L4xx_HAL_Driver/stm32l4xx_hal_i2c.o
 .text.I2C_WaitOnFlagUntilTimeout
                0x08011588       0x74 Drivers/STM32L4xx_HAL_Driver/stm32l4xx_hal_i2c.o
 .text.I2C_WaitOnTXISFlagUntilTimeout
                0x080115fc       0x80 Drivers/STM32L4xx_HAL_Driver/stm32l4xx_hal_i2c.o
 .text.I2C_WaitOnSTOPFlagUntilTimeout
                0x0801167c       0x78 Drivers/STM32L4xx_HAL_Driver/stm32l4xx_hal_i2c.o
 .text.I2C_IsAcknowledgeFailed
                0x080116f4       0xbc Drivers/STM32L4xx_HAL_Driver/stm32l4xx_hal_i2c.o
 .text.I2C_TransferConfig
                0x080117b0       0x5c Drivers/STM32L4xx_HAL_Driver/stm32l4xx_hal_i2c.o
 .text.HAL_PCD_Init
                0x0801180c      0x23c Drivers/STM32L4xx_HAL_Driver/stm32l4xx_hal_pcd.o
                0x0801180c                HAL_PCD_Init
 .text.HAL_PCD_Start
                0x08011a48       0x44 Drivers/STM32L4xx_HAL_Driver/stm32l4xx_hal_pcd.o
                0x08011a48                HAL_PCD_Start
 .text.HAL_PCD_IRQHandler
                0x08011a8c      0x970 Drivers/STM32L4xx_HAL_Driver/stm32l4xx_hal_pcd.o
                0x08011a8c                HAL_PCD_IRQHandler
 .text.HAL_PCD_SetAddress
                0x080123fc       0x4c Drivers/STM32L4xx_HAL_Driver/stm32l4xx_hal_pcd.o
                0x080123fc                HAL_PCD_SetAddress
 .text.HAL_PCD_EP_Open
                0x08012448       0xb8 Drivers/STM32L4xx_HAL_Driver/stm32l4xx_hal_pcd.o
                0x08012448                HAL_PCD_EP_Open
 .text.HAL_PCD_EP_Close
                0x08012500       0x9c Drivers/STM32L4xx_HAL_Driver/stm32l4xx_hal_pcd.o
                0x08012500                HAL_PCD_EP_Close
 .text.HAL_PCD_EP_Receive
                0x0801259c       0xa8 Drivers/STM32L4xx_HAL_Driver/stm32l4xx_hal_pcd.o
                0x0801259c                HAL_PCD_EP_Receive
 .text.HAL_PCD_EP_GetRxCount
                0x08012644       0x34 Drivers/STM32L4xx_HAL_Driver/stm32l4xx_hal_pcd.o
                0x08012644                HAL_PCD_EP_GetRxCount
 .text.HAL_PCD_EP_Transmit
                0x08012678       0xa8 Drivers/STM32L4xx_HAL_Driver/stm32l4xx_hal_pcd.o
                0x08012678                HAL_PCD_EP_Transmit
 .text.HAL_PCD_EP_SetStall
                0x08012720       0xbc Drivers/STM32L4xx_HAL_Driver/stm32l4xx_hal_pcd.o
                0x08012720                HAL_PCD_EP_SetStall
 .text.HAL_PCD_EP_ClrStall
                0x080127dc       0x9c Drivers/STM32L4xx_HAL_Driver/stm32l4xx_hal_pcd.o
                0x080127dc                HAL_PCD_EP_ClrStall
 .text.PCD_WriteEmptyTxFifo
                0x08012878      0x11c Drivers/STM32L4xx_HAL_Driver/stm32l4xx_hal_pcd.o
 .text.HAL_PCDEx_SetTxFiFo
                0x08012994       0x9c Drivers/STM32L4xx_HAL_Driver/stm32l4xx_hal_pcd_ex.o
                0x08012994                HAL_PCDEx_SetTxFiFo
 .text.HAL_PCDEx_SetRxFiFo
                0x08012a30       0x24 Drivers/STM32L4xx_HAL_Driver/stm32l4xx_hal_pcd_ex.o
                0x08012a30                HAL_PCDEx_SetRxFiFo
 .text.HAL_PCDEx_ActivateLPM
                0x08012a54       0x48 Drivers/STM32L4xx_HAL_Driver/stm32l4xx_hal_pcd_ex.o
                0x08012a54                HAL_PCDEx_ActivateLPM
 .text.HAL_PCDEx_ActivateBCD
                0x08012a9c       0x30 Drivers/STM32L4xx_HAL_Driver/stm32l4xx_hal_pcd_ex.o
                0x08012a9c                HAL_PCDEx_ActivateBCD
 .text.HAL_PCDEx_LPM_Callback
                0x08012acc       0x18 Drivers/STM32L4xx_HAL_Driver/stm32l4xx_hal_pcd_ex.o
                0x08012acc                HAL_PCDEx_LPM_Callback
 .text.HAL_PWR_EnableBkUpAccess
                0x08012ae4       0x20 Drivers/STM32L4xx_HAL_Driver/stm32l4xx_hal_pwr.o
                0x08012ae4                HAL_PWR_EnableBkUpAccess
 .text.HAL_PWREx_GetVoltageRange
                0x08012b04       0x1c Drivers/STM32L4xx_HAL_Driver/stm32l4xx_hal_pwr_ex.o
                0x08012b04                HAL_PWREx_GetVoltageRange