Archive member included to satisfy reference by file (symbol)

c:/users/prateek karkare/.p2/pool/plugins/fr.ac6.mcu.externaltools.arm-none.win32_1.13.1.201701200843/tools/compiler/bin/../lib/gcc/arm-none-eabi/5.4.1/armv7e-m/fpu\libgcc.a(_arm_addsubdf3.o)
                              DataLog/User/datalog_application.o (__aeabi_i2d)
c:/users/prateek karkare/.p2/pool/plugins/fr.ac6.mcu.externaltools.arm-none.win32_1.13.1.201701200843/tools/compiler/bin/../lib/gcc/arm-none-eabi/5.4.1/armv7e-m/fpu\libgcc.a(_arm_muldivdf3.o)
                              DataLog/User/datalog_application.o (__aeabi_dmul)
c:/users/prateek karkare/.p2/pool/plugins/fr.ac6.mcu.externaltools.arm-none.win32_1.13.1.201701200843/tools/compiler/bin/../lib/gcc/arm-none-eabi/5.4.1/armv7e-m/fpu\libgcc.a(_arm_fixdfsi.o)
                              DataLog/User/datalog_application.o (__aeabi_d2iz)
c:/users/prateek karkare/.p2/pool/plugins/fr.ac6.mcu.externaltools.arm-none.win32_1.13.1.201701200843/tools/compiler/bin/../lib/gcc/arm-none-eabi/5.4.1/armv7e-m/fpu\libgcc.a(_aeabi_ldivmod.o)
                              Drivers/BSP/Components/LSM303AGR_ACC_driver.o (__aeabi_ldivmod)
c:/users/prateek karkare/.p2/pool/plugins/fr.ac6.mcu.externaltools.arm-none.win32_1.13.1.201701200843/tools/compiler/bin/../lib/gcc/arm-none-eabi/5.4.1/armv7e-m/fpu\libgcc.a(_udivmoddi4.o)
                              c:/users/prateek karkare/.p2/pool/plugins/fr.ac6.mcu.externaltools.arm-none.win32_1.13.1.201701200843/tools/compiler/bin/../lib/gcc/arm-none-eabi/5.4.1/armv7e-m/fpu\libgcc.a(_aeabi_ldivmod.o) (__udivmoddi4)
c:/users/prateek karkare/.p2/pool/plugins/fr.ac6.mcu.externaltools.arm-none.win32_1.13.1.201701200843/tools/compiler/bin/../lib/gcc/arm-none-eabi/5.4.1/armv7e-m/fpu\libgcc.a(_dvmd_tls.o)
                              c:/users/prateek karkare/.p2/pool/plugins/fr.ac6.mcu.externaltools.arm-none.win32_1.13.1.201701200843/tools/compiler/bin/../lib/gcc/arm-none-eabi/5.4.1/armv7e-m/fpu\libgcc.a(_aeabi_ldivmod.o) (__aeabi_ldiv0)
c:/users/prateek karkare/.p2/pool/plugins/fr.ac6.mcu.externaltools.arm-none.win32_1.13.1.201701200843/tools/compiler/bin/../lib/gcc/arm-none-eabi/5.4.1/../../../../arm-none-eabi/lib/armv7e-m/fpu\libc_nano.a(lib_a-errno.o)
                              DataLog/User/syscalls.o (__errno)
c:/users/prateek karkare/.p2/pool/plugins/fr.ac6.mcu.externaltools.arm-none.win32_1.13.1.201701200843/tools/compiler/bin/../lib/gcc/arm-none-eabi/5.4.1/../../../../arm-none-eabi/lib/armv7e-m/fpu\libc_nano.a(lib_a-exit.o)
                              c:/users/prateek karkare/.p2/pool/plugins/fr.ac6.mcu.externaltools.arm-none.win32_1.13.1.201701200843/tools/compiler/bin/../lib/gcc/arm-none-eabi/5.4.1/../../../../arm-none-eabi/lib/armv7e-m/fpu/crt0.o (exit)
c:/users/prateek karkare/.p2/pool/plugins/fr.ac6.mcu.externaltools.arm-none.win32_1.13.1.201701200843/tools/compiler/bin/../lib/gcc/arm-none-eabi/5.4.1/../../../../arm-none-eabi/lib/armv7e-m/fpu\libc_nano.a(lib_a-impure.o)
                              c:/users/prateek karkare/.p2/pool/plugins/fr.ac6.mcu.externaltools.arm-none.win32_1.13.1.201701200843/tools/compiler/bin/../lib/gcc/arm-none-eabi/5.4.1/../../../../arm-none-eabi/lib/armv7e-m/fpu\libc_nano.a(lib_a-exit.o) (_global_impure_ptr)
c:/users/prateek karkare/.p2/pool/plugins/fr.ac6.mcu.externaltools.arm-none.win32_1.13.1.201701200843/tools/compiler/bin/../lib/gcc/arm-none-eabi/5.4.1/../../../../arm-none-eabi/lib/armv7e-m/fpu\libc_nano.a(lib_a-init.o)
                              c:/users/prateek karkare/.p2/pool/plugins/fr.ac6.mcu.externaltools.arm-none.win32_1.13.1.201701200843/tools/compiler/bin/../lib/gcc/arm-none-eabi/5.4.1/../../../../arm-none-eabi/lib/armv7e-m/fpu/crt0.o (__libc_init_array)
c:/users/prateek karkare/.p2/pool/plugins/fr.ac6.mcu.externaltools.arm-none.win32_1.13.1.201701200843/tools/compiler/bin/../lib/gcc/arm-none-eabi/5.4.1/../../../../arm-none-eabi/lib/armv7e-m/fpu\libc_nano.a(lib_a-malloc.o)
                              Middlewares/FatFs/syscall.o (malloc)
c:/users/prateek karkare/.p2/pool/plugins/fr.ac6.mcu.externaltools.arm-none.win32_1.13.1.201701200843/tools/compiler/bin/../lib/gcc/arm-none-eabi/5.4.1/../../../../arm-none-eabi/lib/armv7e-m/fpu\libc_nano.a(lib_a-memcpy-stub.o)
                              DataLog/User/datalog_application.o (memcpy)
c:/users/prateek karkare/.p2/pool/plugins/fr.ac6.mcu.externaltools.arm-none.win32_1.13.1.201701200843/tools/compiler/bin/../lib/gcc/arm-none-eabi/5.4.1/../../../../arm-none-eabi/lib/armv7e-m/fpu\libc_nano.a(lib_a-memset.o)
                              c:/users/prateek karkare/.p2/pool/plugins/fr.ac6.mcu.externaltools.arm-none.win32_1.13.1.201701200843/tools/compiler/bin/../lib/gcc/arm-none-eabi/5.4.1/../../../../arm-none-eabi/lib/armv7e-m/fpu/crt0.o (memset)
[...]
Memory Configuration

Name             Origin             Length             Attributes
FLASH            0x08004000         0x00040000         xr
RAM              0x20000000         0x00018000         xrw
SRAM2            0x10000000         0x00008000         xrw
*default*        0x00000000         0xffffffff

Linker script and memory map

LOAD c:/users/prateek karkare/.p2/pool/plugins/fr.ac6.mcu.externaltools.arm-none.win32_1.13.1.201701200843/tools/compiler/bin/../lib/gcc/arm-none-eabi/5.4.1/armv7e-m/fpu/crti.o
LOAD c:/users/prateek karkare/.p2/pool/plugins/fr.ac6.mcu.externaltools.arm-none.win32_1.13.1.201701200843/tools/compiler/bin/../lib/gcc/arm-none-eabi/5.4.1/armv7e-m/fpu/crtbegin.o
LOAD c:/users/prateek karkare/.p2/pool/plugins/fr.ac6.mcu.externaltools.arm-none.win32_1.13.1.201701200843/tools/compiler/bin/../lib/gcc/arm-none-eabi/5.4.1/../../../../arm-none-eabi/lib/armv7e-m/fpu/crt0.o
LOAD c:/users/prateek karkare/.p2/pool/plugins/fr.ac6.mcu.externaltools.arm-none.win32_1.13.1.201701200843/tools/compiler/bin/../lib/gcc/arm-none-eabi/5.4.1/../../../../arm-none-eabi/lib/armv7e-m/fpu\libm.a
LOAD DataLog/SW4STM32/startup_stm32l476xx.o
LOAD DataLog/User/cube_hal_l4.o
LOAD DataLog/User/datalog_application.o
LOAD DataLog/User/main.o
LOAD DataLog/User/stm32l4xx_hal_msp.o
LOAD DataLog/User/stm32l4xx_it.o
LOAD DataLog/User/syscalls.o
LOAD DataLog/User/usbd_cdc_interface.o
LOAD DataLog/User/usbd_conf.o
LOAD DataLog/User/usbd_desc.o
LOAD Drivers/BSP/Components/HTS221_Driver.o
LOAD Drivers/BSP/Components/HTS221_Driver_HL.o
LOAD Drivers/BSP/Components/LPS22HB_Driver.o
LOAD Drivers/BSP/Components/LPS22HB_Driver_HL.o
LOAD Drivers/BSP/Components/LSM303AGR_ACC_driver.o
LOAD Drivers/BSP/Components/LSM303AGR_ACC_driver_HL.o
LOAD Drivers/BSP/Components/LSM303AGR_MAG_driver.o
LOAD Drivers/BSP/Components/LSM303AGR_MAG_driver_HL.o
LOAD Drivers/BSP/Components/LSM6DSM_ACC_GYRO_driver.o
LOAD Drivers/BSP/Components/LSM6DSM_ACC_GYRO_driver_HL.o
LOAD Drivers/BSP/Components/STC3115_Driver.o
LOAD Drivers/BSP/SensorTile/SensorTile.o
LOAD Drivers/BSP/SensorTile/SensorTile_accelero.o
LOAD Drivers/BSP/SensorTile/SensorTile_gg.o
LOAD Drivers/BSP/SensorTile/SensorTile_gyro.o
LOAD Drivers/BSP/SensorTile/SensorTile_humidity.o
LOAD Drivers/BSP/SensorTile/SensorTile_magneto.o
LOAD Drivers/BSP/SensorTile/SensorTile_pressure.o
LOAD Drivers/BSP/SensorTile/SensorTile_sd.o
LOAD Drivers/BSP/SensorTile/SensorTile_temperature.o
LOAD Drivers/CMSIS/system_stm32l4xx.o
LOAD Drivers/STM32L4xx_HAL_Driver/stm32l4xx_hal.o
LOAD Drivers/STM32L4xx_HAL_Driver/stm32l4xx_hal_cortex.o
LOAD Drivers/STM32L4xx_HAL_Driver/stm32l4xx_hal_dma.o
LOAD Drivers/STM32L4xx_HAL_Driver/stm32l4xx_hal_gpio.o
LOAD Drivers/STM32L4xx_HAL_Driver/stm32l4xx_hal_i2c.o
LOAD Drivers/STM32L4xx_HAL_Driver/stm32l4xx_hal_i2c_ex.o
LOAD Drivers/STM32L4xx_HAL_Driver/stm32l4xx_hal_pcd.o
LOAD Drivers/STM32L4xx_HAL_Driver/stm32l4xx_hal_pcd_ex.o
LOAD Drivers/STM32L4xx_HAL_Driver/stm32l4xx_hal_pwr.o
LOAD Drivers/STM32L4xx_HAL_Driver/stm32l4xx_hal_pwr_ex.o
LOAD Drivers/STM32L4xx_HAL_Driver/stm32l4xx_hal_rcc.o
LOAD Drivers/STM32L4xx_HAL_Driver/stm32l4xx_hal_rcc_ex.o
LOAD Drivers/STM32L4xx_HAL_Driver/stm32l4xx_hal_rtc.o
LOAD Drivers/STM32L4xx_HAL_Driver/stm32l4xx_hal_rtc_ex.o
LOAD Drivers/STM32L4xx_HAL_Driver/stm32l4xx_hal_spi.o
LOAD Drivers/STM32L4xx_HAL_Driver/stm32l4xx_hal_spi_ex.o
LOAD Drivers/STM32L4xx_HAL_Driver/stm32l4xx_hal_tim.o
LOAD Drivers/STM32L4xx_HAL_Driver/stm32l4xx_hal_tim_ex.o
LOAD Drivers/STM32L4xx_HAL_Driver/stm32l4xx_ll_usb.o
LOAD Middlewares/FatFs/diskio.o
LOAD Middlewares/FatFs/ff.o
LOAD Middlewares/FatFs/ff_gen_drv.o
LOAD Middlewares/FatFs/sd_diskio.o
LOAD Middlewares/FatFs/syscall.o
LOAD Middlewares/FatFs/unicode.o
LOAD Middlewares/STM32_USBD_Library/Class/usbd_cdc.o
LOAD Middlewares/STM32_USBD_Library/Core/usbd_core.o
LOAD Middlewares/STM32_USBD_Library/Core/usbd_ctlreq.o
LOAD Middlewares/STM32_USBD_Library/Core/usbd_ioreq.o
START GROUP
LOAD c:/users/prateek karkare/.p2/pool/plugins/fr.ac6.mcu.externaltools.arm-none.win32_1.13.1.201701200843/tools/compiler/bin/../lib/gcc/arm-none-eabi/5.4.1/armv7e-m/fpu\libgcc.a
LOAD c:/users/prateek karkare/.p2/pool/plugins/fr.ac6.mcu.externaltools.arm-none.win32_1.13.1.201701200843/tools/compiler/bin/../lib/gcc/arm-none-eabi/5.4.1/../../../../arm-none-eabi/lib/armv7e-m/fpu\libc_nano.a
END GROUP
START GROUP
LOAD c:/users/prateek karkare/.p2/pool/plugins/fr.ac6.mcu.externaltools.arm-none.win32_1.13.1.201701200843/tools/compiler/bin/../lib/gcc/arm-none-eabi/5.4.1/armv7e-m/fpu\libgcc.a
LOAD c:/users/prateek karkare/.p2/pool/plugins/fr.ac6.mcu.externaltools.arm-none.win32_1.13.1.201701200843/tools/compiler/bin/../lib/gcc/arm-none-eabi/5.4.1/../../../../arm-none-eabi/lib/armv7e-m/fpu\libc_nano.a
END GROUP
LOAD c:/users/prateek karkare/.p2/pool/plugins/fr.ac6.mcu.externaltools.arm-none.win32_1.13.1.201701200843/tools/compiler/bin/../lib/gcc/arm-none-eabi/5.4.1/armv7e-m/fpu/crtend.o
LOAD c:/users/prateek karkare/.p2/pool/plugins/fr.ac6.mcu.externaltools.arm-none.win32_1.13.1.201701200843/tools/compiler/bin/../lib/gcc/arm-none-eabi/5.4.1/armv7e-m/fpu/crtn.o
                0x20017fff                _estack = 0x20017fff
                0x00002000                _Min_Heap_Size = 0x2000
                0x00002000                _Min_Stack_Size = 0x2000

.isr_vector     0x08004000      0x188
                0x08004000                . = ALIGN (0x8)
 *(.isr_vector)
 .isr_vector    0x08004000      0x188 DataLog/SW4STM32/startup_stm32l476xx.o
                0x08004000                g_pfnVectors
                0x08004188                . = ALIGN (0x8)

.text           0x08004190    0x1b4e8
                0x08004190                . = ALIGN (0x8)
 *(.text)
 .text          0x08004190       0x5c c:/users/prateek karkare/.p2/pool/plugins/fr.ac6.mcu.externaltools.arm-none.win32_1.13.1.201701200843/tools/compiler/bin/../lib/gcc/arm-none-eabi/5.4.1/armv7e-m/fpu/crtbegin.o
 .text          0x080041ec      0x370 c:/users/prateek karkare/.p2/pool/plugins/fr.ac6.mcu.externaltools.arm-none.win32_1.13.1.201701200843/tools/compiler/bin/../lib/gcc/arm-none-eabi/5.4.1/armv7e-m/fpu\libgcc.a(_arm_addsubdf3.o)
                0x080041ec                __aeabi_drsub
                0x080041f4                __aeabi_dsub
                0x080041f4                __subdf3
                0x080041f8                __aeabi_dadd
                0x080041f8                __adddf3
                0x08004470                __floatunsidf
                0x08004470                __aeabi_ui2d
                0x08004490                __floatsidf
                0x08004490                __aeabi_i2d
                0x080044b4                __aeabi_f2d
                0x080044b4                __extendsfdf2
                0x080044f0                __floatundidf
                0x080044f0                __aeabi_ul2d
                0x08004500                __floatdidf
                0x08004500                __aeabi_l2d
 .text          0x0800455c      0x424 c:/users/prateek karkare/.p2/pool/plugins/fr.ac6.mcu.externaltools.arm-none.win32_1.13.1.201701200843/tools/compiler/bin/../lib/gcc/arm-none-eabi/5.4.1/armv7e-m/fpu\libgcc.a(_arm_muldivdf3.o)
                0x0800455c                __aeabi_dmul
                0x0800455c                __muldf3
                0x080047b0                __divdf3
                0x080047b0                __aeabi_ddiv
 .text          0x08004980       0x50 c:/users/prateek karkare/.p2/pool/plugins/fr.ac6.mcu.externaltools.arm-none.win32_1.13.1.201701200843/tools/compiler/bin/../lib/gcc/arm-none-eabi/5.4.1/armv7e-m/fpu\libgcc.a(_arm_fixdfsi.o)
                0x08004980                __aeabi_d2iz
                0x08004980                __fixdfsi
 .text          0x080049d0       0xa0 c:/users/prateek karkare/.p2/pool/plugins/fr.ac6.mcu.externaltools.arm-none.win32_1.13.1.201701200843/tools/compiler/bin/../lib/gcc/arm-none-eabi/5.4.1/armv7e-m/fpu\libgcc.a(_aeabi_ldivmod.o)
                0x080049d0                __aeabi_ldivmod
 .text          0x08004a70      0x2e4 c:/users/prateek karkare/.p2/pool/plugins/fr.ac6.mcu.externaltools.arm-none.win32_1.13.1.201701200843/tools/compiler/bin/../lib/gcc/arm-none-eabi/5.4.1/armv7e-m/fpu\libgcc.a(_udivmoddi4.o)
                0x08004a70                __udivmoddi4
 .text          0x08004d54        0x4 c:/users/prateek karkare/.p2/pool/plugins/fr.ac6.mcu.externaltools.arm-none.win32_1.13.1.201701200843/tools/compiler/bin/../lib/gcc/arm-none-eabi/5.4.1/armv7e-m/fpu\libgcc.a(_dvmd_tls.o)
                0x08004d54                __aeabi_idiv0
                0x08004d54                __aeabi_ldiv0
 .text          0x08004d58       0x10 c:/users/prateek karkare/.p2/pool/plugins/fr.ac6.mcu.externaltools.arm-none.win32_1.13.1.201701200843/tools/compiler/bin/../lib/gcc/arm-none-eabi/5.4.1/../../../../arm-none-eabi/lib/armv7e-m/fpu\libc_nano.a(lib_a-strlen.o)
                0x08004d58                strlen
 *fill*         0x08004d68        0x8 
 .text          0x08004d70       0xa0 c:/users/prateek karkare/.p2/pool/plugins/fr.ac6.mcu.externaltools.arm-none.win32_1.13.1.201701200843/tools/compiler/bin/../lib/gcc/arm-none-eabi/5.4.1/../../../../arm-none-eabi/lib/armv7e-m/fpu\libc_nano.a(lib_a-memchr.o)
                0x08004d70                memchr
 .text          0x08004e10      0x110 c:/users/prateek karkare/.p2/pool/plugins/fr.ac6.mcu.externaltools.arm-none.win32_1.13.1.201701200843/tools/compiler/bin/../lib/gcc/arm-none-eabi/5.4.1/armv7e-m/fpu\libgcc.a(_arm_cmpdf2.o)
                0x08004e10                __gtdf2
                0x08004e10                __gedf2
                0x08004e18                __ltdf2
                0x08004e18                __ledf2
                0x08004e20                __nedf2
                0x08004e20                __eqdf2
                0x08004e20                __cmpdf2
                0x08004e9c                __aeabi_cdrcmple
                0x08004eac                __aeabi_cdcmpeq
                0x08004eac                __aeabi_cdcmple
                0x08004ebc                __aeabi_dcmpeq
                0x08004ed0                __aeabi_dcmplt
                0x08004ee4                __aeabi_dcmple
                0x08004ef8                __aeabi_dcmpge
                0x08004f0c                __aeabi_dcmpgt
 .text          0x08004f20       0x2c c:/users/prateek karkare/.p2/pool/plugins/fr.ac6.mcu.externaltools.arm-none.win32_1.13.1.201701200843/tools/compiler/bin/../lib/gcc/arm-none-eabi/5.4.1/armv7e-m/fpu\libgcc.a(_arm_unorddf2.o)
                0x08004f20                __unorddf2
                0x08004f20                __aeabi_dcmpun
 *(.text*)
 .text.Reset_Handler
                0x08004f4c       0x50 DataLog/SW4STM32/startup_stm32l476xx.o
                0x08004f4c                Reset_Handler
 .text.Default_Handler
                0x08004f9c        0x2 DataLog/SW4STM32/startup_stm32l476xx.o
                0x08004f9c                RTC_Alarm_IRQHandler
                0x08004f9c                TIM8_TRG_COM_IRQHandler
                0x08004f9c                TIM8_CC_IRQHandler
                0x08004f9c                TIM1_CC_IRQHandler
                0x08004f9c                TSC_IRQHandler
                0x08004f9c                TAMP_STAMP_IRQHandler
                0x08004f9c                PendSV_Handler
                0x08004f9c                EXTI3_IRQHandler
                0x08004f9c                LPTIM2_IRQHandler
                0x08004f9c                DFSDM1_FLT1_IRQHandler
                0x08004f9c                I2C3_ER_IRQHandler
                0x08004f9c                DFSDM1_FLT2_IRQHandler
                0x08004f9c                EXTI0_IRQHandler
                0x08004f9c                I2C2_EV_IRQHandler
                0x08004f9c                CAN1_RX0_IRQHandler
                0x08004f9c                FPU_IRQHandler
                0x08004f9c                TIM1_UP_TIM16_IRQHandler
                0x08004f9c                UsageFault_Handler
                0x08004f9c                ADC1_2_IRQHandler
                0x08004f9c                SPI1_IRQHandler
                0x08004f9c                TIM6_DAC_IRQHandler
                0x08004f9c                TIM8_UP_IRQHandler
                0x08004f9c                DMA2_Channel2_IRQHandler
                0x08004f9c                DMA1_Channel4_IRQHandler
                0x08004f9c                SAI2_IRQHandler
                0x08004f9c                DFSDM1_FLT3_IRQHandler
                0x08004f9c                USART3_IRQHandler
                0x08004f9c                DMA1_Channel7_IRQHandler
                0x08004f9c                CAN1_RX1_IRQHandler
                0x08004f9c                LCD_IRQHandler
                0x08004f9c                UART5_IRQHandler
                0x08004f9c                ADC3_IRQHandler
                0x08004f9c                TIM4_IRQHandler
                0x08004f9c                DMA2_Channel1_IRQHandler
                0x08004f9c                QUADSPI_IRQHandler
                0x08004f9c                I2C1_EV_IRQHandler
                0x08004f9c                DMA1_Channel6_IRQHandler
                0x08004f9c                UART4_IRQHandler
                0x08004f9c                DMA2_Channel4_IRQHandler
                0x08004f9c                RCC_IRQHandler
                0x08004f9c                DMA1_Channel1_IRQHandler
                0x08004f9c                Default_Handler
                0x08004f9c                DMA2_Channel7_IRQHandler
                0x08004f9c                EXTI15_10_IRQHandler
                0x08004f9c                TIM7_IRQHandler
                0x08004f9c                SDMMC1_IRQHandler
                0x08004f9c                TIM5_IRQHandler
                0x08004f9c                I2C3_EV_IRQHandler
                0x08004f9c                EXTI9_5_IRQHandler
                0x08004f9c                RTC_WKUP_IRQHandler
                0x08004f9c                PVD_PVM_IRQHandler
                0x08004f9c                SPI2_IRQHandler
                0x08004f9c                MemManage_Handler
                0x08004f9c                CAN1_TX_IRQHandler
                0x08004f9c                SVC_Handler
                0x08004f9c                DMA2_Channel5_IRQHandler
                0x08004f9c                DMA1_Channel5_IRQHandler
                0x08004f9c                EXTI4_IRQHandler
                0x08004f9c                RNG_IRQHandler
                0x08004f9c                TIM1_TRG_COM_TIM17_IRQHandler
                0x08004f9c                DMA1_Channel3_IRQHandler
                0x08004f9c                COMP_IRQHandler
                0x08004f9c                WWDG_IRQHandler
                0x08004f9c                LPUART1_IRQHandler
                0x08004f9c                DMA2_Channel6_IRQHandler
                0x08004f9c                TIM2_IRQHandler
                0x08004f9c                EXTI1_IRQHandler
                0x08004f9c                USART2_IRQHandler
                0x08004f9c                DFSDM1_FLT0_IRQHandler
                0x08004f9c                I2C2_ER_IRQHandler
                0x08004f9c                DMA1_Channel2_IRQHandler
                0x08004f9c                TIM8_BRK_IRQHandler
                0x08004f9c                CAN1_SCE_IRQHandler
                0x08004f9c                FLASH_IRQHandler
                0x08004f9c                BusFault_Handler
                0x08004f9c                USART1_IRQHandler
                0x08004f9c                SPI3_IRQHandler
                0x08004f9c                I2C1_ER_IRQHandler
                0x08004f9c                FMC_IRQHandler
                0x08004f9c                SWPMI1_IRQHandler
                0x08004f9c                LPTIM1_IRQHandler
                0x08004f9c                SAI1_IRQHandler
                0x08004f9c                DMA2_Channel3_IRQHandler
                0x08004f9c                TIM1_BRK_TIM15_IRQHandler
 *fill*         0x08004f9e        0x2 
 .text.SystemClock_Config
                0x08004fa0      0x144 DataLog/User/cube_hal_l4.o
                0x08004fa0                SystemClock_Config
 .text.Error_Handler
                0x080050e4        0x8 DataLog/User/cube_hal_l4.o
 .text.DATALOG_SD_Init
                0x080050ec       0x54 DataLog/User/datalog_application.o
                0x080050ec                DATALOG_SD_Init
 .text.DATALOG_SD_Log_Enable
                0x08005140       0xa0 DataLog/User/datalog_application.o
                0x08005140                DATALOG_SD_Log_Enable
 .text.DATALOG_SD_Log_Disable
                0x080051e0       0x18 DataLog/User/datalog_application.o
                0x080051e0                DATALOG_SD_Log_Disable
 .text.DATALOG_SD_NewLine
                0x080051f8       0x24 DataLog/User/datalog_application.o
                0x080051f8                DATALOG_SD_NewLine
 .text.RTC_Handler
                0x0800521c       0xec DataLog/User/datalog_application.o
                0x0800521c                RTC_Handler
 .text.Accelero_Sensor_Handler
                0x08005308      0x204 DataLog/User/datalog_application.o
                0x08005308                Accelero_Sensor_Handler
 .text.Gyro_Sensor_Handler
                0x0800550c      0x204 DataLog/User/datalog_application.o
                0x0800550c                Gyro_Sensor_Handler
 .text.Magneto_Sensor_Handler
                0x08005710      0x204 DataLog/User/datalog_application.o
                0x08005710                Magneto_Sensor_Handler
 .text.Humidity_Sensor_Handler
                0x08005914      0x19c DataLog/User/datalog_application.o
                0x08005914                Humidity_Sensor_Handler
 .text.Temperature_Sensor_Handler
                0x08005ab0      0x19c DataLog/User/datalog_application.o
                0x08005ab0                Temperature_Sensor_Handler
 .text.Pressure_Sensor_Handler
                0x08005c4c      0x19c DataLog/User/datalog_application.o
                0x08005c4c                Pressure_Sensor_Handler
 .text.Gas_Gauge_Handler
                0x08005de8       0xdc DataLog/User/datalog_application.o
                0x08005de8                Gas_Gauge_Handler
 *fill*         0x08005ec4        0x4 
 .text.floatToInt
                0x08005ec8       0xc8 DataLog/User/datalog_application.o
                0x08005ec8                floatToInt
 .text.main     0x08005f90      0x1e4 DataLog/User/main.o
                0x08005f90                main
 .text.initializeAllSensors
                0x08006174       0xf4 DataLog/User/main.o
 .text.enableAllSensors
                0x08006268       0x88 DataLog/User/main.o
                0x08006268                enableAllSensors
 .text.RTC_Config
                0x080062f0       0x4c DataLog/User/main.o
 .text.RTC_TimeStampConfig
                0x0800633c       0x68 DataLog/User/main.o
 .text.HAL_GPIO_EXTI_Callback
                0x080063a4       0x20 DataLog/User/main.o
                0x080063a4                HAL_GPIO_EXTI_Callback
 .text.Error_Handler
                0x080063c4        0x8 DataLog/User/main.o
 .text.HAL_RTC_MspInit
                0x080063cc       0x34 DataLog/User/stm32l4xx_hal_msp.o
                0x080063cc                HAL_RTC_MspInit
 .text.NMI_Handler
                0x08006400       0x10 DataLog/User/stm32l4xx_it.o
                0x08006400                NMI_Handler
 .text.HardFault_Handler
                0x08006410        0x8 DataLog/User/stm32l4xx_it.o
                0x08006410                HardFault_Handler
 .text.DebugMon_Handler
                0x08006418       0x10 DataLog/User/stm32l4xx_it.o
                0x08006418                DebugMon_Handler
 .text.SysTick_Handler
                0x08006428        0xc DataLog/User/stm32l4xx_it.o
                0x08006428                SysTick_Handler
 .text.OTG_FS_IRQHandler
                0x08006434       0x14 DataLog/User/stm32l4xx_it.o
                0x08006434                OTG_FS_IRQHandler
 .text.TIM3_IRQHandler
                0x08006448       0x14 DataLog/User/stm32l4xx_it.o
                0x08006448                TIM3_IRQHandler
 .text.EXTI2_IRQHandler
                0x0800645c       0x10 DataLog/User/stm32l4xx_it.o
                0x0800645c                EXTI2_IRQHandler
 .text._sbrk    0x0800646c       0x58 DataLog/User/syscalls.o
                0x0800646c                _sbrk
 .text._write   0x080064c4       0x38 DataLog/User/syscalls.o
                0x080064c4                _write
 .text._close   0x080064fc       0x18 DataLog/User/syscalls.o
                0x080064fc                _close
 .text._fstat   0x08006514       0x20 DataLog/User/syscalls.o
                0x08006514                _fstat
 .text._isatty  0x08006534       0x18 DataLog/User/syscalls.o
                0x08006534                _isatty
 .text._lseek   0x0800654c       0x1c DataLog/User/syscalls.o
                0x0800654c                _lseek
 .text._read    0x08006568       0x24 DataLog/User/syscalls.o
                0x08006568                _read
 .text.CDC_Itf_Init
                0x0800658c       0x74 DataLog/User/usbd_cdc_interface.o
 .text.CDC_Itf_DeInit
                0x08006600       0x10 DataLog/User/usbd_cdc_interface.o
 .text.CDC_Itf_Control
                0x08006610      0x15c DataLog/User/usbd_cdc_interface.o
 .text.CDC_Fill_Buffer
                0x0800676c       0x54 DataLog/User/usbd_cdc_interface.o
                0x0800676c                CDC_Fill_Buffer
 .text.HAL_TIM_PeriodElapsedCallback
                0x080067c0       0x90 DataLog/User/usbd_cdc_interface.o
                0x080067c0                HAL_TIM_PeriodElapsedCallback
 .text.CDC_Itf_Receive
                0x08006850       0x18 DataLog/User/usbd_cdc_interface.o
 .text.TIM_Config
                0x08006868       0x40 DataLog/User/usbd_cdc_interface.o
 .text.Error_Handler
                0x080068a8       0x10 DataLog/User/usbd_cdc_interface.o
 .text.HAL_PCD_MspInit
                0x080068b8       0x78 DataLog/User/usbd_conf.o
                0x080068b8                HAL_PCD_MspInit
 .text.HAL_PCD_SetupStageCallback
                0x08006930       0x24 DataLog/User/usbd_conf.o
                0x08006930                HAL_PCD_SetupStageCallback
 .text.HAL_PCD_DataOutStageCallback
                0x08006954       0x38 DataLog/User/usbd_conf.o
                0x08006954                HAL_PCD_DataOutStageCallback
 .text.HAL_PCD_DataInStageCallback
                0x0800698c       0x34 DataLog/User/usbd_conf.o
                0x0800698c                HAL_PCD_DataInStageCallback
 .text.HAL_PCD_SOFCallback
                0x080069c0       0x1c DataLog/User/usbd_conf.o
                0x080069c0                HAL_PCD_SOFCallback
 .text.HAL_PCD_ResetCallback
                0x080069dc       0x2c DataLog/User/usbd_conf.o
                0x080069dc                HAL_PCD_ResetCallback
 .text.HAL_PCD_SuspendCallback
                0x08006a08       0x1c DataLog/User/usbd_conf.o
                0x08006a08                HAL_PCD_SuspendCallback
 .text.HAL_PCD_ResumeCallback
                0x08006a24       0x1c DataLog/User/usbd_conf.o
                0x08006a24                HAL_PCD_ResumeCallback
 .text.HAL_PCD_ISOOUTIncompleteCallback
                0x08006a40       0x24 DataLog/User/usbd_conf.o
                0x08006a40                HAL_PCD_ISOOUTIncompleteCallback
 .text.HAL_PCD_ISOINIncompleteCallback
                0x08006a64       0x24 DataLog/User/usbd_conf.o
                0x08006a64                HAL_PCD_ISOINIncompleteCallback
 .text.HAL_PCD_ConnectCallback
                0x08006a88       0x1c DataLog/User/usbd_conf.o
                0x08006a88                HAL_PCD_ConnectCallback
 .text.HAL_PCD_DisconnectCallback
                0x08006aa4       0x1c DataLog/User/usbd_conf.o
                0x08006aa4                HAL_PCD_DisconnectCallback
 .text.USBD_LL_Init
                0x08006ac0       0x94 DataLog/User/usbd_conf.o
                0x08006ac0                USBD_LL_Init
 .text.USBD_LL_Start
                0x08006b54       0x20 DataLog/User/usbd_conf.o
                0x08006b54                USBD_LL_Start
 .text.USBD_LL_OpenEP
                0x08006b74       0x34 DataLog/User/usbd_conf.o
                0x08006b74                USBD_LL_OpenEP
 .text.USBD_LL_CloseEP
                0x08006ba8       0x28 DataLog/User/usbd_conf.o
                0x08006ba8                USBD_LL_CloseEP
 .text.USBD_LL_StallEP
                0x08006bd0       0x28 DataLog/User/usbd_conf.o
                0x08006bd0                USBD_LL_StallEP
 .text.USBD_LL_ClearStallEP
                0x08006bf8       0x28 DataLog/User/usbd_conf.o
                0x08006bf8                USBD_LL_ClearStallEP
 .text.USBD_LL_IsStallEP
                0x08006c20       0x58 DataLog/User/usbd_conf.o
                0x08006c20                USBD_LL_IsStallEP
 .text.USBD_LL_SetUSBAddress
                0x08006c78       0x28 DataLog/User/usbd_conf.o
                0x08006c78                USBD_LL_SetUSBAddress
 .text.USBD_LL_Transmit
                0x08006ca0       0x30 DataLog/User/usbd_conf.o
                0x08006ca0                USBD_LL_Transmit
 .text.USBD_LL_PrepareReceive
                0x08006cd0       0x30 DataLog/User/usbd_conf.o
                0x08006cd0                USBD_LL_PrepareReceive
 .text.USBD_LL_GetRxDataSize
                0x08006d00       0x28 DataLog/User/usbd_conf.o
                0x08006d00                USBD_LL_GetRxDataSize
 .text.USBD_VCP_DeviceDescriptor
                0x08006d28       0x24 DataLog/User/usbd_desc.o
                0x08006d28                USBD_VCP_DeviceDescriptor
 .text.USBD_VCP_LangIDStrDescriptor
                0x08006d4c       0x24 DataLog/User/usbd_desc.o
                0x08006d4c                USBD_VCP_LangIDStrDescriptor
 .text.USBD_VCP_ProductStrDescriptor
                0x08006d70       0x28 DataLog/User/usbd_desc.o
                0x08006d70                USBD_VCP_ProductStrDescriptor
 .text.USBD_VCP_ManufacturerStrDescriptor
                0x08006d98       0x28 DataLog/User/usbd_desc.o
                0x08006d98                USBD_VCP_ManufacturerStrDescriptor
 .text.USBD_VCP_SerialStrDescriptor
                0x08006dc0       0x24 DataLog/User/usbd_desc.o
                0x08006dc0                USBD_VCP_SerialStrDescriptor
 .text.USBD_VCP_ConfigStrDescriptor
                0x08006de4       0x28 DataLog/User/usbd_desc.o
                0x08006de4                USBD_VCP_ConfigStrDescriptor
 .text.USBD_VCP_InterfaceStrDescriptor
                0x08006e0c       0x28 DataLog/User/usbd_desc.o
                0x08006e0c                USBD_VCP_InterfaceStrDescriptor
 .text.Get_SerialNum
                0x08006e34       0x58 DataLog/User/usbd_desc.o
 .text.IntToUnicode
                0x08006e8c       0x7c DataLog/User/usbd_desc.o
 .text.HTS221_ReadReg
                0x08006f08       0x34 Drivers/BSP/Components/HTS221_Driver.o
                0x08006f08                HTS221_ReadReg
 .text.HTS221_WriteReg
                0x08006f3c       0x34 Drivers/BSP/Components/HTS221_Driver.o
                0x08006f3c                HTS221_WriteReg
 .text.HTS221_Get_DeviceID
                0x08006f70       0x2c Drivers/BSP/Components/HTS221_Driver.o
                0x08006f70                HTS221_Get_DeviceID
 .text.HTS221_Get_Humidity
                0x08006f9c      0x154 Drivers/BSP/Components/HTS221_Driver.o
                0x08006f9c                HTS221_Get_Humidity
 .text.HTS221_Get_Temperature
                0x080070f0      0x14c Drivers/BSP/Components/HTS221_Driver.o
                0x080070f0                HTS221_Get_Temperature
 .text.HTS221_Get_DataStatus
                0x0800723c       0x48 Drivers/BSP/Components/HTS221_Driver.o
                0x0800723c                HTS221_Get_DataStatus
 .text.HTS221_Activate
                0x08007284       0x4c Drivers/BSP/Components/HTS221_Driver.o
                0x08007284                HTS221_Activate
 .text.HTS221_DeActivate
                0x080072d0       0x4c Drivers/BSP/Components/HTS221_Driver.o
                0x080072d0                HTS221_DeActivate
 .text.HTS221_Set_BduMode
                0x0800731c       0x7c Drivers/BSP/Components/HTS221_Driver.o
                0x0800731c                HTS221_Set_BduMode
 .text.HTS221_Set_Odr
                0x08007398       0x80 Drivers/BSP/Components/HTS221_Driver.o
                0x08007398                HTS221_Set_Odr
 .text.HTS221_Get_Odr
                0x08007418       0x3c Drivers/BSP/Components/HTS221_Driver.o
                0x08007418                HTS221_Get_Odr
 .text.HTS221_assert_failed
                0x08007454       0x1c Drivers/BSP/Components/HTS221_Driver.o
                0x08007454                HTS221_assert_failed
 .text.HTS221_H_Init
                0x08007470       0x44 Drivers/BSP/Components/HTS221_Driver_HL.o
 .text.HTS221_H_DeInit
                0x080074b4       0x44 Drivers/BSP/Components/HTS221_Driver_HL.o
 .text.HTS221_H_Sensor_Enable
                0x080074f8       0x50 Drivers/BSP/Components/HTS221_Driver_HL.o
 .text.HTS221_H_Sensor_Disable
                0x08007548       0x50 Drivers/BSP/Components/HTS221_Driver_HL.o
 .text.HTS221_H_Get_WhoAmI
                0x08007598       0x1c Drivers/BSP/Components/HTS221_Driver_HL.o
 .text.HTS221_H_Check_WhoAmI
                0x080075b4       0x18 Drivers/BSP/Components/HTS221_Driver_HL.o
 .text.HTS221_H_Get_Hum
                0x080075cc       0x1c Drivers/BSP/Components/HTS221_Driver_HL.o
 .text.HTS221_H_Get_ODR
                0x080075e8       0x1c Drivers/BSP/Components/HTS221_Driver_HL.o
 .text.HTS221_H_Set_ODR
                0x08007604       0x20 Drivers/BSP/Components/HTS221_Driver_HL.o
 .text.HTS221_H_Set_ODR_Value
                0x08007624       0x20 Drivers/BSP/Components/HTS221_Driver_HL.o
 .text.HTS221_H_Read_Reg
                0x08007644       0x30 Drivers/BSP/Components/HTS221_Driver_HL.o
 .text.HTS221_H_Write_Reg
                0x08007674       0x30 Drivers/BSP/Components/HTS221_Driver_HL.o
 .text.HTS221_H_Get_DRDY_Status
                0x080076a4       0x4c Drivers/BSP/Components/HTS221_Driver_HL.o
 .text.HTS221_T_Init
                0x080076f0       0x44 Drivers/BSP/Components/HTS221_Driver_HL.o
 .text.HTS221_T_DeInit
                0x08007734       0x44 Drivers/BSP/Components/HTS221_Driver_HL.o
 .text.HTS221_T_Sensor_Enable
                0x08007778       0x50 Drivers/BSP/Components/HTS221_Driver_HL.o
 .text.HTS221_T_Sensor_Disable
                0x080077c8       0x50 Drivers/BSP/Components/HTS221_Driver_HL.o
 .text.HTS221_T_Get_WhoAmI
                0x08007818       0x1c Drivers/BSP/Components/HTS221_Driver_HL.o
 .text.HTS221_T_Check_WhoAmI
                0x08007834       0x18 Drivers/BSP/Components/HTS221_Driver_HL.o
 .text.HTS221_T_Get_Temp
                0x0800784c       0x1c Drivers/BSP/Components/HTS221_Driver_HL.o
 .text.HTS221_T_Get_ODR
                0x08007868       0x1c Drivers/BSP/Components/HTS221_Driver_HL.o
 .text.HTS221_T_Set_ODR
                0x08007884       0x20 Drivers/BSP/Components/HTS221_Driver_HL.o
 .text.HTS221_T_Set_ODR_Value
                0x080078a4       0x20 Drivers/BSP/Components/HTS221_Driver_HL.o
 .text.HTS221_T_Read_Reg
                0x080078c4       0x30 Drivers/BSP/Components/HTS221_Driver_HL.o
 .text.HTS221_T_Write_Reg
                0x080078f4       0x30 Drivers/BSP/Components/HTS221_Driver_HL.o
 .text.HTS221_T_Get_DRDY_Status
                0x08007924       0x4c Drivers/BSP/Components/HTS221_Driver_HL.o
 .text.HTS221_Init
                0x08007970       0x58 Drivers/BSP/Components/HTS221_Driver_HL.o
 .text.HTS221_Sensor_Enable
                0x080079c8       0x24 Drivers/BSP/Components/HTS221_Driver_HL.o
 .text.HTS221_Sensor_Disable
                0x080079ec       0x24 Drivers/BSP/Components/HTS221_Driver_HL.o
 .text.HTS221_Get_WhoAmI
                0x08007a10       0x28 Drivers/BSP/Components/HTS221_Driver_HL.o
 .text.HTS221_Check_WhoAmI
                0x08007a38       0x3c Drivers/BSP/Components/HTS221_Driver_HL.o
 .text.HTS221_Get_Hum
                0x08007a74       0x48 Drivers/BSP/Components/HTS221_Driver_HL.o
 .text.HTS221_Get_Temp
                0x08007abc       0x48 Drivers/BSP/Components/HTS221_Driver_HL.o
 .text.HTS221_Get_ODR
                0x08007b04       0x80 Drivers/BSP/Components/HTS221_Driver_HL.o
 .text.HTS221_Set_ODR
                0x08007b84       0x6c Drivers/BSP/Components/HTS221_Driver_HL.o
 .text.HTS221_Set_ODR_Value
                0x08007bf0       0x5c Drivers/BSP/Components/HTS221_Driver_HL.o
 .text.HTS221_Read_Reg
                0x08007c4c       0x30 Drivers/BSP/Components/HTS221_Driver_HL.o
 .text.HTS221_Write_Reg
                0x08007c7c       0x30 Drivers/BSP/Components/HTS221_Driver_HL.o
 .text.LPS22HB_ReadReg
                0x08007cac       0x34 Drivers/BSP/Components/LPS22HB_Driver.o
                0x08007cac                LPS22HB_ReadReg
 .text.LPS22HB_WriteReg
                0x08007ce0       0x34 Drivers/BSP/Components/LPS22HB_Driver.o
                0x08007ce0                LPS22HB_WriteReg
 .text.LPS22HB_Get_DeviceID
                0x08007d14       0x2c Drivers/BSP/Components/LPS22HB_Driver.o
                0x08007d14                LPS22HB_Get_DeviceID
 .text.LPS22HB_Set_PowerMode
                0x08007d40       0x5c Drivers/BSP/Components/LPS22HB_Driver.o
                0x08007d40                LPS22HB_Set_PowerMode
 .text.LPS22HB_Set_Odr
                0x08007d9c       0x5c Drivers/BSP/Components/LPS22HB_Driver.o
                0x08007d9c                LPS22HB_Set_Odr
 .text.LPS22HB_Get_Odr
                0x08007df8       0x38 Drivers/BSP/Components/LPS22HB_Driver.o
                0x08007df8                LPS22HB_Get_Odr
 .text.LPS22HB_Set_LowPassFilter
                0x08007e30       0x64 Drivers/BSP/Components/LPS22HB_Driver.o
                0x08007e30                LPS22HB_Set_LowPassFilter
 .text.LPS22HB_Set_LowPassFilterCutoff
                0x08007e94       0x5c Drivers/BSP/Components/LPS22HB_Driver.o
                0x08007e94                LPS22HB_Set_LowPassFilterCutoff
 .text.LPS22HB_Set_Bdu
                0x08007ef0       0x5c Drivers/BSP/Components/LPS22HB_Driver.o
                0x08007ef0                LPS22HB_Set_Bdu
 .text.LPS22HB_SwResetAndMemoryBoot
                0x08007f4c       0x4c Drivers/BSP/Components/LPS22HB_Driver.o
                0x08007f4c                LPS22HB_SwResetAndMemoryBoot
 .text.LPS22HB_Set_FifoModeUse
                0x08007f98       0x64 Drivers/BSP/Components/LPS22HB_Driver.o
                0x08007f98                LPS22HB_Set_FifoModeUse
 .text.LPS22HB_Set_FifoWatermarkLevelUse
                0x08007ffc       0x64 Drivers/BSP/Components/LPS22HB_Driver.o
                0x08007ffc                LPS22HB_Set_FifoWatermarkLevelUse
 .text.LPS22HB_Set_AutomaticIncrementRegAddress
                0x08008060       0x64 Drivers/BSP/Components/LPS22HB_Driver.o
                0x08008060                LPS22HB_Set_AutomaticIncrementRegAddress
 .text.LPS22HB_Set_I2C
                0x080080c4       0x68 Drivers/BSP/Components/LPS22HB_Driver.o
                0x080080c4                LPS22HB_Set_I2C
 .text.LPS22HB_Set_FIFO_OVR_Interrupt
                0x0800812c       0x64 Drivers/BSP/Components/LPS22HB_Driver.o
                0x0800812c                LPS22HB_Set_FIFO_OVR_Interrupt
 .text.LPS22HB_Set_FIFO_FTH_Interrupt
                0x08008190       0x64 Drivers/BSP/Components/LPS22HB_Driver.o
                0x08008190                LPS22HB_Set_FIFO_FTH_Interrupt
 .text.LPS22HB_Set_FIFO_FULL_Interrupt
                0x080081f4       0x64 Drivers/BSP/Components/LPS22HB_Driver.o
                0x080081f4                LPS22HB_Set_FIFO_FULL_Interrupt
 .text.LPS22HB_Get_DataStatus
                0x08008258       0x64 Drivers/BSP/Components/LPS22HB_Driver.o
                0x08008258                LPS22HB_Get_DataStatus
 .text.LPS22HB_Get_RawPressure
                0x080082bc       0x78 Drivers/BSP/Components/LPS22HB_Driver.o
                0x080082bc                LPS22HB_Get_RawPressure
 .text.LPS22HB_Get_Pressure
                0x08008334       0x44 Drivers/BSP/Components/LPS22HB_Driver.o
                0x08008334                LPS22HB_Get_Pressure
 .text.LPS22HB_Get_RawTemperature
                0x08008378       0x44 Drivers/BSP/Components/LPS22HB_Driver.o
                0x08008378                LPS22HB_Get_RawTemperature
 .text.LPS22HB_Get_Temperature
                0x080083bc       0x50 Drivers/BSP/Components/LPS22HB_Driver.o
                0x080083bc                LPS22HB_Get_Temperature
 .text.LPS22HB_Set_FifoMode
                0x0800840c       0x5c Drivers/BSP/Components/LPS22HB_Driver.o
                0x0800840c                LPS22HB_Set_FifoMode
 .text.LPS22HB_Get_FifoMode
                0x08008468       0x3c Drivers/BSP/Components/LPS22HB_Driver.o
                0x08008468                LPS22HB_Get_FifoMode
 .text.LPS22HB_Set_FifoWatermarkLevel
                0x080084a4       0x5c Drivers/BSP/Components/LPS22HB_Driver.o
                0x080084a4                LPS22HB_Set_FifoWatermarkLevel
 .text.LPS22HB_Get_FifoWatermarkLevel
                0x08008500       0x38 Drivers/BSP/Components/LPS22HB_Driver.o
                0x08008500                LPS22HB_Get_FifoWatermarkLevel
 .text.LPS22HB_Get_FifoStatus
                0x08008538       0x80 Drivers/BSP/Components/LPS22HB_Driver.o
                0x08008538                LPS22HB_Get_FifoStatus
 .text.LPS22HB_P_Init
                0x080085b8       0x44 Drivers/BSP/Components/LPS22HB_Driver_HL.o
 .text.LPS22HB_P_DeInit
                0x080085fc       0x40 Drivers/BSP/Components/LPS22HB_Driver_HL.o
 .text.LPS22HB_P_Sensor_Enable
                0x0800863c       0x50 Drivers/BSP/Components/LPS22HB_Driver_HL.o
 .text.LPS22HB_P_Sensor_Disable
                0x0800868c       0x50 Drivers/BSP/Components/LPS22HB_Driver_HL.o
 .text.LPS22HB_P_Get_WhoAmI
                0x080086dc       0x1c Drivers/BSP/Components/LPS22HB_Driver_HL.o
 .text.LPS22HB_P_Check_WhoAmI
                0x080086f8       0x18 Drivers/BSP/Components/LPS22HB_Driver_HL.o
 .text.LPS22HB_P_Get_Press
                0x08008710       0x1c Drivers/BSP/Components/LPS22HB_Driver_HL.o
 .text.LPS22HB_P_Get_ODR
                0x0800872c       0x1c Drivers/BSP/Components/LPS22HB_Driver_HL.o
 .text.LPS22HB_P_Set_ODR
                0x08008748       0x54 Drivers/BSP/Components/LPS22HB_Driver_HL.o
 .text.LPS22HB_P_Set_ODR_Value
                0x0800879c       0x54 Drivers/BSP/Components/LPS22HB_Driver_HL.o
 .text.LPS22HB_P_Read_Reg
                0x080087f0       0x30 Drivers/BSP/Components/LPS22HB_Driver_HL.o
 .text.LPS22HB_P_Write_Reg
                0x08008820       0x30 Drivers/BSP/Components/LPS22HB_Driver_HL.o
 .text.LPS22HB_P_Get_DRDY_Status
                0x08008850       0x30 Drivers/BSP/Components/LPS22HB_Driver_HL.o
 .text.LPS22HB_T_Init
                0x08008880       0x44 Drivers/BSP/Components/LPS22HB_Driver_HL.o
 .text.LPS22HB_T_DeInit
                0x080088c4       0x40 Drivers/BSP/Components/LPS22HB_Driver_HL.o
 .text.LPS22HB_T_Sensor_Enable
                0x08008904       0x50 Drivers/BSP/Components/LPS22HB_Driver_HL.o
 .text.LPS22HB_T_Sensor_Disable
                0x08008954       0x50 Drivers/BSP/Components/LPS22HB_Driver_HL.o
 .text.LPS22HB_T_Get_WhoAmI
                0x080089a4       0x1c Drivers/BSP/Components/LPS22HB_Driver_HL.o
 .text.LPS22HB_T_Check_WhoAmI
                0x080089c0       0x18 Drivers/BSP/Components/LPS22HB_Driver_HL.o
 .text.LPS22HB_T_Get_Temp
                0x080089d8       0x1c Drivers/BSP/Components/LPS22HB_Driver_HL.o
 .text.LPS22HB_T_Get_ODR
                0x080089f4       0x1c Drivers/BSP/Components/LPS22HB_Driver_HL.o
 .text.LPS22HB_T_Set_ODR
                0x08008a10       0x54 Drivers/BSP/Components/LPS22HB_Driver_HL.o
 .text.LPS22HB_T_Set_ODR_Value
                0x08008a64       0x54 Drivers/BSP/Components/LPS22HB_Driver_HL.o
 .text.LPS22HB_T_Read_Reg
                0x08008ab8       0x30 Drivers/BSP/Components/LPS22HB_Driver_HL.o
 .text.LPS22HB_T_Write_Reg
                0x08008ae8       0x30 Drivers/BSP/Components/LPS22HB_Driver_HL.o
 .text.LPS22HB_T_Get_DRDY_Status
                0x08008b18       0x30 Drivers/BSP/Components/LPS22HB_Driver_HL.o
 .text.LPS22HB_Initialize
                0x08008b48       0xbc Drivers/BSP/Components/LPS22HB_Driver_HL.o
 .text.LPS22HB_Get_WhoAmI
                0x08008c04       0x28 Drivers/BSP/Components/LPS22HB_Driver_HL.o
 .text.LPS22HB_Check_WhoAmI
                0x08008c2c       0x3c Drivers/BSP/Components/LPS22HB_Driver_HL.o
 .text.LPS22HB_Get_Press
                0x08008c68       0x4c Drivers/BSP/Components/LPS22HB_Driver_HL.o
 .text.LPS22HB_Get_Temp
                0x08008cb4       0x48 Drivers/BSP/Components/LPS22HB_Driver_HL.o
 .text.LPS22HB_Get_ODR
                0x08008cfc       0xa0 Drivers/BSP/Components/LPS22HB_Driver_HL.o
 .text.LPS22HB_Set_ODR_When_Enabled
                0x08008d9c       0x88 Drivers/BSP/Components/LPS22HB_Driver_HL.o
 .text.LPS22HB_Set_ODR_When_Disabled
                0x08008e24       0x7c Drivers/BSP/Components/LPS22HB_Driver_HL.o
 .text.LPS22HB_Set_ODR_Value_When_Enabled
                0x08008ea0       0xa4 Drivers/BSP/Components/LPS22HB_Driver_HL.o
 .text.LPS22HB_Set_ODR_Value_When_Disabled
                0x08008f44       0x90 Drivers/BSP/Components/LPS22HB_Driver_HL.o
 .text.LPS22HB_Read_Reg
                0x08008fd4       0x30 Drivers/BSP/Components/LPS22HB_Driver_HL.o
 .text.LPS22HB_Write_Reg
                0x08009004       0x30 Drivers/BSP/Components/LPS22HB_Driver_HL.o
 .text.LPS22HB_FIFO_Get_Empty_Status
                0x08009034       0x30 Drivers/BSP/Components/LPS22HB_Driver_HL.o
 .text.LPS22HB_FIFO_Get_Full_Status
                0x08009064       0x30 Drivers/BSP/Components/LPS22HB_Driver_HL.o
 .text.LPS22HB_FIFO_Get_Ovr_Status
                0x08009094       0x30 Drivers/BSP/Components/LPS22HB_Driver_HL.o
 .text.LPS22HB_FIFO_Get_Fth_Status
                0x080090c4       0x30 Drivers/BSP/Components/LPS22HB_Driver_HL.o
 .text.LPS22HB_FIFO_Stop_On_Fth
                0x080090f4       0x38 Drivers/BSP/Components/LPS22HB_Driver_HL.o
 .text.LPS22HB_FIFO_Usage
                0x0800912c       0x38 Drivers/BSP/Components/LPS22HB_Driver_HL.o
 .text.LPS22HB_FIFO_Get_Num_Of_Samples
                0x08009164       0x30 Drivers/BSP/Components/LPS22HB_Driver_HL.o
 .text.LPS22HB_FIFO_Get_Data
                0x08009194       0x3c Drivers/BSP/Components/LPS22HB_Driver_HL.o
 .text.LPS22HB_FIFO_Get_Mode
                0x080091d0       0x30 Drivers/BSP/Components/LPS22HB_Driver_HL.o
 .text.LPS22HB_FIFO_Set_Mode
                0x08009200       0x50 Drivers/BSP/Components/LPS22HB_Driver_HL.o
 .text.LPS22HB_FIFO_Get_Watermark_Level
                0x08009250       0x28 Drivers/BSP/Components/LPS22HB_Driver_HL.o
 .text.LPS22HB_FIFO_Set_Watermark_Level
                0x08009278       0x2c Drivers/BSP/Components/LPS22HB_Driver_HL.o
 .text.LPS22HB_FIFO_Watermark_Usage
                0x080092a4       0x38 Drivers/BSP/Components/LPS22HB_Driver_HL.o
 .text.LPS22HB_FIFO_Set_Interrupt
                0x080092dc       0x68 Drivers/BSP/Components/LPS22HB_Driver_HL.o
 .text.LPS22HB_FIFO_Reset_Interrupt
                0x08009344       0x68 Drivers/BSP/Components/LPS22HB_Driver_HL.o
 .text.LSM303AGR_ACC_WriteReg
                0x080093ac       0x34 Drivers/BSP/Components/LSM303AGR_ACC_driver.o
                0x080093ac                LSM303AGR_ACC_WriteReg
 .text.LSM303AGR_ACC_ReadReg
                0x080093e0       0x34 Drivers/BSP/Components/LSM303AGR_ACC_driver.o
                0x080093e0                LSM303AGR_ACC_ReadReg
 .text.LSM303AGR_ACC_R_WHO_AM_I
                0x08009414       0x3c Drivers/BSP/Components/LSM303AGR_ACC_driver.o
                0x08009414                LSM303AGR_ACC_R_WHO_AM_I
 .text.LSM303AGR_ACC_W_BlockDataUpdate
                0x08009450       0x5c Drivers/BSP/Components/LSM303AGR_ACC_driver.o
                0x08009450                LSM303AGR_ACC_W_BlockDataUpdate
 .text.LSM303AGR_ACC_W_FullScale
                0x080094ac       0x5c Drivers/BSP/Components/LSM303AGR_ACC_driver.o
                0x080094ac                LSM303AGR_ACC_W_FullScale
 .text.LSM303AGR_ACC_R_FullScale
                0x08009508       0x38 Drivers/BSP/Components/LSM303AGR_ACC_driver.o
                0x08009508                LSM303AGR_ACC_R_FullScale
 .text.LSM303AGR_ACC_Get_Raw_Acceleration
                0x08009540       0x2c Drivers/BSP/Components/LSM303AGR_ACC_driver.o
                0x08009540                LSM303AGR_ACC_Get_Raw_Acceleration
 .text.LSM303AGR_ACC_Get_Acceleration
                0x0800956c      0x1cc Drivers/BSP/Components/LSM303AGR_ACC_driver.o
                0x0800956c                LSM303AGR_ACC_Get_Acceleration
 .text.LSM303AGR_ACC_W_ODR
                0x08009738       0x5c Drivers/BSP/Components/LSM303AGR_ACC_driver.o
                0x08009738                LSM303AGR_ACC_W_ODR
 .text.LSM303AGR_ACC_R_ODR
                0x08009794       0x38 Drivers/BSP/Components/LSM303AGR_ACC_driver.o
                0x08009794                LSM303AGR_ACC_R_ODR
 .text.LSM303AGR_ACC_W_XEN
                0x080097cc       0x5c Drivers/BSP/Components/LSM303AGR_ACC_driver.o
                0x080097cc                LSM303AGR_ACC_W_XEN
 .text.LSM303AGR_ACC_R_XEN
                0x08009828       0x38 Drivers/BSP/Components/LSM303AGR_ACC_driver.o
                0x08009828                LSM303AGR_ACC_R_XEN
 .text.LSM303AGR_ACC_W_YEN
                0x08009860       0x5c Drivers/BSP/Components/LSM303AGR_ACC_driver.o
                0x08009860                LSM303AGR_ACC_W_YEN
 .text.LSM303AGR_ACC_R_YEN
                0x080098bc       0x38 Drivers/BSP/Components/LSM303AGR_ACC_driver.o
                0x080098bc                LSM303AGR_ACC_R_YEN
 .text.LSM303AGR_ACC_W_ZEN
                0x080098f4       0x5c Drivers/BSP/Components/LSM303AGR_ACC_driver.o
                0x080098f4                LSM303AGR_ACC_W_ZEN
 .text.LSM303AGR_ACC_R_ZEN
                0x08009950       0x38 Drivers/BSP/Components/LSM303AGR_ACC_driver.o
                0x08009950                LSM303AGR_ACC_R_ZEN
 .text.LSM303AGR_ACC_R_LOWPWR_EN
                0x08009988       0x38 Drivers/BSP/Components/LSM303AGR_ACC_driver.o
                0x08009988                LSM303AGR_ACC_R_LOWPWR_EN
 .text.LSM303AGR_ACC_R_HiRes
                0x080099c0       0x38 Drivers/BSP/Components/LSM303AGR_ACC_driver.o
                0x080099c0                LSM303AGR_ACC_R_HiRes
 .text.LSM303AGR_ACC_R_XDataAvail
                0x080099f8       0x38 Drivers/BSP/Components/LSM303AGR_ACC_driver.o
                0x080099f8                LSM303AGR_ACC_R_XDataAvail
 .text.LSM303AGR_ACC_W_FifoMode
                0x08009a30       0x5c Drivers/BSP/Components/LSM303AGR_ACC_driver.o
                0x08009a30                LSM303AGR_ACC_W_FifoMode
 .text.LSM303AGR_X_Init
                0x08009a8c       0xbc Drivers/BSP/Components/LSM303AGR_ACC_driver_HL.o
 .text.LSM303AGR_X_DeInit
                0x08009b48       0x58 Drivers/BSP/Components/LSM303AGR_ACC_driver_HL.o
 .text.LSM303AGR_X_Sensor_Enable
                0x08009ba0       0x4c Drivers/BSP/Components/LSM303AGR_ACC_driver_HL.o
 .text.LSM303AGR_X_Sensor_Disable
                0x08009bec       0x58 Drivers/BSP/Components/LSM303AGR_ACC_driver_HL.o
 .text.LSM303AGR_X_Get_WhoAmI
                0x08009c44       0x28 Drivers/BSP/Components/LSM303AGR_ACC_driver_HL.o
 .text.LSM303AGR_X_Check_WhoAmI
                0x08009c6c       0x3c Drivers/BSP/Components/LSM303AGR_ACC_driver_HL.o
 .text.LSM303AGR_X_Get_Axes
                0x08009ca8       0x3c Drivers/BSP/Components/LSM303AGR_ACC_driver_HL.o
 .text.LSM303AGR_X_Get_AxesRaw
                0x08009ce4       0x44 Drivers/BSP/Components/LSM303AGR_ACC_driver_HL.o
 .text.LSM303AGR_X_Get_Sensitivity
                0x08009d28       0x88 Drivers/BSP/Components/LSM303AGR_ACC_driver_HL.o
 .text.LSM303AGR_X_Get_ODR
                0x08009db0       0xc4 Drivers/BSP/Components/LSM303AGR_ACC_driver_HL.o
 .text.LSM303AGR_X_Set_ODR
                0x08009e74       0x48 Drivers/BSP/Components/LSM303AGR_ACC_driver_HL.o
 .text.LSM303AGR_X_Set_ODR_Value
                0x08009ebc       0x48 Drivers/BSP/Components/LSM303AGR_ACC_driver_HL.o
 .text.LSM303AGR_X_Get_FS
                0x08009f04       0x7c Drivers/BSP/Components/LSM303AGR_ACC_driver_HL.o
 .text.LSM303AGR_X_Set_FS
                0x08009f80       0x50 Drivers/BSP/Components/LSM303AGR_ACC_driver_HL.o
 .text.LSM303AGR_X_Set_FS_Value
                0x08009fd0       0x70 Drivers/BSP/Components/LSM303AGR_ACC_driver_HL.o
 .text.LSM303AGR_X_Get_Axes_Status
                0x0800a040       0x8c Drivers/BSP/Components/LSM303AGR_ACC_driver_HL.o
 .text.LSM303AGR_X_Set_Axes_Status
                0x0800a0cc       0x78 Drivers/BSP/Components/LSM303AGR_ACC_driver_HL.o
 .text.LSM303AGR_X_Read_Reg
                0x0800a144       0x30 Drivers/BSP/Components/LSM303AGR_ACC_driver_HL.o
 .text.LSM303AGR_X_Write_Reg
                0x0800a174       0x30 Drivers/BSP/Components/LSM303AGR_ACC_driver_HL.o
 .text.LSM303AGR_X_Get_DRDY_Status
                0x0800a1a4       0x48 Drivers/BSP/Components/LSM303AGR_ACC_driver_HL.o
 .text.LSM303AGR_X_Get_Axes_Raw
                0x0800a1ec       0xd0 Drivers/BSP/Components/LSM303AGR_ACC_driver_HL.o
 .text.LSM303AGR_X_Set_ODR_When_Enabled
                0x0800a2bc       0x6c Drivers/BSP/Components/LSM303AGR_ACC_driver_HL.o
 .text.LSM303AGR_X_Set_ODR_When_Disabled
                0x0800a328       0x84 Drivers/BSP/Components/LSM303AGR_ACC_driver_HL.o
 .text.LSM303AGR_X_Set_ODR_Value_When_Enabled
                0x0800a3ac       0xc0 Drivers/BSP/Components/LSM303AGR_ACC_driver_HL.o
 .text.LSM303AGR_X_Set_ODR_Value_When_Disabled
                0x0800a46c       0xd8 Drivers/BSP/Components/LSM303AGR_ACC_driver_HL.o
 .text.LSM303AGR_X_Get_Sensitivity_Normal_Mode
                0x0800a544       0x84 Drivers/BSP/Components/LSM303AGR_ACC_driver_HL.o
 .text.LSM303AGR_X_Get_Sensitivity_LP_Mode
                0x0800a5c8       0x84 Drivers/BSP/Components/LSM303AGR_ACC_driver_HL.o
 .text.LSM303AGR_X_Get_Sensitivity_HR_Mode
                0x0800a64c       0x84 Drivers/BSP/Components/LSM303AGR_ACC_driver_HL.o
 .text.LSM303AGR_MAG_WriteReg
                0x0800a6d0       0x34 Drivers/BSP/Components/LSM303AGR_MAG_driver.o
                0x0800a6d0                LSM303AGR_MAG_WriteReg
 .text.LSM303AGR_MAG_ReadReg
                0x0800a704       0x34 Drivers/BSP/Components/LSM303AGR_MAG_driver.o
                0x0800a704                LSM303AGR_MAG_ReadReg
 .text.LSM303AGR_MAG_R_WHO_AM_I
                0x0800a738       0x3c Drivers/BSP/Components/LSM303AGR_MAG_driver.o
                0x0800a738                LSM303AGR_MAG_R_WHO_AM_I
 .text.LSM303AGR_MAG_W_BDU
                0x0800a774       0x5c Drivers/BSP/Components/LSM303AGR_MAG_driver.o
                0x0800a774                LSM303AGR_MAG_W_BDU
 .text.LSM303AGR_MAG_W_MD
                0x0800a7d0       0x5c Drivers/BSP/Components/LSM303AGR_MAG_driver.o
                0x0800a7d0                LSM303AGR_MAG_W_MD
 .text.LSM303AGR_MAG_Get_Raw_Magnetic
                0x0800a82c       0x2c Drivers/BSP/Components/LSM303AGR_MAG_driver.o
                0x0800a82c                LSM303AGR_MAG_Get_Raw_Magnetic
 .text.LSM303AGR_MAG_W_ODR
                0x0800a858       0x5c Drivers/BSP/Components/LSM303AGR_MAG_driver.o
                0x0800a858                LSM303AGR_MAG_W_ODR
 .text.LSM303AGR_MAG_R_ODR
                0x0800a8b4       0x38 Drivers/BSP/Components/LSM303AGR_MAG_driver.o
                0x0800a8b4                LSM303AGR_MAG_R_ODR
 .text.LSM303AGR_MAG_W_ST
                0x0800a8ec       0x5c Drivers/BSP/Components/LSM303AGR_MAG_driver.o
                0x0800a8ec                LSM303AGR_MAG_W_ST
 .text.LSM303AGR_MAG_W_I2C_DIS
                0x0800a948       0x5c Drivers/BSP/Components/LSM303AGR_MAG_driver.o
                0x0800a948                LSM303AGR_MAG_W_I2C_DIS
 .text.LSM303AGR_MAG_R_ZYXDA
                0x0800a9a4       0x38 Drivers/BSP/Components/LSM303AGR_MAG_driver.o
                0x0800a9a4                LSM303AGR_MAG_R_ZYXDA
 .text.LSM303AGR_M_Init
                0x0800a9dc       0x9c Drivers/BSP/Components/LSM303AGR_MAG_driver_HL.o
 .text.LSM303AGR_M_DeInit
                0x0800aa78       0x50 Drivers/BSP/Components/LSM303AGR_MAG_driver_HL.o
 .text.LSM303AGR_M_Sensor_Enable
                0x0800aac8       0x38 Drivers/BSP/Components/LSM303AGR_MAG_driver_HL.o
 .text.LSM303AGR_M_Sensor_Disable
                0x0800ab00       0x38 Drivers/BSP/Components/LSM303AGR_MAG_driver_HL.o
 .text.LSM303AGR_M_Get_WhoAmI
                0x0800ab38       0x28 Drivers/BSP/Components/LSM303AGR_MAG_driver_HL.o
 .text.LSM303AGR_M_Check_WhoAmI
                0x0800ab60       0x3c Drivers/BSP/Components/LSM303AGR_MAG_driver_HL.o
 .text.LSM303AGR_M_Get_Axes
                0x0800ab9c       0xa8 Drivers/BSP/Components/LSM303AGR_MAG_driver_HL.o
 .text.LSM303AGR_M_Get_AxesRaw
                0x0800ac44       0x44 Drivers/BSP/Components/LSM303AGR_MAG_driver_HL.o
 .text.LSM303AGR_M_Get_Sensitivity
                0x0800ac88       0x20 Drivers/BSP/Components/LSM303AGR_MAG_driver_HL.o
 .text.LSM303AGR_M_Get_ODR
                0x0800aca8       0xa8 Drivers/BSP/Components/LSM303AGR_MAG_driver_HL.o
 .text.LSM303AGR_M_Set_ODR
                0x0800ad50       0x6c Drivers/BSP/Components/LSM303AGR_MAG_driver_HL.o
 .text.LSM303AGR_M_Set_ODR_Value
                0x0800adbc       0x74 Drivers/BSP/Components/LSM303AGR_MAG_driver_HL.o
 .text.LSM303AGR_M_Get_FS
                0x0800ae30       0x24 Drivers/BSP/Components/LSM303AGR_MAG_driver_HL.o
 .text.LSM303AGR_M_Set_FS
                0x0800ae54       0x1c Drivers/BSP/Components/LSM303AGR_MAG_driver_HL.o
 .text.LSM303AGR_M_Set_FS_Value
                0x0800ae70       0x1c Drivers/BSP/Components/LSM303AGR_MAG_driver_HL.o
 .text.LSM303AGR_M_Read_Reg
                0x0800ae8c       0x30 Drivers/BSP/Components/LSM303AGR_MAG_driver_HL.o
 .text.LSM303AGR_M_Write_Reg
                0x0800aebc       0x30 Drivers/BSP/Components/LSM303AGR_MAG_driver_HL.o
 .text.LSM303AGR_M_Get_DRDY_Status
                0x0800aeec       0x48 Drivers/BSP/Components/LSM303AGR_MAG_driver_HL.o
 .text.LSM303AGR_M_Get_Axes_Raw
                0x0800af34       0x5c Drivers/BSP/Components/LSM303AGR_MAG_driver_HL.o
 .text.LSM6DSM_ACC_GYRO_ReadReg
                0x0800af90       0x30 Drivers/BSP/Components/LSM6DSM_ACC_GYRO_driver.o
                0x0800af90                LSM6DSM_ACC_GYRO_ReadReg
 .text.LSM6DSM_ACC_GYRO_WriteReg
                0x0800afc0       0x30 Drivers/BSP/Components/LSM6DSM_ACC_GYRO_driver.o
                0x0800afc0                LSM6DSM_ACC_GYRO_WriteReg
 .text.LSM6DSM_ACC_GYRO_W_EmbeddedAccess
                0x0800aff0       0x58 Drivers/BSP/Components/LSM6DSM_ACC_GYRO_driver.o
                0x0800aff0                LSM6DSM_ACC_GYRO_W_EmbeddedAccess
 .text.LSM6DSM_ACC_GYRO_W_FIFO_MODE
                0x0800b048       0x58 Drivers/BSP/Components/LSM6DSM_ACC_GYRO_driver.o
                0x0800b048                LSM6DSM_ACC_GYRO_W_FIFO_MODE
 .text.LSM6DSM_ACC_GYRO_W_STEP_DELTA_on_INT2
                0x0800b0a0       0x58 Drivers/BSP/Components/LSM6DSM_ACC_GYRO_driver.o
                0x0800b0a0                LSM6DSM_ACC_GYRO_W_STEP_DELTA_on_INT2
 .text.LSM6DSM_ACC_GYRO_R_WHO_AM_I
                0x0800b0f8       0x38 Drivers/BSP/Components/LSM6DSM_ACC_GYRO_driver.o
                0x0800b0f8                LSM6DSM_ACC_GYRO_R_WHO_AM_I
 .text.LSM6DSM_ACC_GYRO_W_FS_XL
                0x0800b130       0x58 Drivers/BSP/Components/LSM6DSM_ACC_GYRO_driver.o
                0x0800b130                LSM6DSM_ACC_GYRO_W_FS_XL
 .text.LSM6DSM_ACC_GYRO_R_FS_XL
                0x0800b188       0x38 Drivers/BSP/Components/LSM6DSM_ACC_GYRO_driver.o
                0x0800b188                LSM6DSM_ACC_GYRO_R_FS_XL
 .text.LSM6DSM_ACC_GYRO_W_ODR_XL
                0x0800b1c0       0x58 Drivers/BSP/Components/LSM6DSM_ACC_GYRO_driver.o
                0x0800b1c0                LSM6DSM_ACC_GYRO_W_ODR_XL
 .text.LSM6DSM_ACC_GYRO_R_ODR_XL
                0x0800b218       0x38 Drivers/BSP/Components/LSM6DSM_ACC_GYRO_driver.o
                0x0800b218                LSM6DSM_ACC_GYRO_R_ODR_XL
 .text.LSM6DSM_ACC_GYRO_W_FS_125
                0x0800b250       0x58 Drivers/BSP/Components/LSM6DSM_ACC_GYRO_driver.o
                0x0800b250                LSM6DSM_ACC_GYRO_W_FS_125
 .text.LSM6DSM_ACC_GYRO_R_FS_125
                0x0800b2a8       0x38 Drivers/BSP/Components/LSM6DSM_ACC_GYRO_driver.o
                0x0800b2a8                LSM6DSM_ACC_GYRO_R_FS_125
 .text.LSM6DSM_ACC_GYRO_W_FS_G
                0x0800b2e0       0x58 Drivers/BSP/Components/LSM6DSM_ACC_GYRO_driver.o
                0x0800b2e0                LSM6DSM_ACC_GYRO_W_FS_G
 .text.LSM6DSM_ACC_GYRO_R_FS_G
                0x0800b338       0x38 Drivers/BSP/Components/LSM6DSM_ACC_GYRO_driver.o
                0x0800b338                LSM6DSM_ACC_GYRO_R_FS_G
 .text.LSM6DSM_ACC_GYRO_W_ODR_G
                0x0800b370       0x58 Drivers/BSP/Components/LSM6DSM_ACC_GYRO_driver.o
                0x0800b370                LSM6DSM_ACC_GYRO_W_ODR_G
 .text.LSM6DSM_ACC_GYRO_R_ODR_G
                0x0800b3c8       0x38 Drivers/BSP/Components/LSM6DSM_ACC_GYRO_driver.o
                0x0800b3c8                LSM6DSM_ACC_GYRO_R_ODR_G
 .text.LSM6DSM_ACC_GYRO_W_IF_Addr_Incr
                0x0800b400       0x58 Drivers/BSP/Components/LSM6DSM_ACC_GYRO_driver.o
                0x0800b400                LSM6DSM_ACC_GYRO_W_IF_Addr_Incr
 .text.LSM6DSM_ACC_GYRO_W_BDU
                0x0800b458       0x58 Drivers/BSP/Components/LSM6DSM_ACC_GYRO_driver.o
                0x0800b458                LSM6DSM_ACC_GYRO_W_BDU
 .text.LSM6DSM_ACC_GYRO_W_I2C_DISABLE
                0x0800b4b0       0x58 Drivers/BSP/Components/LSM6DSM_ACC_GYRO_driver.o
                0x0800b4b0                LSM6DSM_ACC_GYRO_W_I2C_DISABLE
 .text.LSM6DSM_ACC_GYRO_W_PedoStepReset
                0x0800b508       0x58 Drivers/BSP/Components/LSM6DSM_ACC_GYRO_driver.o
                0x0800b508                LSM6DSM_ACC_GYRO_W_PedoStepReset
 .text.LSM6DSM_ACC_GYRO_W_TILT
                0x0800b560       0x58 Drivers/BSP/Components/LSM6DSM_ACC_GYRO_driver.o
                0x0800b560                LSM6DSM_ACC_GYRO_W_TILT
 .text.LSM6DSM_ACC_GYRO_W_PEDO
                0x0800b5b8       0x58 Drivers/BSP/Components/LSM6DSM_ACC_GYRO_driver.o
                0x0800b5b8                LSM6DSM_ACC_GYRO_W_PEDO
 .text.LSM6DSM_ACC_GYRO_W_FUNC_EN
                0x0800b610       0x58 Drivers/BSP/Components/LSM6DSM_ACC_GYRO_driver.o
                0x0800b610                LSM6DSM_ACC_GYRO_W_FUNC_EN
 .text.LSM6DSM_ACC_GYRO_R_WU_EV_STATUS
                0x0800b668       0x38 Drivers/BSP/Components/LSM6DSM_ACC_GYRO_driver.o
                0x0800b668                LSM6DSM_ACC_GYRO_R_WU_EV_STATUS
 .text.LSM6DSM_ACC_GYRO_R_FF_EV_STATUS
                0x0800b6a0       0x38 Drivers/BSP/Components/LSM6DSM_ACC_GYRO_driver.o
                0x0800b6a0                LSM6DSM_ACC_GYRO_R_FF_EV_STATUS
 .text.LSM6DSM_ACC_GYRO_R_DOUBLE_TAP_EV_STATUS
                0x0800b6d8       0x38 Drivers/BSP/Components/LSM6DSM_ACC_GYRO_driver.o
                0x0800b6d8                LSM6DSM_ACC_GYRO_R_DOUBLE_TAP_EV_STATUS
 .text.LSM6DSM_ACC_GYRO_R_SINGLE_TAP_EV_STATUS
                0x0800b710       0x38 Drivers/BSP/Components/LSM6DSM_ACC_GYRO_driver.o
                0x0800b710                LSM6DSM_ACC_GYRO_R_SINGLE_TAP_EV_STATUS
 .text.LSM6DSM_ACC_GYRO_R_DSD_XL
                0x0800b748       0x38 Drivers/BSP/Components/LSM6DSM_ACC_GYRO_driver.o
                0x0800b748                LSM6DSM_ACC_GYRO_R_DSD_XL
 .text.LSM6DSM_ACC_GYRO_R_DSD_XH
                0x0800b780       0x38 Drivers/BSP/Components/LSM6DSM_ACC_GYRO_driver.o
                0x0800b780                LSM6DSM_ACC_GYRO_R_DSD_XH
 .text.LSM6DSM_ACC_GYRO_R_DSD_YL
                0x0800b7b8       0x38 Drivers/BSP/Components/LSM6DSM_ACC_GYRO_driver.o
                0x0800b7b8                LSM6DSM_ACC_GYRO_R_DSD_YL
 .text.LSM6DSM_ACC_GYRO_R_DSD_YH
                0x0800b7f0       0x38 Drivers/BSP/Components/LSM6DSM_ACC_GYRO_driver.o
                0x0800b7f0                LSM6DSM_ACC_GYRO_R_DSD_YH
 .text.LSM6DSM_ACC_GYRO_R_DSD_ZL
                0x0800b828       0x38 Drivers/BSP/Components/LSM6DSM_ACC_GYRO_driver.o
                0x0800b828                LSM6DSM_ACC_GYRO_R_DSD_ZL
 .text.LSM6DSM_ACC_GYRO_R_DSD_ZH
                0x0800b860       0x38 Drivers/BSP/Components/LSM6DSM_ACC_GYRO_driver.o
                0x0800b860                LSM6DSM_ACC_GYRO_R_DSD_ZH
 .text.LSM6DSM_ACC_GYRO_R_D6D_EV_STATUS
                0x0800b898       0x38 Drivers/BSP/Components/LSM6DSM_ACC_GYRO_driver.o
                0x0800b898                LSM6DSM_ACC_GYRO_R_D6D_EV_STATUS
 .text.LSM6DSM_ACC_GYRO_R_XLDA
                0x0800b8d0       0x38 Drivers/BSP/Components/LSM6DSM_ACC_GYRO_driver.o
                0x0800b8d0                LSM6DSM_ACC_GYRO_R_XLDA
 .text.LSM6DSM_ACC_GYRO_R_GDA
                0x0800b908       0x38 Drivers/BSP/Components/LSM6DSM_ACC_GYRO_driver.o
                0x0800b908                LSM6DSM_ACC_GYRO_R_GDA
 .text.LSM6DSM_ACC_GYRO_R_PEDO_EV_STATUS
                0x0800b940       0x38 Drivers/BSP/Components/LSM6DSM_ACC_GYRO_driver.o
                0x0800b940                LSM6DSM_ACC_GYRO_R_PEDO_EV_STATUS
 .text.LSM6DSM_ACC_GYRO_R_TILT_EV_STATUS
                0x0800b978       0x38 Drivers/BSP/Components/LSM6DSM_ACC_GYRO_driver.o
                0x0800b978                LSM6DSM_ACC_GYRO_R_TILT_EV_STATUS
 .text.LSM6DSM_ACC_GYRO_W_TAP_Z_EN
                0x0800b9b0       0x58 Drivers/BSP/Components/LSM6DSM_ACC_GYRO_driver.o
                0x0800b9b0                LSM6DSM_ACC_GYRO_W_TAP_Z_EN
 .text.LSM6DSM_ACC_GYRO_W_TAP_Y_EN
                0x0800ba08       0x58 Drivers/BSP/Components/LSM6DSM_ACC_GYRO_driver.o
                0x0800ba08                LSM6DSM_ACC_GYRO_W_TAP_Y_EN
 .text.LSM6DSM_ACC_GYRO_W_TAP_X_EN
                0x0800ba60       0x58 Drivers/BSP/Components/LSM6DSM_ACC_GYRO_driver.o
                0x0800ba60                LSM6DSM_ACC_GYRO_W_TAP_X_EN
 .text.LSM6DSM_ACC_GYRO_W_BASIC_INT
                0x0800bab8       0x58 Drivers/BSP/Components/LSM6DSM_ACC_GYRO_driver.o
                0x0800bab8                LSM6DSM_ACC_GYRO_W_BASIC_INT
 .text.LSM6DSM_ACC_GYRO_W_TAP_THS
                0x0800bb10       0x60 Drivers/BSP/Components/LSM6DSM_ACC_GYRO_driver.o
                0x0800bb10                LSM6DSM_ACC_GYRO_W_TAP_THS
 .text.LSM6DSM_ACC_GYRO_W_SIXD_THS
                0x0800bb70       0x58 Drivers/BSP/Components/LSM6DSM_ACC_GYRO_driver.o
                0x0800bb70                LSM6DSM_ACC_GYRO_W_SIXD_THS
 .text.LSM6DSM_ACC_GYRO_W_SHOCK_Duration
                0x0800bbc8       0x60 Drivers/BSP/Components/LSM6DSM_ACC_GYRO_driver.o
                0x0800bbc8                LSM6DSM_ACC_GYRO_W_SHOCK_Duration
 .text.LSM6DSM_ACC_GYRO_W_QUIET_Duration
                0x0800bc28       0x68 Drivers/BSP/Components/LSM6DSM_ACC_GYRO_driver.o
                0x0800bc28                LSM6DSM_ACC_GYRO_W_QUIET_Duration
 .text.LSM6DSM_ACC_GYRO_W_DUR
                0x0800bc90       0x68 Drivers/BSP/Components/LSM6DSM_ACC_GYRO_driver.o
                0x0800bc90                LSM6DSM_ACC_GYRO_W_DUR
 .text.LSM6DSM_ACC_GYRO_W_WK_THS
                0x0800bcf8       0x60 Drivers/BSP/Components/LSM6DSM_ACC_GYRO_driver.o
                0x0800bcf8                LSM6DSM_ACC_GYRO_W_WK_THS
 .text.LSM6DSM_ACC_GYRO_W_SINGLE_DOUBLE_TAP_EV
                0x0800bd58       0x58 Drivers/BSP/Components/LSM6DSM_ACC_GYRO_driver.o
                0x0800bd58                LSM6DSM_ACC_GYRO_W_SINGLE_DOUBLE_TAP_EV
 .text.LSM6DSM_ACC_GYRO_W_SLEEP_DUR
                0x0800bdb0       0x60 Drivers/BSP/Components/LSM6DSM_ACC_GYRO_driver.o
                0x0800bdb0                LSM6DSM_ACC_GYRO_W_SLEEP_DUR
 .text.LSM6DSM_ACC_GYRO_W_TIMER_HR
                0x0800be10       0x58 Drivers/BSP/Components/LSM6DSM_ACC_GYRO_driver.o
                0x0800be10                LSM6DSM_ACC_GYRO_W_TIMER_HR
 .text.LSM6DSM_ACC_GYRO_W_WAKE_DUR
                0x0800be68       0x68 Drivers/BSP/Components/LSM6DSM_ACC_GYRO_driver.o
                0x0800be68                LSM6DSM_ACC_GYRO_W_WAKE_DUR
 .text.LSM6DSM_ACC_GYRO_W_FF_THS
                0x0800bed0       0x58 Drivers/BSP/Components/LSM6DSM_ACC_GYRO_driver.o
                0x0800bed0                LSM6DSM_ACC_GYRO_W_FF_THS
 .text.LSM6DSM_ACC_GYRO_W_FF_Duration
                0x0800bf28       0xcc Drivers/BSP/Components/LSM6DSM_ACC_GYRO_driver.o
                0x0800bf28                LSM6DSM_ACC_GYRO_W_FF_Duration
 .text.LSM6DSM_ACC_GYRO_W_TiltEvOnInt2
                0x0800bff4       0x58 Drivers/BSP/Components/LSM6DSM_ACC_GYRO_driver.o
                0x0800bff4                LSM6DSM_ACC_GYRO_W_TiltEvOnInt2
 .text.LSM6DSM_ACC_GYRO_W_6DEvOnInt2
                0x0800c04c       0x58 Drivers/BSP/Components/LSM6DSM_ACC_GYRO_driver.o
                0x0800c04c                LSM6DSM_ACC_GYRO_W_6DEvOnInt2
 .text.LSM6DSM_ACC_GYRO_W_TapEvOnInt2
                0x0800c0a4       0x58 Drivers/BSP/Components/LSM6DSM_ACC_GYRO_driver.o
                0x0800c0a4                LSM6DSM_ACC_GYRO_W_TapEvOnInt2
 .text.LSM6DSM_ACC_GYRO_W_FFEvOnInt2
                0x0800c0fc       0x58 Drivers/BSP/Components/LSM6DSM_ACC_GYRO_driver.o
                0x0800c0fc                LSM6DSM_ACC_GYRO_W_FFEvOnInt2
 .text.LSM6DSM_ACC_GYRO_W_WUEvOnInt2
                0x0800c154       0x58 Drivers/BSP/Components/LSM6DSM_ACC_GYRO_driver.o
                0x0800c154                LSM6DSM_ACC_GYRO_W_WUEvOnInt2
 .text.LSM6DSM_ACC_GYRO_W_SingleTapOnInt2
                0x0800c1ac       0x58 Drivers/BSP/Components/LSM6DSM_ACC_GYRO_driver.o
                0x0800c1ac                LSM6DSM_ACC_GYRO_W_SingleTapOnInt2
 .text.LSM6DSM_ACC_GYRO_GetRawGyroData
                0x0800c204       0x68 Drivers/BSP/Components/LSM6DSM_ACC_GYRO_driver.o
                0x0800c204                LSM6DSM_ACC_GYRO_GetRawGyroData
 .text.LSM6DSM_ACC_GYRO_GetRawAccData
                0x0800c26c       0x68 Drivers/BSP/Components/LSM6DSM_ACC_GYRO_driver.o
                0x0800c26c                LSM6DSM_ACC_GYRO_GetRawAccData
 .text.LSM6DSM_ACC_GYRO_Get_GetStepCounter
                0x0800c2d4       0x68 Drivers/BSP/Components/LSM6DSM_ACC_GYRO_driver.o
                0x0800c2d4                LSM6DSM_ACC_GYRO_Get_GetStepCounter
 .text.LSM6DSM_ACC_GYRO_W_PedoThreshold
                0x0800c33c       0x88 Drivers/BSP/Components/LSM6DSM_ACC_GYRO_driver.o
                0x0800c33c                LSM6DSM_ACC_GYRO_W_PedoThreshold
 .text.LSM6DSM_X_Init
                0x0800c3c4       0xa4 Drivers/BSP/Components/LSM6DSM_ACC_GYRO_driver_HL.o
 .text.LSM6DSM_X_DeInit
                0x0800c468       0xc8 Drivers/BSP/Components/LSM6DSM_ACC_GYRO_driver_HL.o
 .text.LSM6DSM_X_Sensor_Enable
                0x0800c530       0x4c Drivers/BSP/Components/LSM6DSM_ACC_GYRO_driver_HL.o
 .text.LSM6DSM_X_Sensor_Disable
                0x0800c57c       0x58 Drivers/BSP/Components/LSM6DSM_ACC_GYRO_driver_HL.o
 .text.LSM6DSM_X_Get_WhoAmI
                0x0800c5d4       0x1c Drivers/BSP/Components/LSM6DSM_ACC_GYRO_driver_HL.o
 .text.LSM6DSM_X_Check_WhoAmI
                0x0800c5f0       0x18 Drivers/BSP/Components/LSM6DSM_ACC_GYRO_driver_HL.o
 .text.LSM6DSM_X_Get_Axes
                0x0800c608       0xa8 Drivers/BSP/Components/LSM6DSM_ACC_GYRO_driver_HL.o
 .text.LSM6DSM_X_Get_AxesRaw
                0x0800c6b0       0x44 Drivers/BSP/Components/LSM6DSM_ACC_GYRO_driver_HL.o
 .text.LSM6DSM_X_Get_Sensitivity
                0x0800c6f4       0xa8 Drivers/BSP/Components/LSM6DSM_ACC_GYRO_driver_HL.o
 .text.LSM6DSM_X_Get_ODR
                0x0800c79c       0xfc Drivers/BSP/Components/LSM6DSM_ACC_GYRO_driver_HL.o
 .text.LSM6DSM_X_Set_ODR
                0x0800c898       0x48 Drivers/BSP/Components/LSM6DSM_ACC_GYRO_driver_HL.o
 .text.LSM6DSM_X_Set_ODR_Value
                0x0800c8e0       0x48 Drivers/BSP/Components/LSM6DSM_ACC_GYRO_driver_HL.o
 .text.LSM6DSM_X_Get_FS
                0x0800c928       0xa0 Drivers/BSP/Components/LSM6DSM_ACC_GYRO_driver_HL.o
 .text.LSM6DSM_X_Set_FS
                0x0800c9c8       0x50 Drivers/BSP/Components/LSM6DSM_ACC_GYRO_driver_HL.o
 .text.LSM6DSM_X_Set_FS_Value
                0x0800ca18       0x70 Drivers/BSP/Components/LSM6DSM_ACC_GYRO_driver_HL.o
 .text.LSM6DSM_G_Init
                0x0800ca88       0xa4 Drivers/BSP/Components/LSM6DSM_ACC_GYRO_driver_HL.o
 .text.LSM6DSM_G_DeInit
                0x0800cb2c       0x58 Drivers/BSP/Components/LSM6DSM_ACC_GYRO_driver_HL.o
 .text.LSM6DSM_G_Sensor_Enable
                0x0800cb84       0x4c Drivers/BSP/Components/LSM6DSM_ACC_GYRO_driver_HL.o
 .text.LSM6DSM_G_Sensor_Disable
                0x0800cbd0       0x58 Drivers/BSP/Components/LSM6DSM_ACC_GYRO_driver_HL.o
 .text.LSM6DSM_G_Get_WhoAmI
                0x0800cc28       0x1c Drivers/BSP/Components/LSM6DSM_ACC_GYRO_driver_HL.o
 .text.LSM6DSM_G_Check_WhoAmI
                0x0800cc44       0x18 Drivers/BSP/Components/LSM6DSM_ACC_GYRO_driver_HL.o
 .text.LSM6DSM_G_Get_Axes
                0x0800cc5c       0xa8 Drivers/BSP/Components/LSM6DSM_ACC_GYRO_driver_HL.o
 .text.LSM6DSM_G_Get_AxesRaw
                0x0800cd04       0x44 Drivers/BSP/Components/LSM6DSM_ACC_GYRO_driver_HL.o
 .text.LSM6DSM_G_Get_Sensitivity
                0x0800cd48       0xd0 Drivers/BSP/Components/LSM6DSM_ACC_GYRO_driver_HL.o
 .text.LSM6DSM_G_Get_ODR
                0x0800ce18       0xfc Drivers/BSP/Components/LSM6DSM_ACC_GYRO_driver_HL.o
 .text.LSM6DSM_G_Set_ODR
                0x0800cf14       0x48 Drivers/BSP/Components/LSM6DSM_ACC_GYRO_driver_HL.o
 .text.LSM6DSM_G_Set_ODR_Value
                0x0800cf5c       0x48 Drivers/BSP/Components/LSM6DSM_ACC_GYRO_driver_HL.o
 .text.LSM6DSM_G_Get_FS
                0x0800cfa4       0xd0 Drivers/BSP/Components/LSM6DSM_ACC_GYRO_driver_HL.o
 .text.LSM6DSM_G_Set_FS
                0x0800d074       0x50 Drivers/BSP/Components/LSM6DSM_ACC_GYRO_driver_HL.o
 .text.LSM6DSM_G_Set_FS_Value
                0x0800d0c4       0xb8 Drivers/BSP/Components/LSM6DSM_ACC_GYRO_driver_HL.o
 .text.LSM6DSM_Get_WhoAmI
                0x0800d17c       0x28 Drivers/BSP/Components/LSM6DSM_ACC_GYRO_driver_HL.o
 .text.LSM6DSM_Check_WhoAmI
                0x0800d1a4       0x3c Drivers/BSP/Components/LSM6DSM_ACC_GYRO_driver_HL.o
 .text.LSM6DSM_X_Get_Axes_Raw
                0x0800d1e0       0x7c Drivers/BSP/Components/LSM6DSM_ACC_GYRO_driver_HL.o
 .text.LSM6DSM_X_Set_ODR_When_Enabled
                0x0800d25c       0x6c Drivers/BSP/Components/LSM6DSM_ACC_GYRO_driver_HL.o
 .text.LSM6DSM_X_Set_ODR_When_Disabled
                0x0800d2c8       0x84 Drivers/BSP/Components/LSM6DSM_ACC_GYRO_driver_HL.o
 .text.LSM6DSM_X_Set_ODR_Value_When_Enabled
                0x0800d34c      0x110 Drivers/BSP/Components/LSM6DSM_ACC_GYRO_driver_HL.o
 .text.LSM6DSM_X_Set_ODR_Value_When_Disabled
                0x0800d45c      0x138 Drivers/BSP/Components/LSM6DSM_ACC_GYRO_driver_HL.o
 .text.LSM6DSM_G_Get_Axes_Raw
                0x0800d594       0x7c Drivers/BSP/Components/LSM6DSM_ACC_GYRO_driver_HL.o
 .text.LSM6DSM_G_Set_ODR_When_Enabled
                0x0800d610       0x6c Drivers/BSP/Components/LSM6DSM_ACC_GYRO_driver_HL.o
 .text.LSM6DSM_G_Set_ODR_When_Disabled
                0x0800d67c       0x84 Drivers/BSP/Components/LSM6DSM_ACC_GYRO_driver_HL.o
 .text.LSM6DSM_G_Set_ODR_Value_When_Enabled
                0x0800d700      0x110 Drivers/BSP/Components/LSM6DSM_ACC_GYRO_driver_HL.o
 .text.LSM6DSM_G_Set_ODR_Value_When_Disabled
                0x0800d810      0x138 Drivers/BSP/Components/LSM6DSM_ACC_GYRO_driver_HL.o
 .text.LSM6DSM_X_Enable_Free_Fall_Detection
                0x0800d948       0xbc Drivers/BSP/Components/LSM6DSM_ACC_GYRO_driver_HL.o
 .text.LSM6DSM_X_Disable_Free_Fall_Detection
                0x0800da04       0x5c Drivers/BSP/Components/LSM6DSM_ACC_GYRO_driver_HL.o
 .text.LSM6DSM_X_Get_Free_Fall_Detection_Status
                0x0800da60       0x48 Drivers/BSP/Components/LSM6DSM_ACC_GYRO_driver_HL.o
 .text.LSM6DSM_X_Set_Free_Fall_Threshold
                0x0800daa8       0x2c Drivers/BSP/Components/LSM6DSM_ACC_GYRO_driver_HL.o
 .text.LSM6DSM_X_Enable_Pedometer
                0x0800dad4       0x80 Drivers/BSP/Components/LSM6DSM_ACC_GYRO_driver_HL.o
 .text.LSM6DSM_X_Disable_Pedometer
                0x0800db54       0x5c Drivers/BSP/Components/LSM6DSM_ACC_GYRO_driver_HL.o
 .text.LSM6DSM_X_Get_Pedometer_Status
                0x0800dbb0       0x48 Drivers/BSP/Components/LSM6DSM_ACC_GYRO_driver_HL.o
 .text.LSM6DSM_X_Get_Step_Count
                0x0800dbf8       0x28 Drivers/BSP/Components/LSM6DSM_ACC_GYRO_driver_HL.o
 .text.LSM6DSM_X_Enable_Step_Counter_Reset
                0x0800dc20       0x24 Drivers/BSP/Components/LSM6DSM_ACC_GYRO_driver_HL.o
 .text.LSM6DSM_X_Disable_Step_Counter_Reset
                0x0800dc44       0x24 Drivers/BSP/Components/LSM6DSM_ACC_GYRO_driver_HL.o
 .text.LSM6DSM_X_Set_Pedometer_Threshold
                0x0800dc68       0x2c Drivers/BSP/Components/LSM6DSM_ACC_GYRO_driver_HL.o
 .text.LSM6DSM_X_Enable_Tilt_Detection
                0x0800dc94       0x70 Drivers/BSP/Components/LSM6DSM_ACC_GYRO_driver_HL.o
 .text.LSM6DSM_X_Disable_Tilt_Detection
                0x0800dd04       0x48 Drivers/BSP/Components/LSM6DSM_ACC_GYRO_driver_HL.o
 .text.LSM6DSM_X_Get_Tilt_Detection_Status
                0x0800dd4c       0x48 Drivers/BSP/Components/LSM6DSM_ACC_GYRO_driver_HL.o
 .text.LSM6DSM_X_Enable_Wake_Up_Detection
                0x0800dd94       0x84 Drivers/BSP/Components/LSM6DSM_ACC_GYRO_driver_HL.o
 .text.LSM6DSM_X_Disable_Wake_Up_Detection
                0x0800de18       0x5c Drivers/BSP/Components/LSM6DSM_ACC_GYRO_driver_HL.o
 .text.LSM6DSM_X_Get_Wake_Up_Detection_Status
                0x0800de74       0x48 Drivers/BSP/Components/LSM6DSM_ACC_GYRO_driver_HL.o
 .text.LSM6DSM_X_Set_Wake_Up_Threshold
                0x0800debc       0x2c Drivers/BSP/Components/LSM6DSM_ACC_GYRO_driver_HL.o
 .text.LSM6DSM_X_Enable_Single_Tap_Detection
                0x0800dee8       0xcc Drivers/BSP/Components/LSM6DSM_ACC_GYRO_driver_HL.o
 .text.LSM6DSM_X_Disable_Single_Tap_Detection
                0x0800dfb4       0xa4 Drivers/BSP/Components/LSM6DSM_ACC_GYRO_driver_HL.o
 .text.LSM6DSM_X_Get_Single_Tap_Detection_Status
                0x0800e058       0x48 Drivers/BSP/Components/LSM6DSM_ACC_GYRO_driver_HL.o
 .text.LSM6DSM_X_Enable_Double_Tap_Detection
                0x0800e0a0       0xf0 Drivers/BSP/Components/LSM6DSM_ACC_GYRO_driver_HL.o
 .text.LSM6DSM_X_Disable_Double_Tap_Detection
                0x0800e190       0xc8 Drivers/BSP/Components/LSM6DSM_ACC_GYRO_driver_HL.o
 .text.LSM6DSM_X_Get_Double_Tap_Detection_Status
                0x0800e258       0x48 Drivers/BSP/Components/LSM6DSM_ACC_GYRO_driver_HL.o
 .text.LSM6DSM_X_Set_Tap_Threshold
                0x0800e2a0       0x2c Drivers/BSP/Components/LSM6DSM_ACC_GYRO_driver_HL.o
 .text.LSM6DSM_X_Set_Tap_Shock_Time
                0x0800e2cc       0x2c Drivers/BSP/Components/LSM6DSM_ACC_GYRO_driver_HL.o
 .text.LSM6DSM_X_Set_Tap_Quiet_Time
                0x0800e2f8       0x2c Drivers/BSP/Components/LSM6DSM_ACC_GYRO_driver_HL.o
 .text.LSM6DSM_X_Set_Tap_Duration_Time
                0x0800e324       0x2c Drivers/BSP/Components/LSM6DSM_ACC_GYRO_driver_HL.o
 .text.LSM6DSM_X_Enable_6D_Orientation
                0x0800e350       0x74 Drivers/BSP/Components/LSM6DSM_ACC_GYRO_driver_HL.o
 .text.LSM6DSM_X_Disable_6D_Orientation
                0x0800e3c4       0x48 Drivers/BSP/Components/LSM6DSM_ACC_GYRO_driver_HL.o
 .text.LSM6DSM_X_Get_6D_Orientation_Status
                0x0800e40c       0x48 Drivers/BSP/Components/LSM6DSM_ACC_GYRO_driver_HL.o
 .text.LSM6DSM_X_Get_6D_Orientation_XL
                0x0800e454       0x48 Drivers/BSP/Components/LSM6DSM_ACC_GYRO_driver_HL.o
 .text.LSM6DSM_X_Get_6D_Orientation_XH
                0x0800e49c       0x48 Drivers/BSP/Components/LSM6DSM_ACC_GYRO_driver_HL.o
 .text.LSM6DSM_X_Get_6D_Orientation_YL
                0x0800e4e4       0x48 Drivers/BSP/Components/LSM6DSM_ACC_GYRO_driver_HL.o
 .text.LSM6DSM_X_Get_6D_Orientation_YH
                0x0800e52c       0x48 Drivers/BSP/Components/LSM6DSM_ACC_GYRO_driver_HL.o
 .text.LSM6DSM_X_Get_6D_Orientation_ZL
                0x0800e574       0x48 Drivers/BSP/Components/LSM6DSM_ACC_GYRO_driver_HL.o
 .text.LSM6DSM_X_Get_6D_Orientation_ZH
                0x0800e5bc       0x48 Drivers/BSP/Components/LSM6DSM_ACC_GYRO_driver_HL.o
 .text.LSM6DSM_X_Read_Reg
                0x0800e604       0x30 Drivers/BSP/Components/LSM6DSM_ACC_GYRO_driver_HL.o
 .text.LSM6DSM_X_Write_Reg
                0x0800e634       0x30 Drivers/BSP/Components/LSM6DSM_ACC_GYRO_driver_HL.o
 .text.LSM6DSM_X_Get_DRDY_Status
                0x0800e664       0x48 Drivers/BSP/Components/LSM6DSM_ACC_GYRO_driver_HL.o
 .text.LSM6DSM_G_Read_Reg
                0x0800e6ac       0x30 Drivers/BSP/Components/LSM6DSM_ACC_GYRO_driver_HL.o
 .text.LSM6DSM_G_Write_Reg
                0x0800e6dc       0x30 Drivers/BSP/Components/LSM6DSM_ACC_GYRO_driver_HL.o
 .text.LSM6DSM_G_Get_DRDY_Status
                0x0800e70c       0x48 Drivers/BSP/Components/LSM6DSM_ACC_GYRO_driver_HL.o
 .text.STC3115_Init
                0x0800e754      0x254 Drivers/BSP/Components/STC3115_Driver.o
 .text.STC3115_DeInit
                0x0800e9a8       0x1c Drivers/BSP/Components/STC3115_Driver.o
 .text.STC3115_Get_WhoAmI
                0x0800e9c4       0x2c Drivers/BSP/Components/STC3115_Driver.o
 .text.STC3115_Task
                0x0800e9f0      0x2a8 Drivers/BSP/Components/STC3115_Driver.o
 .text.STC3115_Reset
                0x0800ec98       0x54 Drivers/BSP/Components/STC3115_Driver.o
 .text.STC3115_Stop
                0x0800ecec       0x50 Drivers/BSP/Components/STC3115_Driver.o
 .text.STC3115_GetSOC
                0x0800ed3c       0x38 Drivers/BSP/Components/STC3115_Driver.o
 .text.STC3115_GetOCV
                0x0800ed74       0x28 Drivers/BSP/Components/STC3115_Driver.o
 .text.STC3115_GetCurrent
                0x0800ed9c       0x24 Drivers/BSP/Components/STC3115_Driver.o
 .text.STC3115_GetTemperature
                0x0800edc0       0x24 Drivers/BSP/Components/STC3115_Driver.o
 .text.STC3115_GetVoltage
                0x0800ede4       0x28 Drivers/BSP/Components/STC3115_Driver.o
 .text.STC3115_GetChargeValue
                0x0800ee0c       0x28 Drivers/BSP/Components/STC3115_Driver.o
 .text.STC3115_GetPresence
                0x0800ee34       0x28 Drivers/BSP/Components/STC3115_Driver.o
 .text.STC3115_GetAlarmStatus
                0x0800ee5c       0x2c Drivers/BSP/Components/STC3115_Driver.o
 .text.STC3115_Status
                0x0800ee88       0x54 Drivers/BSP/Components/STC3115_Driver.o
 .text.STC3115_CalcRamCRC8
                0x0800eedc       0x6c Drivers/BSP/Components/STC3115_Driver.o
 .text.STC3115_UpdateRamCRC
                0x0800ef48       0x30 Drivers/BSP/Components/STC3115_Driver.o
 .text.STC3115_InitRamData
                0x0800ef78       0x5c Drivers/BSP/Components/STC3115_Driver.o
 .text.STC3115_WriteRamData
                0x0800efd4       0x2c Drivers/BSP/Components/STC3115_Driver.o
 .text.STC3115_ReadRamData
                0x0800f000       0x2c Drivers/BSP/Components/STC3115_Driver.o
 .text.STC3115_ReadBatteryData
                0x0800f02c      0x158 Drivers/BSP/Components/STC3115_Driver.o
 .text.STC3115_Restore
                0x0800f184       0x60 Drivers/BSP/Components/STC3115_Driver.o
 .text.STC3115_Powerdown
                0x0800f1e4       0x44 Drivers/BSP/Components/STC3115_Driver.o
 .text.STC3115_conv
                0x0800f228       0x38 Drivers/BSP/Components/STC3115_Driver.o
 .text.STC3115_Startup
                0x0800f260       0x48 Drivers/BSP/Components/STC3115_Driver.o
 .text.STC3115_Read
                0x0800f2a8       0x38 Drivers/BSP/Components/STC3115_Driver.o
 .text.STC3115_Write
                0x0800f2e0       0x38 Drivers/BSP/Components/STC3115_Driver.o
 .text.STC3115_ReadWord
                0x0800f318       0x3c Drivers/BSP/Components/STC3115_Driver.o
 .text.STC3115_WriteWord
                0x0800f354       0x38 Drivers/BSP/Components/STC3115_Driver.o
 .text.STC3115_SetParam
                0x0800f38c      0x128 Drivers/BSP/Components/STC3115_Driver.o
 .text.BSP_LED_Init
                0x0800f4b4       0xa0 Drivers/BSP/SensorTile/SensorTile.o
                0x0800f4b4                BSP_LED_Init
 .text.BSP_LED_On
                0x0800f554       0x5c Drivers/BSP/SensorTile/SensorTile.o
                0x0800f554                BSP_LED_On
 .text.BSP_LED_Off
                0x0800f5b0       0x5c Drivers/BSP/SensorTile/SensorTile.o
                0x0800f5b0                BSP_LED_Off
 .text.Sensor_IO_I2C_Init
                0x0800f60c       0x18 Drivers/BSP/SensorTile/SensorTile.o
                0x0800f60c                Sensor_IO_I2C_Init
 .text.Sensor_IO_SPI_Init
                0x0800f624      0x118 Drivers/BSP/SensorTile/SensorTile.o
                0x0800f624                Sensor_IO_SPI_Init
 .text.Sensor_IO_SPI_CS_Init_All
                0x0800f73c      0x124 Drivers/BSP/SensorTile/SensorTile.o
                0x0800f73c                Sensor_IO_SPI_CS_Init_All
 .text.Sensor_IO_SPI_CS_Init
                0x0800f860      0x12c Drivers/BSP/SensorTile/SensorTile.o
                0x0800f860                Sensor_IO_SPI_CS_Init
 .text.Sensor_IO_Write
                0x0800f98c       0x84 Drivers/BSP/SensorTile/SensorTile.o
                0x0800f98c                Sensor_IO_Write
 .text.Sensor_IO_I2C_Write
                0x0800fa10       0x30 Drivers/BSP/SensorTile/SensorTile.o
                0x0800fa10                Sensor_IO_I2C_Write
 .text.Sensor_IO_Read
                0x0800fa40       0x84 Drivers/BSP/SensorTile/SensorTile.o
                0x0800fa40                Sensor_IO_Read
 .text.Sensor_IO_I2C_Read
                0x0800fac4       0x30 Drivers/BSP/SensorTile/SensorTile.o
                0x0800fac4                Sensor_IO_I2C_Read
 .text.Sensor_IO_SPI_Write
                0x0800faf4       0x60 Drivers/BSP/SensorTile/SensorTile.o
                0x0800faf4                Sensor_IO_SPI_Write
 .text.Sensor_IO_SPI_Read
                0x0800fb54       0x9c Drivers/BSP/SensorTile/SensorTile.o
                0x0800fb54                Sensor_IO_SPI_Read
 .text.Sensor_IO_SPI_CS_Enable
                0x0800fbf0       0x74 Drivers/BSP/SensorTile/SensorTile.o
                0x0800fbf0                Sensor_IO_SPI_CS_Enable
 .text.Sensor_IO_SPI_CS_Disable
                0x0800fc64       0x74 Drivers/BSP/SensorTile/SensorTile.o
                0x0800fc64                Sensor_IO_SPI_CS_Disable
 .text.LSM6DSM_Sensor_IO_ITConfig
                0x0800fcd8       0x5c Drivers/BSP/SensorTile/SensorTile.o
                0x0800fcd8                LSM6DSM_Sensor_IO_ITConfig
 .text.SPI_Read
                0x0800fd34       0x70 Drivers/BSP/SensorTile/SensorTile.o
                0x0800fd34                SPI_Read
 .text.SPI_Read_nBytes
                0x0800fda4       0xa4 Drivers/BSP/SensorTile/SensorTile.o
                0x0800fda4                SPI_Read_nBytes
 .text.SPI_Write
                0x0800fe48       0x54 Drivers/BSP/SensorTile/SensorTile.o
                0x0800fe48                SPI_Write
 .text.I2C_SENSORTILE_Init
                0x0800fe9c       0x54 Drivers/BSP/SensorTile/SensorTile.o
 .text.I2C_SENSORTILE_WriteData
                0x0800fef0       0x60 Drivers/BSP/SensorTile/SensorTile.o
 .text.I2C_SENSORTILE_ReadData
                0x0800ff50       0x60 Drivers/BSP/SensorTile/SensorTile.o
 .text.I2C_SENSORTILE_Error
                0x0800ffb0       0x20 Drivers/BSP/SensorTile/SensorTile.o
 .text.I2C_SENSORTILE_MspInit
                0x0800ffd0       0xc0 Drivers/BSP/SensorTile/SensorTile.o
 .text.SD_IO_SPI_MspInit
                0x08010090       0xc0 Drivers/BSP/SensorTile/SensorTile.o
 .text.SD_IO_SPI_Init_LS
                0x08010150       0x78 Drivers/BSP/SensorTile/SensorTile.o
 .text.SD_IO_SPI_Init
                0x080101c8       0x78 Drivers/BSP/SensorTile/SensorTile.o
 .text.SD_IO_SPI_Read
                0x08010240       0x48 Drivers/BSP/SensorTile/SensorTile.o
 .text.SD_IO_SPI_Write
                0x08010288       0x3c Drivers/BSP/SensorTile/SensorTile.o
 .text.SD_IO_SPI_Error
                0x080102c4       0x18 Drivers/BSP/SensorTile/SensorTile.o
 .text.SD_IO_Init
                0x080102dc       0x40 Drivers/BSP/SensorTile/SensorTile.o
                0x080102dc                SD_IO_Init
 .text.SD_IO_Init_LS
                0x0801031c       0x40 Drivers/BSP/SensorTile/SensorTile.o
                0x0801031c                SD_IO_Init_LS
 .text.SD_IO_CS_Init
                0x0801035c       0x4c Drivers/BSP/SensorTile/SensorTile.o
                0x0801035c                SD_IO_CS_Init
 .text.SD_IO_CS_DeInit
                0x080103a8       0x30 Drivers/BSP/SensorTile/SensorTile.o
                0x080103a8                SD_IO_CS_DeInit
 .text.SD_IO_WriteByte
                0x080103d8       0x1c Drivers/BSP/SensorTile/SensorTile.o
                0x080103d8                SD_IO_WriteByte
 .text.SD_IO_ReadByte
                0x080103f4       0x1c Drivers/BSP/SensorTile/SensorTile.o
                0x080103f4                SD_IO_ReadByte
 .text.SD_IO_WriteCmd_wResp
                0x08010410       0xa0 Drivers/BSP/SensorTile/SensorTile.o
                0x08010410                SD_IO_WriteCmd_wResp
 .text.SD_IO_WriteCmd
                0x080104b0       0x98 Drivers/BSP/SensorTile/SensorTile.o
                0x080104b0                SD_IO_WriteCmd
 .text.SD_IO_WaitResponse
                0x08010548       0x40 Drivers/BSP/SensorTile/SensorTile.o
                0x08010548                SD_IO_WaitResponse
 .text.SD_IO_WriteDummy
                0x08010588       0x20 Drivers/BSP/SensorTile/SensorTile.o
                0x08010588                SD_IO_WriteDummy
 .text.BSP_ACCELERO_Init
                0x080105a8       0x70 Drivers/BSP/SensorTile/SensorTile_accelero.o
                0x080105a8                BSP_ACCELERO_Init
 .text.BSP_LSM6DSM_ACCELERO_Init
                0x08010618      0x140 Drivers/BSP/SensorTile/SensorTile_accelero.o
 .text.BSP_LSM303AGR_ACCELERO_Init
                0x08010758      0x128 Drivers/BSP/SensorTile/SensorTile_accelero.o
 .text.BSP_ACCELERO_Sensor_Enable
                0x08010880       0x48 Drivers/BSP/SensorTile/SensorTile_accelero.o
                0x08010880                BSP_ACCELERO_Sensor_Enable
 .text.BSP_ACCELERO_IsInitialized
                0x080108c8       0x38 Drivers/BSP/SensorTile/SensorTile_accelero.o
                0x080108c8                BSP_ACCELERO_IsInitialized
 .text.BSP_ACCELERO_Get_Instance
                0x08010900       0x38 Drivers/BSP/SensorTile/SensorTile_accelero.o
                0x08010900                BSP_ACCELERO_Get_Instance
 .text.BSP_ACCELERO_Get_WhoAmI
                0x08010938       0x4c Drivers/BSP/SensorTile/SensorTile_accelero.o
                0x08010938                BSP_ACCELERO_Get_WhoAmI
 .text.BSP_ACCELERO_Get_Axes
                0x08010984       0x58 Drivers/BSP/SensorTile/SensorTile_accelero.o
                0x08010984                BSP_ACCELERO_Get_Axes
 .text.BSP_ACCELERO_Get_ODR
                0x080109dc       0x58 Drivers/BSP/SensorTile/SensorTile_accelero.o
                0x080109dc                BSP_ACCELERO_Get_ODR
 .text.BSP_ACCELERO_Get_FS
                0x08010a34       0x58 Drivers/BSP/SensorTile/SensorTile_accelero.o
                0x08010a34                BSP_ACCELERO_Get_FS
 .text.BSP_ACCELERO_Enable_Double_Tap_Detection_Ext
                0x08010a8c       0x54 Drivers/BSP/SensorTile/SensorTile_accelero.o
                0x08010a8c                BSP_ACCELERO_Enable_Double_Tap_Detection_Ext
 .text.BSP_ACCELERO_Get_Double_Tap_Detection_Status_Ext
                0x08010ae0       0x60 Drivers/BSP/SensorTile/SensorTile_accelero.o
                0x08010ae0                BSP_ACCELERO_Get_Double_Tap_Detection_Status_Ext
 .text.BSP_ACCELERO_Set_Tap_Threshold_Ext
                0x08010b40       0x5c Drivers/BSP/SensorTile/SensorTile_accelero.o
                0x08010b40                BSP_ACCELERO_Set_Tap_Threshold_Ext
 .text.BSP_GG_Init
                0x08010b9c       0xe8 Drivers/BSP/SensorTile/SensorTile_gg.o
                0x08010b9c                BSP_GG_Init
 .text.BSP_GG_IsInitialized
                0x08010c84       0x38 Drivers/BSP/SensorTile/SensorTile_gg.o
                0x08010c84                BSP_GG_IsInitialized
 .text.BSP_GG_Task
                0x08010cbc       0x44 Drivers/BSP/SensorTile/SensorTile_gg.o
                0x08010cbc                BSP_GG_Task
 .text.BSP_GG_GetSOC
                0x08010d00       0x44 Drivers/BSP/SensorTile/SensorTile_gg.o
                0x08010d00                BSP_GG_GetSOC
 .text.BSP_GG_GetVoltage
                0x08010d44       0x44 Drivers/BSP/SensorTile/SensorTile_gg.o
                0x08010d44                BSP_GG_GetVoltage
 .text.BSP_GYRO_Init
                0x08010d88       0x4c Drivers/BSP/SensorTile/SensorTile_gyro.o
                0x08010d88                BSP_GYRO_Init
 .text.BSP_LSM6DSM_GYRO_Init
                0x08010dd4      0x138 Drivers/BSP/SensorTile/SensorTile_gyro.o
 .text.BSP_GYRO_Sensor_Enable
                0x08010f0c       0x48 Drivers/BSP/SensorTile/SensorTile_gyro.o
                0x08010f0c                BSP_GYRO_Sensor_Enable
 .text.BSP_GYRO_IsInitialized
                0x08010f54       0x38 Drivers/BSP/SensorTile/SensorTile_gyro.o
                0x08010f54                BSP_GYRO_IsInitialized
 .text.BSP_GYRO_Get_Instance
                0x08010f8c       0x38 Drivers/BSP/SensorTile/SensorTile_gyro.o
                0x08010f8c                BSP_GYRO_Get_Instance
 .text.BSP_GYRO_Get_WhoAmI
                0x08010fc4       0x58 Drivers/BSP/SensorTile/SensorTile_gyro.o
                0x08010fc4                BSP_GYRO_Get_WhoAmI
 .text.BSP_GYRO_Get_Axes
                0x0801101c       0x58 Drivers/BSP/SensorTile/SensorTile_gyro.o
                0x0801101c                BSP_GYRO_Get_Axes
 .text.BSP_GYRO_Get_ODR
                0x08011074       0x58 Drivers/BSP/SensorTile/SensorTile_gyro.o
                0x08011074                BSP_GYRO_Get_ODR
 .text.BSP_GYRO_Get_FS
                0x080110cc       0x58 Drivers/BSP/SensorTile/SensorTile_gyro.o
                0x080110cc                BSP_GYRO_Get_FS
 .text.BSP_HUMIDITY_Init
                0x08011124       0x4c Drivers/BSP/SensorTile/SensorTile_humidity.o
                0x08011124                BSP_HUMIDITY_Init
 .text.BSP_HTS221_HUMIDITY_Init
                0x08011170       0xec Drivers/BSP/SensorTile/SensorTile_humidity.o
 .text.BSP_HUMIDITY_Sensor_Enable
                0x0801125c       0x48 Drivers/BSP/SensorTile/SensorTile_humidity.o
                0x0801125c                BSP_HUMIDITY_Sensor_Enable
 .text.BSP_HUMIDITY_IsInitialized
                0x080112a4       0x38 Drivers/BSP/SensorTile/SensorTile_humidity.o
                0x080112a4                BSP_HUMIDITY_IsInitialized
 .text.BSP_HUMIDITY_Get_Instance
                0x080112dc       0x38 Drivers/BSP/SensorTile/SensorTile_humidity.o
                0x080112dc                BSP_HUMIDITY_Get_Instance
 .text.BSP_HUMIDITY_Get_WhoAmI
                0x08011314       0x58 Drivers/BSP/SensorTile/SensorTile_humidity.o
                0x08011314                BSP_HUMIDITY_Get_WhoAmI
 .text.BSP_HUMIDITY_Get_Hum
                0x0801136c       0x58 Drivers/BSP/SensorTile/SensorTile_humidity.o
                0x0801136c                BSP_HUMIDITY_Get_Hum
 .text.BSP_HUMIDITY_Get_ODR
                0x080113c4       0x58 Drivers/BSP/SensorTile/SensorTile_humidity.o
                0x080113c4                BSP_HUMIDITY_Get_ODR
 .text.BSP_MAGNETO_Init
                0x0801141c       0x4c Drivers/BSP/SensorTile/SensorTile_magneto.o
                0x0801141c                BSP_MAGNETO_Init
 .text.BSP_LSM303AGR_MAGNETO_Init
                0x08011468      0x138 Drivers/BSP/SensorTile/SensorTile_magneto.o
 .text.BSP_MAGNETO_Sensor_Enable
                0x080115a0       0x48 Drivers/BSP/SensorTile/SensorTile_magneto.o
                0x080115a0                BSP_MAGNETO_Sensor_Enable
 .text.BSP_MAGNETO_IsInitialized
                0x080115e8       0x38 Drivers/BSP/SensorTile/SensorTile_magneto.o
                0x080115e8                BSP_MAGNETO_IsInitialized
 .text.BSP_MAGNETO_Get_Instance
                0x08011620       0x38 Drivers/BSP/SensorTile/SensorTile_magneto.o
                0x08011620                BSP_MAGNETO_Get_Instance
 .text.BSP_MAGNETO_Get_WhoAmI
                0x08011658       0x58 Drivers/BSP/SensorTile/SensorTile_magneto.o
                0x08011658                BSP_MAGNETO_Get_WhoAmI
 .text.BSP_MAGNETO_Get_Axes
                0x080116b0       0x58 Drivers/BSP/SensorTile/SensorTile_magneto.o
                0x080116b0                BSP_MAGNETO_Get_Axes
 .text.BSP_MAGNETO_Get_ODR
                0x08011708       0x58 Drivers/BSP/SensorTile/SensorTile_magneto.o
                0x08011708                BSP_MAGNETO_Get_ODR
 .text.BSP_MAGNETO_Get_FS
                0x08011760       0x58 Drivers/BSP/SensorTile/SensorTile_magneto.o
                0x08011760                BSP_MAGNETO_Get_FS
 .text.BSP_PRESSURE_Init
                0x080117b8       0x4c Drivers/BSP/SensorTile/SensorTile_pressure.o
                0x080117b8                BSP_PRESSURE_Init
 .text.BSP_LPS22HB_PRESSURE_Init
                0x08011804      0x170 Drivers/BSP/SensorTile/SensorTile_pressure.o
 .text.BSP_PRESSURE_Sensor_Enable
                0x08011974       0x48 Drivers/BSP/SensorTile/SensorTile_pressure.o
                0x08011974                BSP_PRESSURE_Sensor_Enable
 .text.BSP_PRESSURE_IsInitialized
                0x080119bc       0x38 Drivers/BSP/SensorTile/SensorTile_pressure.o
                0x080119bc                BSP_PRESSURE_IsInitialized
 .text.BSP_PRESSURE_Get_Instance
                0x080119f4       0x38 Drivers/BSP/SensorTile/SensorTile_pressure.o
                0x080119f4                BSP_PRESSURE_Get_Instance
 .text.BSP_PRESSURE_Get_WhoAmI